Archive member included to satisfy reference by file (symbol)

C:/ST/STM32CubeIDE_1.16.1/STM32CubeIDE/plugins/com.st.stm32cube.ide.mcu.externaltools.gnu-tools-for-stm32.13.3.rel1.win32_1.0.0.202411081344/tools/bin/../lib/gcc/arm-none-eabi/13.3.1/../../../../arm-none-eabi/lib/thumb/v7e-m+fp/hard\libc_nano.a(libc_a-exit.o)
                              C:/ST/STM32CubeIDE_1.16.1/STM32CubeIDE/plugins/com.st.stm32cube.ide.mcu.externaltools.gnu-tools-for-stm32.13.3.rel1.win32_1.0.0.202411081344/tools/bin/../lib/gcc/arm-none-eabi/13.3.1/../../../../arm-none-eabi/lib/thumb/v7e-m+fp/hard/crt0.o (exit)
C:/ST/STM32CubeIDE_1.16.1/STM32CubeIDE/plugins/com.st.stm32cube.ide.mcu.externaltools.gnu-tools-for-stm32.13.3.rel1.win32_1.0.0.202411081344/tools/bin/../lib/gcc/arm-none-eabi/13.3.1/../../../../arm-none-eabi/lib/thumb/v7e-m+fp/hard\libc_nano.a(libc_a-findfp.o)
                              C:/ST/STM32CubeIDE_1.16.1/STM32CubeIDE/plugins/com.st.stm32cube.ide.mcu.externaltools.gnu-tools-for-stm32.13.3.rel1.win32_1.0.0.202411081344/tools/bin/../lib/gcc/arm-none-eabi/13.3.1/../../../../arm-none-eabi/lib/thumb/v7e-m+fp/hard\libc_nano.a(libc_a-exit.o) (__stdio_exit_handler)
C:/ST/STM32CubeIDE_1.16.1/STM32CubeIDE/plugins/com.st.stm32cube.ide.mcu.externaltools.gnu-tools-for-stm32.13.3.rel1.win32_1.0.0.202411081344/tools/bin/../lib/gcc/arm-none-eabi/13.3.1/../../../../arm-none-eabi/lib/thumb/v7e-m+fp/hard\libc_nano.a(libc_a-fwalk.o)
                              C:/ST/STM32CubeIDE_1.16.1/STM32CubeIDE/plugins/com.st.stm32cube.ide.mcu.externaltools.gnu-tools-for-stm32.13.3.rel1.win32_1.0.0.202411081344/tools/bin/../lib/gcc/arm-none-eabi/13.3.1/../../../../arm-none-eabi/lib/thumb/v7e-m+fp/hard\libc_nano.a(libc_a-findfp.o) (_fwalk_sglue)
C:/ST/STM32CubeIDE_1.16.1/STM32CubeIDE/plugins/com.st.stm32cube.ide.mcu.externaltools.gnu-tools-for-stm32.13.3.rel1.win32_1.0.0.202411081344/tools/bin/../lib/gcc/arm-none-eabi/13.3.1/../../../../arm-none-eabi/lib/thumb/v7e-m+fp/hard\libc_nano.a(libc_a-puts.o)
                              ./Drivers/vl53l0x/vl53l0x_tof.o (puts)
C:/ST/STM32CubeIDE_1.16.1/STM32CubeIDE/plugins/com.st.stm32cube.ide.mcu.externaltools.gnu-tools-for-stm32.13.3.rel1.win32_1.0.0.202411081344/tools/bin/../lib/gcc/arm-none-eabi/13.3.1/../../../../arm-none-eabi/lib/thumb/v7e-m+fp/hard\libc_nano.a(libc_a-sprintf.o)
                              ./Core/Src/main.o (sprintf)
C:/ST/STM32CubeIDE_1.16.1/STM32CubeIDE/plugins/com.st.stm32cube.ide.mcu.externaltools.gnu-tools-for-stm32.13.3.rel1.win32_1.0.0.202411081344/tools/bin/../lib/gcc/arm-none-eabi/13.3.1/../../../../arm-none-eabi/lib/thumb/v7e-m+fp/hard\libc_nano.a(libc_a-stdio.o)
                              C:/ST/STM32CubeIDE_1.16.1/STM32CubeIDE/plugins/com.st.stm32cube.ide.mcu.externaltools.gnu-tools-for-stm32.13.3.rel1.win32_1.0.0.202411081344/tools/bin/../lib/gcc/arm-none-eabi/13.3.1/../../../../arm-none-eabi/lib/thumb/v7e-m+fp/hard\libc_nano.a(libc_a-findfp.o) (__sread)
C:/ST/STM32CubeIDE_1.16.1/STM32CubeIDE/plugins/com.st.stm32cube.ide.mcu.externaltools.gnu-tools-for-stm32.13.3.rel1.win32_1.0.0.202411081344/tools/bin/../lib/gcc/arm-none-eabi/13.3.1/../../../../arm-none-eabi/lib/thumb/v7e-m+fp/hard\libc_nano.a(libc_a-wbuf.o)
                              C:/ST/STM32CubeIDE_1.16.1/STM32CubeIDE/plugins/com.st.stm32cube.ide.mcu.externaltools.gnu-tools-for-stm32.13.3.rel1.win32_1.0.0.202411081344/tools/bin/../lib/gcc/arm-none-eabi/13.3.1/../../../../arm-none-eabi/lib/thumb/v7e-m+fp/hard\libc_nano.a(libc_a-puts.o) (__swbuf_r)
C:/ST/STM32CubeIDE_1.16.1/STM32CubeIDE/plugins/com.st.stm32cube.ide.mcu.externaltools.gnu-tools-for-stm32.13.3.rel1.win32_1.0.0.202411081344/tools/bin/../lib/gcc/arm-none-eabi/13.3.1/../../../../arm-none-eabi/lib/thumb/v7e-m+fp/hard\libc_nano.a(libc_a-wsetup.o)
                              C:/ST/STM32CubeIDE_1.16.1/STM32CubeIDE/plugins/com.st.stm32cube.ide.mcu.externaltools.gnu-tools-for-stm32.13.3.rel1.win32_1.0.0.202411081344/tools/bin/../lib/gcc/arm-none-eabi/13.3.1/../../../../arm-none-eabi/lib/thumb/v7e-m+fp/hard\libc_nano.a(libc_a-puts.o) (__swsetup_r)
C:/ST/STM32CubeIDE_1.16.1/STM32CubeIDE/plugins/com.st.stm32cube.ide.mcu.externaltools.gnu-tools-for-stm32.13.3.rel1.win32_1.0.0.202411081344/tools/bin/../lib/gcc/arm-none-eabi/13.3.1/../../../../arm-none-eabi/lib/thumb/v7e-m+fp/hard\libc_nano.a(libc_a-memset.o)
                              C:/ST/STM32CubeIDE_1.16.1/STM32CubeIDE/plugins/com.st.stm32cube.ide.mcu.externaltools.gnu-tools-for-stm32.13.3.rel1.win32_1.0.0.202411081344/tools/bin/../lib/gcc/arm-none-eabi/13.3.1/../../../../arm-none-eabi/lib/thumb/v7e-m+fp/hard/crt0.o (memset)
C:/ST/STM32CubeIDE_1.16.1/STM32CubeIDE/plugins/com.st.stm32cube.ide.mcu.externaltools.gnu-tools-for-stm32.13.3.rel1.win32_1.0.0.202411081344/tools/bin/../lib/gcc/arm-none-eabi/13.3.1/../../../../arm-none-eabi/lib/thumb/v7e-m+fp/hard\libc_nano.a(libc_a-closer.o)
[...]
Memory Configuration

Name             Origin             Length             Attributes
RAM              0x20000000         0x00020000         xrw
FLASH            0x08000000         0x00080000         xr
*default*        0x00000000         0xffffffff

Linker script and memory map

LOAD C:/ST/STM32CubeIDE_1.16.1/STM32CubeIDE/plugins/com.st.stm32cube.ide.mcu.externaltools.gnu-tools-for-stm32.13.3.rel1.win32_1.0.0.202411081344/tools/bin/../lib/gcc/arm-none-eabi/13.3.1/thumb/v7e-m+fp/hard/crti.o
LOAD C:/ST/STM32CubeIDE_1.16.1/STM32CubeIDE/plugins/com.st.stm32cube.ide.mcu.externaltools.gnu-tools-for-stm32.13.3.rel1.win32_1.0.0.202411081344/tools/bin/../lib/gcc/arm-none-eabi/13.3.1/thumb/v7e-m+fp/hard/crtbegin.o
LOAD C:/ST/STM32CubeIDE_1.16.1/STM32CubeIDE/plugins/com.st.stm32cube.ide.mcu.externaltools.gnu-tools-for-stm32.13.3.rel1.win32_1.0.0.202411081344/tools/bin/../lib/gcc/arm-none-eabi/13.3.1/../../../../arm-none-eabi/lib/thumb/v7e-m+fp/hard/crt0.o
LOAD ./Core/Src/main.o
LOAD ./Core/Src/stm32f4xx_hal_msp.o
LOAD ./Core/Src/stm32f4xx_it.o
LOAD ./Core/Src/syscalls.o
LOAD ./Core/Src/sysmem.o
LOAD ./Core/Src/system_stm32f4xx.o
LOAD ./Core/Startup/startup_stm32f446retx.o
LOAD ./Drivers/STM32F4xx_HAL_Driver/Src/stm32f4xx_hal.o
LOAD ./Drivers/STM32F4xx_HAL_Driver/Src/stm32f4xx_hal_cortex.o
LOAD ./Drivers/STM32F4xx_HAL_Driver/Src/stm32f4xx_hal_dma.o
LOAD ./Drivers/STM32F4xx_HAL_Driver/Src/stm32f4xx_hal_dma_ex.o
LOAD ./Drivers/STM32F4xx_HAL_Driver/Src/stm32f4xx_hal_exti.o
LOAD ./Drivers/STM32F4xx_HAL_Driver/Src/stm32f4xx_hal_flash.o
LOAD ./Drivers/STM32F4xx_HAL_Driver/Src/stm32f4xx_hal_flash_ex.o
LOAD ./Drivers/STM32F4xx_HAL_Driver/Src/stm32f4xx_hal_flash_ramfunc.o
LOAD ./Drivers/STM32F4xx_HAL_Driver/Src/stm32f4xx_hal_gpio.o
LOAD ./Drivers/STM32F4xx_HAL_Driver/Src/stm32f4xx_hal_i2c.o
LOAD ./Drivers/STM32F4xx_HAL_Driver/Src/stm32f4xx_hal_i2c_ex.o
LOAD ./Drivers/STM32F4xx_HAL_Driver/Src/stm32f4xx_hal_pwr.o
LOAD ./Drivers/STM32F4xx_HAL_Driver/Src/stm32f4xx_hal_pwr_ex.o
LOAD ./Drivers/STM32F4xx_HAL_Driver/Src/stm32f4xx_hal_rcc.o
LOAD ./Drivers/STM32F4xx_HAL_Driver/Src/stm32f4xx_hal_rcc_ex.o
LOAD ./Drivers/STM32F4xx_HAL_Driver/Src/stm32f4xx_hal_uart.o
LOAD ./Drivers/vl53l0x/vl53l0x_api.o
LOAD ./Drivers/vl53l0x/vl53l0x_api_calibration.o
LOAD ./Drivers/vl53l0x/vl53l0x_api_core.o
LOAD ./Drivers/vl53l0x/vl53l0x_api_ranging.o
LOAD ./Drivers/vl53l0x/vl53l0x_api_strings.o
LOAD ./Drivers/vl53l0x/vl53l0x_platform_log.o
LOAD ./Drivers/vl53l0x/vl53l0x_tof.o
START GROUP
LOAD C:/ST/STM32CubeIDE_1.16.1/STM32CubeIDE/plugins/com.st.stm32cube.ide.mcu.externaltools.gnu-tools-for-stm32.13.3.rel1.win32_1.0.0.202411081344/tools/bin/../lib/gcc/arm-none-eabi/13.3.1/../../../../arm-none-eabi/lib/thumb/v7e-m+fp/hard\libc_nano.a
LOAD C:/ST/STM32CubeIDE_1.16.1/STM32CubeIDE/plugins/com.st.stm32cube.ide.mcu.externaltools.gnu-tools-for-stm32.13.3.rel1.win32_1.0.0.202411081344/tools/bin/../lib/gcc/arm-none-eabi/13.3.1/../../../../arm-none-eabi/lib/thumb/v7e-m+fp/hard\libm.a
END GROUP
START GROUP
LOAD C:/ST/STM32CubeIDE_1.16.1/STM32CubeIDE/plugins/com.st.stm32cube.ide.mcu.externaltools.gnu-tools-for-stm32.13.3.rel1.win32_1.0.0.202411081344/tools/bin/../lib/gcc/arm-none-eabi/13.3.1/thumb/v7e-m+fp/hard\libgcc.a
LOAD C:/ST/STM32CubeIDE_1.16.1/STM32CubeIDE/plugins/com.st.stm32cube.ide.mcu.externaltools.gnu-tools-for-stm32.13.3.rel1.win32_1.0.0.202411081344/tools/bin/../lib/gcc/arm-none-eabi/13.3.1/../../../../arm-none-eabi/lib/thumb/v7e-m+fp/hard\libc_nano.a
END GROUP
START GROUP
LOAD C:/ST/STM32CubeIDE_1.16.1/STM32CubeIDE/plugins/com.st.stm32cube.ide.mcu.externaltools.gnu-tools-for-stm32.13.3.rel1.win32_1.0.0.202411081344/tools/bin/../lib/gcc/arm-none-eabi/13.3.1/thumb/v7e-m+fp/hard\libgcc.a
LOAD C:/ST/STM32CubeIDE_1.16.1/STM32CubeIDE/plugins/com.st.stm32cube.ide.mcu.externaltools.gnu-tools-for-stm32.13.3.rel1.win32_1.0.0.202411081344/tools/bin/../lib/gcc/arm-none-eabi/13.3.1/../../../../arm-none-eabi/lib/thumb/v7e-m+fp/hard\libc_nano.a
LOAD C:/ST/STM32CubeIDE_1.16.1/STM32CubeIDE/plugins/com.st.stm32cube.ide.mcu.externaltools.gnu-tools-for-stm32.13.3.rel1.win32_1.0.0.202411081344/tools/bin/../lib/gcc/arm-none-eabi/13.3.1/../../../../arm-none-eabi/lib/thumb/v7e-m+fp/hard\libnosys.a
END GROUP
START GROUP
LOAD C:/ST/STM32CubeIDE_1.16.1/STM32CubeIDE/plugins/com.st.stm32cube.ide.mcu.externaltools.gnu-tools-for-stm32.13.3.rel1.win32_1.0.0.202411081344/tools/bin/../lib/gcc/arm-none-eabi/13.3.1/thumb/v7e-m+fp/hard\libgcc.a
LOAD C:/ST/STM32CubeIDE_1.16.1/STM32CubeIDE/plugins/com.st.stm32cube.ide.mcu.externaltools.gnu-tools-for-stm32.13.3.rel1.win32_1.0.0.202411081344/tools/bin/../lib/gcc/arm-none-eabi/13.3.1/../../../../arm-none-eabi/lib/thumb/v7e-m+fp/hard\libc_nano.a
LOAD C:/ST/STM32CubeIDE_1.16.1/STM32CubeIDE/plugins/com.st.stm32cube.ide.mcu.externaltools.gnu-tools-for-stm32.13.3.rel1.win32_1.0.0.202411081344/tools/bin/../lib/gcc/arm-none-eabi/13.3.1/../../../../arm-none-eabi/lib/thumb/v7e-m+fp/hard\libnosys.a
END GROUP
LOAD C:/ST/STM32CubeIDE_1.16.1/STM32CubeIDE/plugins/com.st.stm32cube.ide.mcu.externaltools.gnu-tools-for-stm32.13.3.rel1.win32_1.0.0.202411081344/tools/bin/../lib/gcc/arm-none-eabi/13.3.1/thumb/v7e-m+fp/hard/crtend.o
LOAD C:/ST/STM32CubeIDE_1.16.1/STM32CubeIDE/plugins/com.st.stm32cube.ide.mcu.externaltools.gnu-tools-for-stm32.13.3.rel1.win32_1.0.0.202411081344/tools/bin/../lib/gcc/arm-none-eabi/13.3.1/thumb/v7e-m+fp/hard/crtn.o
                0x20020000                        _estack = (ORIGIN (RAM) + LENGTH (RAM))
                0x00000200                        _Min_Heap_Size = 0x200
                0x00000400                        _Min_Stack_Size = 0x400

.isr_vector     0x08000000      0x1c4
                0x08000000                        . = ALIGN (0x4)
 *(.isr_vector)
 .isr_vector    0x08000000      0x1c4 ./Core/Startup/startup_stm32f446retx.o
                0x08000000                g_pfnVectors
                0x080001c4                        . = ALIGN (0x4)

.text           0x080001d0     0x88a4
                0x080001d0                        . = ALIGN (0x4)
 *(.text)
 .text          0x080001d0       0x40 C:/ST/STM32CubeIDE_1.16.1/STM32CubeIDE/plugins/com.st.stm32cube.ide.mcu.externaltools.gnu-tools-for-stm32.13.3.rel1.win32_1.0.0.202411081344/tools/bin/../lib/gcc/arm-none-eabi/13.3.1/thumb/v7e-m+fp/hard/crtbegin.o
 .text          0x08000210       0xa0 C:/ST/STM32CubeIDE_1.16.1/STM32CubeIDE/plugins/com.st.stm32cube.ide.mcu.externaltools.gnu-tools-for-stm32.13.3.rel1.win32_1.0.0.202411081344/tools/bin/../lib/gcc/arm-none-eabi/13.3.1/../../../../arm-none-eabi/lib/thumb/v7e-m+fp/hard\libc_nano.a(libc_a-memchr.o)
                0x08000210                memchr
 .text          0x080002b0       0x30 C:/ST/STM32CubeIDE_1.16.1/STM32CubeIDE/plugins/com.st.stm32cube.ide.mcu.externaltools.gnu-tools-for-stm32.13.3.rel1.win32_1.0.0.202411081344/tools/bin/../lib/gcc/arm-none-eabi/13.3.1/thumb/v7e-m+fp/hard\libgcc.a(_aeabi_uldivmod.o)
                0x080002b0                __aeabi_uldivmod
 .text          0x080002e0      0x2f8 C:/ST/STM32CubeIDE_1.16.1/STM32CubeIDE/plugins/com.st.stm32cube.ide.mcu.externaltools.gnu-tools-for-stm32.13.3.rel1.win32_1.0.0.202411081344/tools/bin/../lib/gcc/arm-none-eabi/13.3.1/thumb/v7e-m+fp/hard\libgcc.a(_udivmoddi4.o)
                0x080002e0                __udivmoddi4
 .text          0x080005d8        0x4 C:/ST/STM32CubeIDE_1.16.1/STM32CubeIDE/plugins/com.st.stm32cube.ide.mcu.externaltools.gnu-tools-for-stm32.13.3.rel1.win32_1.0.0.202411081344/tools/bin/../lib/gcc/arm-none-eabi/13.3.1/thumb/v7e-m+fp/hard\libgcc.a(_dvmd_tls.o)
                0x080005d8                __aeabi_idiv0
                0x080005d8                __aeabi_ldiv0
 *(.text*)
 .text.HAL_GPIO_EXTI_Callback
                0x080005dc       0x44 ./Core/Src/main.o
                0x080005dc                HAL_GPIO_EXTI_Callback
 .text.main     0x08000620      0x118 ./Core/Src/main.o
                0x08000620                main
 .text.SystemClock_Config
                0x08000738       0xdc ./Core/Src/main.o
                0x08000738                SystemClock_Config
 .text.MX_I2C1_Init
                0x08000814       0x5c ./Core/Src/main.o
 .text.MX_USART2_UART_Init
                0x08000870       0x54 ./Core/Src/main.o
 .text.MX_GPIO_Init
                0x080008c4      0x108 ./Core/Src/main.o
 .text.Error_Handler
                0x080009cc        0xc ./Core/Src/main.o
                0x080009cc                Error_Handler
 .text.HAL_MspInit
                0x080009d8       0x50 ./Core/Src/stm32f4xx_hal_msp.o
                0x080009d8                HAL_MspInit
 .text.HAL_I2C_MspInit
                0x08000a28       0x90 ./Core/Src/stm32f4xx_hal_msp.o
                0x08000a28                HAL_I2C_MspInit
 .text.HAL_UART_MspInit
                0x08000ab8       0x90 ./Core/Src/stm32f4xx_hal_msp.o
                0x08000ab8                HAL_UART_MspInit
 .text.NMI_Handler
                0x08000b48        0x8 ./Core/Src/stm32f4xx_it.o
                0x08000b48                NMI_Handler
 .text.HardFault_Handler
                0x08000b50        0x8 ./Core/Src/stm32f4xx_it.o
                0x08000b50                HardFault_Handler
 .text.MemManage_Handler
                0x08000b58        0x8 ./Core/Src/stm32f4xx_it.o
                0x08000b58                MemManage_Handler
 .text.BusFault_Handler
                0x08000b60        0x8 ./Core/Src/stm32f4xx_it.o
                0x08000b60                BusFault_Handler
 .text.UsageFault_Handler
                0x08000b68        0x8 ./Core/Src/stm32f4xx_it.o
                0x08000b68                UsageFault_Handler
 .text.SVC_Handler
                0x08000b70        0xe ./Core/Src/stm32f4xx_it.o
                0x08000b70                SVC_Handler
 .text.DebugMon_Handler
                0x08000b7e        0xe ./Core/Src/stm32f4xx_it.o
                0x08000b7e                DebugMon_Handler
 .text.PendSV_Handler
                0x08000b8c        0xe ./Core/Src/stm32f4xx_it.o
                0x08000b8c                PendSV_Handler
 .text.SysTick_Handler
                0x08000b9a        0xc ./Core/Src/stm32f4xx_it.o
                0x08000b9a                SysTick_Handler
 .text.EXTI9_5_IRQHandler
                0x08000ba6       0x10 ./Core/Src/stm32f4xx_it.o
                0x08000ba6                EXTI9_5_IRQHandler
 *fill*         0x08000bb6        0x2 
 .text._sbrk    0x08000bb8       0x6c ./Core/Src/sysmem.o
                0x08000bb8                _sbrk
 .text.SystemInit
                0x08000c24       0x24 ./Core/Src/system_stm32f4xx.o
                0x08000c24                SystemInit
 .text.Reset_Handler
                0x08000c48       0x50 ./Core/Startup/startup_stm32f446retx.o
                0x08000c48                Reset_Handler
 .text.Default_Handler
                0x08000c98        0x2 ./Core/Startup/startup_stm32f446retx.o
                0x08000c98                RTC_Alarm_IRQHandler
                0x08000c98                EXTI2_IRQHandler
                0x08000c98                TIM8_CC_IRQHandler
                0x08000c98                FMPI2C1_EV_IRQHandler
                0x08000c98                SPI4_IRQHandler
                0x08000c98                TIM1_CC_IRQHandler
                0x08000c98                DMA2_Stream5_IRQHandler
                0x08000c98                DMA1_Stream5_IRQHandler
                0x08000c98                PVD_IRQHandler
                0x08000c98                SDIO_IRQHandler
                0x08000c98                TAMP_STAMP_IRQHandler
                0x08000c98                CAN2_RX1_IRQHandler
                0x08000c98                EXTI3_IRQHandler
                0x08000c98                TIM8_TRG_COM_TIM14_IRQHandler
                0x08000c98                TIM1_UP_TIM10_IRQHandler
                0x08000c98                TIM8_UP_TIM13_IRQHandler
                0x08000c98                I2C3_ER_IRQHandler
                0x08000c98                EXTI0_IRQHandler
                0x08000c98                I2C2_EV_IRQHandler
                0x08000c98                DMA1_Stream2_IRQHandler
                0x08000c98                CAN1_RX0_IRQHandler
                0x08000c98                FPU_IRQHandler
                0x08000c98                OTG_HS_WKUP_IRQHandler
                0x08000c98                CAN2_SCE_IRQHandler
                0x08000c98                DMA2_Stream2_IRQHandler
                0x08000c98                SPI1_IRQHandler
                0x08000c98                TIM6_DAC_IRQHandler
                0x08000c98                TIM1_BRK_TIM9_IRQHandler
                0x08000c98                DCMI_IRQHandler
                0x08000c98                CAN2_RX0_IRQHandler
                0x08000c98                DMA2_Stream3_IRQHandler
                0x08000c98                SAI2_IRQHandler
                0x08000c98                USART6_IRQHandler
                0x08000c98                USART3_IRQHandler
                0x08000c98                CAN1_RX1_IRQHandler
                0x08000c98                UART5_IRQHandler
                0x08000c98                DMA2_Stream0_IRQHandler
                0x08000c98                TIM4_IRQHandler
                0x08000c98                QUADSPI_IRQHandler
                0x08000c98                I2C1_EV_IRQHandler
                0x08000c98                DMA1_Stream6_IRQHandler
                0x08000c98                DMA1_Stream1_IRQHandler
                0x08000c98                UART4_IRQHandler
                0x08000c98                TIM3_IRQHandler
                0x08000c98                RCC_IRQHandler
                0x08000c98                TIM8_BRK_TIM12_IRQHandler
                0x08000c98                Default_Handler
                0x08000c98                CEC_IRQHandler
                0x08000c98                EXTI15_10_IRQHandler
                0x08000c98                ADC_IRQHandler
                0x08000c98                DMA1_Stream7_IRQHandler
                0x08000c98                TIM7_IRQHandler
                0x08000c98                CAN2_TX_IRQHandler
                0x08000c98                TIM5_IRQHandler
                0x08000c98                DMA2_Stream7_IRQHandler
                0x08000c98                I2C3_EV_IRQHandler
                0x08000c98                RTC_WKUP_IRQHandler
                0x08000c98                SPDIF_RX_IRQHandler
                0x08000c98                SPI2_IRQHandler
                0x08000c98                OTG_HS_EP1_IN_IRQHandler
                0x08000c98                DMA1_Stream0_IRQHandler
                0x08000c98                CAN1_TX_IRQHandler
                0x08000c98                FMPI2C1_ER_IRQHandler
                0x08000c98                EXTI4_IRQHandler
                0x08000c98                OTG_HS_EP1_OUT_IRQHandler
                0x08000c98                WWDG_IRQHandler
                0x08000c98                TIM2_IRQHandler
                0x08000c98                OTG_FS_WKUP_IRQHandler
                0x08000c98                TIM1_TRG_COM_TIM11_IRQHandler
                0x08000c98                OTG_HS_IRQHandler
                0x08000c98                EXTI1_IRQHandler
                0x08000c98                USART2_IRQHandler
                0x08000c98                I2C2_ER_IRQHandler
                0x08000c98                DMA2_Stream1_IRQHandler
                0x08000c98                CAN1_SCE_IRQHandler
                0x08000c98                FLASH_IRQHandler
                0x08000c98                DMA2_Stream4_IRQHandler
                0x08000c98                USART1_IRQHandler
                0x08000c98                OTG_FS_IRQHandler
                0x08000c98                SPI3_IRQHandler
                0x08000c98                DMA1_Stream4_IRQHandler
                0x08000c98                I2C1_ER_IRQHandler
                0x08000c98                FMC_IRQHandler
                0x08000c98                DMA2_Stream6_IRQHandler
                0x08000c98                SAI1_IRQHandler
                0x08000c98                DMA1_Stream3_IRQHandler
 *fill*         0x08000c9a        0x2 
 .text.HAL_Init
                0x08000c9c       0x44 ./Drivers/STM32F4xx_HAL_Driver/Src/stm32f4xx_hal.o
                0x08000c9c                HAL_Init
 .text.HAL_InitTick
                0x08000ce0       0x60 ./Drivers/STM32F4xx_HAL_Driver/Src/stm32f4xx_hal.o
                0x08000ce0                HAL_InitTick
 .text.HAL_IncTick
                0x08000d40       0x28 ./Drivers/STM32F4xx_HAL_Driver/Src/stm32f4xx_hal.o
                0x08000d40                HAL_IncTick
 .text.HAL_GetTick
                0x08000d68       0x18 ./Drivers/STM32F4xx_HAL_Driver/Src/stm32f4xx_hal.o
                0x08000d68                HAL_GetTick
 .text.HAL_Delay
                0x08000d80       0x48 ./Drivers/STM32F4xx_HAL_Driver/Src/stm32f4xx_hal.o
                0x08000d80                HAL_Delay
 .text.__NVIC_SetPriorityGrouping
                0x08000dc8       0x48 ./Drivers/STM32F4xx_HAL_Driver/Src/stm32f4xx_hal_cortex.o
 .text.__NVIC_GetPriorityGrouping
                0x08000e10       0x1c ./Drivers/STM32F4xx_HAL_Driver/Src/stm32f4xx_hal_cortex.o
 .text.__NVIC_EnableIRQ
                0x08000e2c       0x3c ./Drivers/STM32F4xx_HAL_Driver/Src/stm32f4xx_hal_cortex.o
 .text.__NVIC_DisableIRQ
                0x08000e68       0x48 ./Drivers/STM32F4xx_HAL_Driver/Src/stm32f4xx_hal_cortex.o
 .text.__NVIC_SetPriority
                0x08000eb0       0x54 ./Drivers/STM32F4xx_HAL_Driver/Src/stm32f4xx_hal_cortex.o
 .text.NVIC_EncodePriority
                0x08000f04       0x66 ./Drivers/STM32F4xx_HAL_Driver/Src/stm32f4xx_hal_cortex.o
 *fill*         0x08000f6a        0x2 
 .text.SysTick_Config
                0x08000f6c       0x44 ./Drivers/STM32F4xx_HAL_Driver/Src/stm32f4xx_hal_cortex.o
 .text.HAL_NVIC_SetPriorityGrouping
                0x08000fb0       0x16 ./Drivers/STM32F4xx_HAL_Driver/Src/stm32f4xx_hal_cortex.o
                0x08000fb0                HAL_NVIC_SetPriorityGrouping
 .text.HAL_NVIC_SetPriority
                0x08000fc6       0x38 ./Drivers/STM32F4xx_HAL_Driver/Src/stm32f4xx_hal_cortex.o
                0x08000fc6                HAL_NVIC_SetPriority
 .text.HAL_NVIC_EnableIRQ
                0x08000ffe       0x1c ./Drivers/STM32F4xx_HAL_Driver/Src/stm32f4xx_hal_cortex.o
                0x08000ffe                HAL_NVIC_EnableIRQ
 .text.HAL_NVIC_DisableIRQ
                0x0800101a       0x1c ./Drivers/STM32F4xx_HAL_Driver/Src/stm32f4xx_hal_cortex.o
                0x0800101a                HAL_NVIC_DisableIRQ
 .text.HAL_SYSTICK_Config
                0x08001036       0x18 ./Drivers/STM32F4xx_HAL_Driver/Src/stm32f4xx_hal_cortex.o
                0x08001036                HAL_SYSTICK_Config
 *fill*         0x0800104e        0x2 
 .text.HAL_GPIO_Init
                0x08001050      0x328 ./Drivers/STM32F4xx_HAL_Driver/Src/stm32f4xx_hal_gpio.o
                0x08001050                HAL_GPIO_Init
 .text.HAL_GPIO_WritePin
                0x08001378       0x32 ./Drivers/STM32F4xx_HAL_Driver/Src/stm32f4xx_hal_gpio.o
                0x08001378                HAL_GPIO_WritePin
 *fill*         0x080013aa        0x2 
 .text.HAL_GPIO_EXTI_IRQHandler
                0x080013ac       0x30 ./Drivers/STM32F4xx_HAL_Driver/Src/stm32f4xx_hal_gpio.o
                0x080013ac                HAL_GPIO_EXTI_IRQHandler
 .text.HAL_I2C_Init
                0x080013dc      0x288 ./Drivers/STM32F4xx_HAL_Driver/Src/stm32f4xx_hal_i2c.o
                0x080013dc                HAL_I2C_Init
 .text.HAL_I2C_Master_Transmit
                0x08001664      0x1fc ./Drivers/STM32F4xx_HAL_Driver/Src/stm32f4xx_hal_i2c.o
                0x08001664                HAL_I2C_Master_Transmit
 .text.HAL_I2C_Master_Receive
                0x08001860      0x464 ./Drivers/STM32F4xx_HAL_Driver/Src/stm32f4xx_hal_i2c.o
                0x08001860                HAL_I2C_Master_Receive
 .text.I2C_MasterRequestWrite
                0x08001cc4      0x104 ./Drivers/STM32F4xx_HAL_Driver/Src/stm32f4xx_hal_i2c.o
 .text.I2C_MasterRequestRead
                0x08001dc8      0x19c ./Drivers/STM32F4xx_HAL_Driver/Src/stm32f4xx_hal_i2c.o
 .text.I2C_WaitOnFlagUntilTimeout
                0x08001f64       0xf4 ./Drivers/STM32F4xx_HAL_Driver/Src/stm32f4xx_hal_i2c.o
 .text.I2C_WaitOnMasterAddressFlagUntilTimeout
                0x08002058      0x140 ./Drivers/STM32F4xx_HAL_Driver/Src/stm32f4xx_hal_i2c.o
 .text.I2C_WaitOnTXEFlagUntilTimeout
                0x08002198       0x90 ./Drivers/STM32F4xx_HAL_Driver/Src/stm32f4xx_hal_i2c.o
 .text.I2C_WaitOnBTFFlagUntilTimeout
                0x08002228       0x90 ./Drivers/STM32F4xx_HAL_Driver/Src/stm32f4xx_hal_i2c.o
 .text.I2C_WaitOnRXNEFlagUntilTimeout
                0x080022b8       0xba ./Drivers/STM32F4xx_HAL_Driver/Src/stm32f4xx_hal_i2c.o
 .text.I2C_IsAcknowledgeFailed
                0x08002372       0x5e ./Drivers/STM32F4xx_HAL_Driver/Src/stm32f4xx_hal_i2c.o
 .text.HAL_RCC_ClockConfig
                0x080023d0      0x1cc ./Drivers/STM32F4xx_HAL_Driver/Src/stm32f4xx_hal_rcc.o
                0x080023d0                HAL_RCC_ClockConfig
 .text.HAL_RCC_GetHCLKFreq
                0x0800259c       0x18 ./Drivers/STM32F4xx_HAL_Driver/Src/stm32f4xx_hal_rcc.o
                0x0800259c                HAL_RCC_GetHCLKFreq
 .text.HAL_RCC_GetPCLK1Freq
                0x080025b4       0x28 ./Drivers/STM32F4xx_HAL_Driver/Src/stm32f4xx_hal_rcc.o
                0x080025b4                HAL_RCC_GetPCLK1Freq
 .text.HAL_RCC_GetPCLK2Freq
                0x080025dc       0x28 ./Drivers/STM32F4xx_HAL_Driver/Src/stm32f4xx_hal_rcc.o
                0x080025dc                HAL_RCC_GetPCLK2Freq
 .text.HAL_RCC_GetSysClockFreq
                0x08002604      0x460 ./Drivers/STM32F4xx_HAL_Driver/Src/stm32f4xx_hal_rcc_ex.o
                0x08002604                HAL_RCC_GetSysClockFreq
 .text.HAL_RCC_OscConfig
                0x08002a64      0x53c ./Drivers/STM32F4xx_HAL_Driver/Src/stm32f4xx_hal_rcc_ex.o
                0x08002a64                HAL_RCC_OscConfig
 .text.HAL_UART_Init
                0x08002fa0       0xa0 ./Drivers/STM32F4xx_HAL_Driver/Src/stm32f4xx_hal_uart.o
                0x08002fa0                HAL_UART_Init
 .text.HAL_UART_Transmit
                0x08003040      0x116 ./Drivers/STM32F4xx_HAL_Driver/Src/stm32f4xx_hal_uart.o
                0x08003040                HAL_UART_Transmit
 .text.UART_WaitOnFlagUntilTimeout
                0x08003156       0xb2 ./Drivers/STM32F4xx_HAL_Driver/Src/stm32f4xx_hal_uart.o
 .text.UART_EndRxTransfer
                0x08003208       0xc6 ./Drivers/STM32F4xx_HAL_Driver/Src/stm32f4xx_hal_uart.o
 *fill*         0x080032ce        0x2 
 .text.UART_SetConfig
                0x080032d0      0x4e8 ./Drivers/STM32F4xx_HAL_Driver/Src/stm32f4xx_hal_uart.o
 .text.VL53L0X_GetOffsetCalibrationDataMicroMeter
                0x080037b8       0x26 ./Drivers/vl53l0x/vl53l0x_api.o
                0x080037b8                VL53L0X_GetOffsetCalibrationDataMicroMeter
 *fill*         0x080037de        0x2 
 .text.VL53L0X_DataInit
                0x080037e0      0x214 ./Drivers/vl53l0x/vl53l0x_api.o
                0x080037e0                VL53L0X_DataInit
 .text.VL53L0X_StaticInit
                0x080039f4      0x300 ./Drivers/vl53l0x/vl53l0x_api.o
                0x080039f4                VL53L0X_StaticInit
 .text.VL53L0X_WaitDeviceBooted
                0x08003cf4       0x1c ./Drivers/vl53l0x/vl53l0x_api.o
                0x08003cf4                VL53L0X_WaitDeviceBooted
 .text.VL53L0X_GetDeviceParameters
                0x08003d10      0x120 ./Drivers/vl53l0x/vl53l0x_api.o
                0x08003d10                VL53L0X_GetDeviceParameters
 .text.VL53L0X_SetDeviceMode
                0x08003e30       0x58 ./Drivers/vl53l0x/vl53l0x_api.o
                0x08003e30                VL53L0X_SetDeviceMode
 .text.VL53L0X_GetDeviceMode
                0x08003e88       0x26 ./Drivers/vl53l0x/vl53l0x_api.o
                0x08003e88                VL53L0X_GetDeviceMode
 .text.VL53L0X_GetFractionEnable
                0x08003eae       0x3e ./Drivers/vl53l0x/vl53l0x_api.o
                0x08003eae                VL53L0X_GetFractionEnable
 .text.VL53L0X_SetMeasurementTimingBudgetMicroSeconds
                0x08003eec       0x26 ./Drivers/vl53l0x/vl53l0x_api.o
                0x08003eec                VL53L0X_SetMeasurementTimingBudgetMicroSeconds
 .text.VL53L0X_GetMeasurementTimingBudgetMicroSeconds
                0x08003f12       0x26 ./Drivers/vl53l0x/vl53l0x_api.o
                0x08003f12                VL53L0X_GetMeasurementTimingBudgetMicroSeconds
 .text.VL53L0X_GetVcselPulsePeriod
                0x08003f38       0x2e ./Drivers/vl53l0x/vl53l0x_api.o
                0x08003f38                VL53L0X_GetVcselPulsePeriod
 *fill*         0x08003f66        0x2 
 .text.VL53L0X_SetSequenceStepEnable
                0x08003f68      0x140 ./Drivers/vl53l0x/vl53l0x_api.o
                0x08003f68                VL53L0X_SetSequenceStepEnable
 .text.sequence_step_enabled
                0x080040a8       0xa4 ./Drivers/vl53l0x/vl53l0x_api.o
                0x080040a8                sequence_step_enabled
 .text.VL53L0X_GetSequenceStepEnables
                0x0800414c       0xb0 ./Drivers/vl53l0x/vl53l0x_api.o
                0x0800414c                VL53L0X_GetSequenceStepEnables
 .text.VL53L0X_GetSequenceStepTimeout
                0x080041fc       0x80 ./Drivers/vl53l0x/vl53l0x_api.o
                0x080041fc                VL53L0X_GetSequenceStepTimeout
 .text.VL53L0X_GetInterMeasurementPeriodMilliSeconds
                0x0800427c       0x68 ./Drivers/vl53l0x/vl53l0x_api.o
                0x0800427c                VL53L0X_GetInterMeasurementPeriodMilliSeconds
 .text.VL53L0X_GetXTalkCompensationEnable
                0x080042e4       0x2a ./Drivers/vl53l0x/vl53l0x_api.o
                0x080042e4                VL53L0X_GetXTalkCompensationEnable
 .text.VL53L0X_GetXTalkCompensationRateMegaCps
                0x0800430e       0x66 ./Drivers/vl53l0x/vl53l0x_api.o
                0x0800430e                VL53L0X_GetXTalkCompensationRateMegaCps
 .text.VL53L0X_SetLimitCheckEnable
                0x08004374      0x118 ./Drivers/vl53l0x/vl53l0x_api.o
                0x08004374                VL53L0X_SetLimitCheckEnable
 .text.VL53L0X_GetLimitCheckEnable
                0x0800448c       0x46 ./Drivers/vl53l0x/vl53l0x_api.o
                0x0800448c                VL53L0X_GetLimitCheckEnable
 *fill*         0x080044d2        0x2 
 .text.VL53L0X_SetLimitCheckValue
                0x080044d4       0xc4 ./Drivers/vl53l0x/vl53l0x_api.o
                0x080044d4                VL53L0X_SetLimitCheckValue
 .text.VL53L0X_GetLimitCheckValue
                0x08004598      0x11c ./Drivers/vl53l0x/vl53l0x_api.o
                0x08004598                VL53L0X_GetLimitCheckValue
 .text.VL53L0X_GetWrapAroundCheckEnable
                0x080046b4       0x64 ./Drivers/vl53l0x/vl53l0x_api.o
                0x080046b4                VL53L0X_GetWrapAroundCheckEnable
 .text.VL53L0X_PerformSingleMeasurement
                0x08004718       0x68 ./Drivers/vl53l0x/vl53l0x_api.o
                0x08004718                VL53L0X_PerformSingleMeasurement
 .text.VL53L0X_PerformRefCalibration
                0x08004780       0x2c ./Drivers/vl53l0x/vl53l0x_api.o
                0x08004780                VL53L0X_PerformRefCalibration
 .text.VL53L0X_CheckAndLoadInterruptSettings
                0x080047ac       0xcc ./Drivers/vl53l0x/vl53l0x_api.o
                0x080047ac                VL53L0X_CheckAndLoadInterruptSettings
 .text.VL53L0X_StartMeasurement
                0x08004878      0x118 ./Drivers/vl53l0x/vl53l0x_api.o
                0x08004878                VL53L0X_StartMeasurement
 .text.VL53L0X_GetMeasurementDataReady
                0x08004990       0x80 ./Drivers/vl53l0x/vl53l0x_api.o
                0x08004990                VL53L0X_GetMeasurementDataReady
 .text.VL53L0X_GetRangingMeasurementData
                0x08004a10      0x238 ./Drivers/vl53l0x/vl53l0x_api.o
                0x08004a10                VL53L0X_GetRangingMeasurementData
 .text.VL53L0X_PerformSingleRangingMeasurement
                0x08004c48       0x60 ./Drivers/vl53l0x/vl53l0x_api.o
                0x08004c48                VL53L0X_PerformSingleRangingMeasurement
 .text.VL53L0X_SetGpioConfig
                0x08004ca8      0x244 ./Drivers/vl53l0x/vl53l0x_api.o
                0x08004ca8                VL53L0X_SetGpioConfig
 .text.VL53L0X_GetInterruptThresholds
                0x08004eec       0x68 ./Drivers/vl53l0x/vl53l0x_api.o
                0x08004eec                VL53L0X_GetInterruptThresholds
 .text.VL53L0X_ClearInterruptMask
                0x08004f54       0x80 ./Drivers/vl53l0x/vl53l0x_api.o
                0x08004f54                VL53L0X_ClearInterruptMask
 .text.VL53L0X_GetInterruptMaskStatus
                0x08004fd4       0x44 ./Drivers/vl53l0x/vl53l0x_api.o
                0x08004fd4                VL53L0X_GetInterruptMaskStatus
 .text.VL53L0X_PerformRefSpadManagement
                0x08005018       0x2a ./Drivers/vl53l0x/vl53l0x_api.o
                0x08005018                VL53L0X_PerformRefSpadManagement
 .text.VL53L0X_get_offset_calibration_data_micro_meter
                0x08005042       0x7e ./Drivers/vl53l0x/vl53l0x_api_calibration.o
                0x08005042                VL53L0X_get_offset_calibration_data_micro_meter
 .text.get_next_good_spad
                0x080050c0       0xbc ./Drivers/vl53l0x/vl53l0x_api_calibration.o
                0x080050c0                get_next_good_spad
 .text.is_aperture
                0x0800517c       0x34 ./Drivers/vl53l0x/vl53l0x_api_calibration.o
                0x0800517c                is_aperture
 .text.enable_spad_bit
                0x080051b0       0x70 ./Drivers/vl53l0x/vl53l0x_api_calibration.o
                0x080051b0                enable_spad_bit
 .text.set_ref_spad_map
                0x08005220       0x26 ./Drivers/vl53l0x/vl53l0x_api_calibration.o
                0x08005220                set_ref_spad_map
 .text.get_ref_spad_map
                0x08005246       0x26 ./Drivers/vl53l0x/vl53l0x_api_calibration.o
                0x08005246                get_ref_spad_map
 .text.enable_ref_spads
                0x0800526c       0xf8 ./Drivers/vl53l0x/vl53l0x_api_calibration.o
                0x0800526c                enable_ref_spads
 .text.perform_ref_signal_measurement
                0x08005364       0xd4 ./Drivers/vl53l0x/vl53l0x_api_calibration.o
                0x08005364                perform_ref_signal_measurement
 .text.VL53L0X_perform_ref_spad_management
                0x08005438      0x418 ./Drivers/vl53l0x/vl53l0x_api_calibration.o
                0x08005438                VL53L0X_perform_ref_spad_management
 .text.VL53L0X_set_reference_spads
                0x08005850      0x14a ./Drivers/vl53l0x/vl53l0x_api_calibration.o
                0x08005850                VL53L0X_set_reference_spads
 .text.VL53L0X_perform_single_ref_calibration
                0x0800599a       0x76 ./Drivers/vl53l0x/vl53l0x_api_calibration.o
                0x0800599a                VL53L0X_perform_single_ref_calibration
 .text.VL53L0X_ref_calibration_io
                0x08005a10      0x132 ./Drivers/vl53l0x/vl53l0x_api_calibration.o
                0x08005a10                VL53L0X_ref_calibration_io
 .text.VL53L0X_perform_vhv_calibration
                0x08005b42       0xce ./Drivers/vl53l0x/vl53l0x_api_calibration.o
                0x08005b42                VL53L0X_perform_vhv_calibration
 .text.VL53L0X_perform_phase_calibration
                0x08005c10       0xca ./Drivers/vl53l0x/vl53l0x_api_calibration.o
                0x08005c10                VL53L0X_perform_phase_calibration
 .text.VL53L0X_perform_ref_calibration
                0x08005cda       0x7a ./Drivers/vl53l0x/vl53l0x_api_calibration.o
                0x08005cda                VL53L0X_perform_ref_calibration
 .text.VL53L0X_measurement_poll_for_completion
                0x08005d54       0x5e ./Drivers/vl53l0x/vl53l0x_api_core.o
                0x08005d54                VL53L0X_measurement_poll_for_completion
 .text.VL53L0X_decode_vcsel_period
                0x08005db2       0x26 ./Drivers/vl53l0x/vl53l0x_api_core.o
                0x08005db2                VL53L0X_decode_vcsel_period
 .text.VL53L0X_isqrt
                0x08005dd8       0x68 ./Drivers/vl53l0x/vl53l0x_api_core.o
                0x08005dd8                VL53L0X_isqrt
 .text.VL53L0X_device_read_strobe
                0x08005e40       0x82 ./Drivers/vl53l0x/vl53l0x_api_core.o
                0x08005e40                VL53L0X_device_read_strobe
 .text.VL53L0X_get_info_from_device
                0x08005ec2      0x99a ./Drivers/vl53l0x/vl53l0x_api_core.o
                0x08005ec2                VL53L0X_get_info_from_device
 .text.VL53L0X_calc_macro_period_ps
                0x0800685c       0x3c ./Drivers/vl53l0x/vl53l0x_api_core.o
                0x0800685c                VL53L0X_calc_macro_period_ps
 .text.VL53L0X_encode_timeout
                0x08006898       0x54 ./Drivers/vl53l0x/vl53l0x_api_core.o
                0x08006898                VL53L0X_encode_timeout
 .text.VL53L0X_decode_timeout
                0x080068ec       0x2c ./Drivers/vl53l0x/vl53l0x_api_core.o
                0x080068ec                VL53L0X_decode_timeout
 .text.VL53L0X_calc_timeout_mclks
                0x08006918       0x54 ./Drivers/vl53l0x/vl53l0x_api_core.o
                0x08006918                VL53L0X_calc_timeout_mclks
 .text.VL53L0X_calc_timeout_us
                0x0800696c       0x58 ./Drivers/vl53l0x/vl53l0x_api_core.o
                0x0800696c                VL53L0X_calc_timeout_us
 .text.get_sequence_step_timeout
                0x080069c4      0x1c0 ./Drivers/vl53l0x/vl53l0x_api_core.o
                0x080069c4                get_sequence_step_timeout
 .text.set_sequence_step_timeout
                0x08006b84      0x1e8 ./Drivers/vl53l0x/vl53l0x_api_core.o
                0x08006b84                set_sequence_step_timeout
 .text.VL53L0X_get_vcsel_pulse_period
                0x08006d6c       0x6e ./Drivers/vl53l0x/vl53l0x_api_core.o
                0x08006d6c                VL53L0X_get_vcsel_pulse_period
 .text.VL53L0X_set_measurement_timing_budget_micro_seconds
                0x08006dda      0x1c0 ./Drivers/vl53l0x/vl53l0x_api_core.o
                0x08006dda                VL53L0X_set_measurement_timing_budget_micro_seconds
 .text.VL53L0X_get_measurement_timing_budget_micro_seconds
                0x08006f9a      0x162 ./Drivers/vl53l0x/vl53l0x_api_core.o
                0x08006f9a                VL53L0X_get_measurement_timing_budget_micro_seconds
 .text.VL53L0X_load_tuning_settings
                0x080070fc      0x1c4 ./Drivers/vl53l0x/vl53l0x_api_core.o
                0x080070fc                VL53L0X_load_tuning_settings
 .text.VL53L0X_get_total_xtalk_rate
                0x080072c0       0x5e ./Drivers/vl53l0x/vl53l0x_api_core.o
                0x080072c0                VL53L0X_get_total_xtalk_rate
 .text.VL53L0X_get_total_signal_rate
                0x0800731e       0x4a ./Drivers/vl53l0x/vl53l0x_api_core.o
                0x0800731e                VL53L0X_get_total_signal_rate
 .text.VL53L0X_calc_dmax
                0x08007368      0x238 ./Drivers/vl53l0x/vl53l0x_api_core.o
                0x08007368                VL53L0X_calc_dmax
 .text.VL53L0X_calc_sigma_estimate
                0x080075a0      0x420 ./Drivers/vl53l0x/vl53l0x_api_core.o
                0x080075a0                VL53L0X_calc_sigma_estimate
 .text.VL53L0X_get_pal_range_status
                0x080079c0      0x3b6 ./Drivers/vl53l0x/vl53l0x_api_core.o
                0x080079c0                VL53L0X_get_pal_range_status
 .text._I2CWrite
                0x08007d76       0x3e ./Drivers/vl53l0x/vl53l0x_tof.o
                0x08007d76                _I2CWrite
 .text._I2CRead
                0x08007db4       0x44 ./Drivers/vl53l0x/vl53l0x_tof.o
                0x08007db4                _I2CRead
 .text.VL53L0X_RdByte
                0x08007df8       0x54 ./Drivers/vl53l0x/vl53l0x_tof.o
                0x08007df8                VL53L0X_RdByte
 .text.VL53L0X_WriteMulti
                0x08007e4c       0x60 ./Drivers/vl53l0x/vl53l0x_tof.o
                0x08007e4c                VL53L0X_WriteMulti
 .text.VL53L0X_ReadMulti
                0x08007eac       0x56 ./Drivers/vl53l0x/vl53l0x_tof.o
                0x08007eac                VL53L0X_ReadMulti
 *fill*         0x08007f02        0x2 
 .text.VL53L0X_RdWord
                0x08007f04       0x6c ./Drivers/vl53l0x/vl53l0x_tof.o
                0x08007f04                VL53L0X_RdWord
 .text.VL53L0X_RdDWord
                0x08007f70       0x78 ./Drivers/vl53l0x/vl53l0x_tof.o
                0x08007f70                VL53L0X_RdDWord
 .text.VL53L0X_WrByte
                0x08007fe8       0x48 ./Drivers/vl53l0x/vl53l0x_tof.o
                0x08007fe8                VL53L0X_WrByte
 .text.VL53L0X_WrWord
                0x08008030       0x54 ./Drivers/vl53l0x/vl53l0x_tof.o
                0x08008030                VL53L0X_WrWord
 .text.VL53L0X_UpdateByte
                0x08008084       0x68 ./Drivers/vl53l0x/vl53l0x_tof.o
                0x08008084                VL53L0X_UpdateByte
 .text.VL53L0X_PollingDelay
                0x080080ec       0x1e ./Drivers/vl53l0x/vl53l0x_tof.o
                0x080080ec                VL53L0X_PollingDelay
 *fill*         0x0800810a        0x2 
 .text.sprintf  0x0800810c       0x44 C:/ST/STM32CubeIDE_1.16.1/STM32CubeIDE/plugins/com.st.stm32cube.ide.mcu.externaltools.gnu-tools-for-stm32.13.3.rel1.win32_1.0.0.202411081344/tools/bin/../lib/gcc/arm-none-eabi/13.3.1/../../../../arm-none-eabi/lib/thumb/v7e-m+fp/hard\libc_nano.a(libc_a-sprintf.o)
                0x0800810c                siprintf
                0x0800810c                sprintf
 .text.memset   0x08008150       0x10 C:/ST/STM32CubeIDE_1.16.1/STM32CubeIDE/plugins/com.st.stm32cube.ide.mcu.externaltools.gnu-tools-for-stm32.13.3.rel1.win32_1.0.0.202411081344/tools/bin/../lib/gcc/arm-none-eabi/13.3.1/../../../../arm-none-eabi/lib/thumb/v7e-m+fp/hard\libc_nano.a(libc_a-memset.o)
                0x08008150                memset
 .text.__errno  0x08008160        0xc C:/ST/STM32CubeIDE_1.16.1/STM32CubeIDE/plugins/com.st.stm32cube.ide.mcu.externaltools.gnu-tools-for-stm32.13.3.rel1.win32_1.0.0.202411081344/tools/bin/../lib/gcc/arm-none-eabi/13.3.1/../../../../arm-none-eabi/lib/thumb/v7e-m+fp/hard\libc_nano.a(libc_a-errno.o)
                0x08008160                __errno
 .text.__libc_init_array
                0x0800816c       0x48 C:/ST/STM32CubeIDE_1.16.1/STM32CubeIDE/plugins/com.st.stm32cube.ide.mcu.externaltools.gnu-tools-for-stm32.13.3.rel1.win32_1.0.0.202411081344/tools/bin/../lib/gcc/arm-none-eabi/13.3.1/../../../../arm-none-eabi/lib/thumb/v7e-m+fp/hard\libc_nano.a(libc_a-init.o)
                0x0800816c                __libc_init_array
 .text.__retarget_lock_acquire_recursive
                0x080081b4        0x2 C:/ST/STM32CubeIDE_1.16.1/STM32CubeIDE/plugins/com.st.stm32cube.ide.mcu.externaltools.gnu-tools-for-stm32.13.3.rel1.win32_1.0.0.202411081344/tools/bin/../lib/gcc/arm-none-eabi/13.3.1/../../../../arm-none-eabi/lib/thumb/v7e-m+fp/hard\libc_nano.a(libc_a-lock.o)
                0x080081b4                __retarget_lock_acquire_recursive
 .text.__retarget_lock_release_recursive
                0x080081b6        0x2 C:/ST/STM32CubeIDE_1.16.1/STM32CubeIDE/plugins/com.st.stm32cube.ide.mcu.externaltools.gnu-tools-for-stm32.13.3.rel1.win32_1.0.0.202411081344/tools/bin/../lib/gcc/arm-none-eabi/13.3.1/../../../../arm-none-eabi/lib/thumb/v7e-m+fp/hard\libc_nano.a(libc_a-lock.o)
                0x080081b6                __retarget_lock_release_recursive
 .text.strcpy   0x080081b8       0x10 C:/ST/STM32CubeIDE_1.16.1/STM32CubeIDE/plugins/com.st.stm32cube.ide.mcu.externaltools.gnu-tools-for-stm32.13.3.rel1.win32_1.0.0.202411081344/tools/bin/../lib/gcc/arm-none-eabi/13.3.1/../../../../arm-none-eabi/lib/thumb/v7e-m+fp/hard\libc_nano.a(libc_a-strcpy.o)
                0x080081b8                strcpy
 .text.memcpy   0x080081c8       0x1c C:/ST/STM32CubeIDE_1.16.1/STM32CubeIDE/plugins/com.st.stm32cube.ide.mcu.externaltools.gnu-tools-for-stm32.13.3.rel1.win32_1.0.0.202411081344/tools/bin/../lib/gcc/arm-none-eabi/13.3.1/../../../../arm-none-eabi/lib/thumb/v7e-m+fp/hard\libc_nano.a(libc_a-memcpy-stub.o)
                0x080081c8                memcpy
 .text._free_r  0x080081e4       0x94 C:/ST/STM32CubeIDE_1.16.1/STM32CubeIDE/plugins/com.st.stm32cube.ide.mcu.externaltools.gnu-tools-for-stm32.13.3.rel1.win32_1.0.0.202411081344/tools/bin/../lib/gcc/arm-none-eabi/13.3.1/../../../../arm-none-eabi/lib/thumb/v7e-m+fp/hard\libc_nano.a(libc_a-freer.o)
                0x080081e4                _free_r
 .text.sbrk_aligned
                0x08008278       0x44 C:/ST/STM32CubeIDE_1.16.1/STM32CubeIDE/plugins/com.st.stm32cube.ide.mcu.externaltools.gnu-tools-for-stm32.13.3.rel1.win32_1.0.0.202411081344/tools/bin/../lib/gcc/arm-none-eabi/13.3.1/../../../../arm-none-eabi/lib/thumb/v7e-m+fp/hard\libc_nano.a(libc_a-mallocr.o)
 .text._malloc_r
                0x080082bc      0x100 C:/ST/STM32CubeIDE_1.16.1/STM32CubeIDE/plugins/com.st.stm32cube.ide.mcu.externaltools.gnu-tools-for-stm32.13.3.rel1.win32_1.0.0.202411081344/tools/bin/../lib/gcc/arm-none-eabi/13.3.1/../../../../arm-none-eabi/lib/thumb/v7e-m+fp/hard\libc_nano.a(libc_a-mallocr.o)
                0x080082bc                _malloc_r
 .text.__malloc_lock
                0x080083bc        0xc C:/ST/STM32CubeIDE_1.16.1/STM32CubeIDE/plugins/com.st.stm32cube.ide.mcu.externaltools.gnu-tools-for-stm32.13.3.rel1.win32_1.0.0.202411081344/tools/bin/../lib/gcc/arm-none-eabi/13.3.1/../../../../arm-none-eabi/lib/thumb/v7e-m+fp/hard\libc_nano.a(libc_a-mlock.o)
                0x080083bc                __malloc_lock
 .text.__malloc_unlock
                0x080083c8        0xc C:/ST/STM32CubeIDE_1.16.1/STM32CubeIDE/plugins/com.st.stm32cube.ide.mcu.externaltools.gnu-tools-for-stm32.13.3.rel1.win32_1.0.0.202411081344/tools/bin/../lib/gcc/arm-none-eabi/13.3.1/../../../../arm-none-eabi/lib/thumb/v7e-m+fp/hard\libc_nano.a(libc_a-mlock.o)
                0x080083c8                __malloc_unlock
 .text.__ssputs_r
                0x080083d4       0xb6 C:/ST/STM32CubeIDE_1.16.1/STM32CubeIDE/plugins/com.st.stm32cube.ide.mcu.externaltools.gnu-tools-for-stm32.13.3.rel1.win32_1.0.0.202411081344/tools/bin/../lib/gcc/arm-none-eabi/13.3.1/../../../../arm-none-eabi/lib/thumb/v7e-m+fp/hard\libc_nano.a(libc_a-nano-svfprintf.o)
                0x080083d4                __ssputs_r
 *fill*         0x0800848a        0x2 
 .text._svfprintf_r
                0x0800848c      0x1f8 C:/ST/STM32CubeIDE_1.16.1/STM32CubeIDE/plugins/com.st.stm32cube.ide.mcu.externaltools.gnu-tools-for-stm32.13.3.rel1.win32_1.0.0.202411081344/tools/bin/../lib/gcc/arm-none-eabi/13.3.1/../../../../arm-none-eabi/lib/thumb/v7e-m+fp/hard\libc_nano.a(libc_a-nano-svfprintf.o)
                0x0800848c                _svfiprintf_r
                0x0800848c                _svfprintf_r
 .text._printf_common
                0x08008684       0xda C:/ST/STM32CubeIDE_1.16.1/STM32CubeIDE/plugins/com.st.stm32cube.ide.mcu.externaltools.gnu-tools-for-stm32.13.3.rel1.win32_1.0.0.202411081344/tools/bin/../lib/gcc/arm-none-eabi/13.3.1/../../../../arm-none-eabi/lib/thumb/v7e-m+fp/hard\libc_nano.a(libc_a-nano-vfprintf_i.o)
                0x08008684                _printf_common
 *fill*         0x0800875e        0x2 
 .text._printf_i
                0x08008760      0x23c C:/ST/STM32CubeIDE_1.16.1/STM32CubeIDE/plugins/com.st.stm32cube.ide.mcu.externaltools.gnu-tools-for-stm32.13.3.rel1.win32_1.0.0.202411081344/tools/bin/../lib/gcc/arm-none-eabi/13.3.1/../../../../arm-none-eabi/lib/thumb/v7e-m+fp/hard\libc_nano.a(libc_a-nano-vfprintf_i.o)
                0x08008760                _printf_i
 .text.memmove  0x0800899c       0x34 C:/ST/STM32CubeIDE_1.16.1/STM32CubeIDE/plugins/com.st.stm32cube.ide.mcu.externaltools.gnu-tools-for-stm32.13.3.rel1.win32_1.0.0.202411081344/tools/bin/../lib/gcc/arm-none-eabi/13.3.1/../../../../arm-none-eabi/lib/thumb/v7e-m+fp/hard\libc_nano.a(libc_a-memmove.o)
                0x0800899c                memmove
 .text._sbrk_r  0x080089d0       0x20 C:/ST/STM32CubeIDE_1.16.1/STM32CubeIDE/plugins/com.st.stm32cube.ide.mcu.externaltools.gnu-tools-for-stm32.13.3.rel1.win32_1.0.0.202411081344/tools/bin/../lib/gcc/arm-none-eabi/13.3.1/../../../../arm-none-eabi/lib/thumb/v7e-m+fp/hard\libc_nano.a(libc_a-sbrkr.o)
                0x080089d0                _sbrk_r
 .text._realloc_r
                0x080089f0       0x5c C:/ST/STM32CubeIDE_1.16.1/STM32CubeIDE/plugins/com.st.stm32cube.ide.mcu.externaltools.gnu-tools-for-stm32.13.3.rel1.win32_1.0.0.202411081344/tools/bin/../lib/gcc/arm-none-eabi/13.3.1/../../../../arm-none-eabi/lib/thumb/v7e-m+fp/hard\libc_nano.a(libc_a-reallocr.o)
                0x080089f0                _realloc_r
 .text._malloc_usable_size_r
                0x08008a4c       0x10 C:/ST/STM32CubeIDE_1.16.1/STM32CubeIDE/plugins/com.st.stm32cube.ide.mcu.externaltools.gnu-tools-for-stm32.13.3.rel1.win32_1.0.0.202411081344/tools/bin/../lib/gcc/arm-none-eabi/13.3.1/../../../../arm-none-eabi/lib/thumb/v7e-m+fp/hard\libc_nano.a(libc_a-msizer.o)
                0x08008a4c                _malloc_usable_size_r
 *(.glue_7)
 .glue_7        0x08008a5c        0x0 linker stubs
 *(.glue_7t)
 .glue_7t       0x08008a5c        0x0 linker stubs
 *(.eh_frame)
 .eh_frame      0x08008a5c        0x0 C:/ST/STM32CubeIDE_1.16.1/STM32CubeIDE/plugins/com.st.stm32cube.ide.mcu.externaltools.gnu-tools-for-stm32.13.3.rel1.win32_1.0.0.202411081344/tools/bin/../lib/gcc/arm-none-eabi/13.3.1/thumb/v7e-m+fp/hard/crtbegin.o
 *(.init)
 .init          0x08008a5c        0x4 C:/ST/STM32CubeIDE_1.16.1/STM32CubeIDE/plugins/com.st.stm32cube.ide.mcu.externaltools.gnu-tools-for-stm32.13.3.rel1.win32_1.0.0.202411081344/tools/bin/../lib/gcc/arm-none-eabi/13.3.1/thumb/v7e-m+fp/hard/crti.o
                0x08008a5c                _init
 .init          0x08008a60        0x8 C:/ST/STM32CubeIDE_1.16.1/STM32CubeIDE/plugins/com.st.stm32cube.ide.mcu.externaltools.gnu-tools-for-stm32.13.3.rel1.win32_1.0.0.202411081344/tools/bin/../lib/gcc/arm-none-eabi/13.3.1/thumb/v7e-m+fp/hard/crtn.o
 *(.fini)
 .fini          0x08008a68        0x4 C:/ST/STM32CubeIDE_1.16.1/STM32CubeIDE/plugins/com.st.stm32cube.ide.mcu.externaltools.gnu-tools-for-stm32.13.3.rel1.win32_1.0.0.202411081344/tools/bin/../lib/gcc/arm-none-eabi/13.3.1/thumb/v7e-m+fp/hard/crti.o
                0x08008a68                _fini
 .fini          0x08008a6c        0x8 C:/ST/STM32CubeIDE_1.16.1/STM32CubeIDE/plugins/com.st.stm32cube.ide.mcu.externaltools.gnu-tools-for-stm32.13.3.rel1.win32_1.0.0.202411081344/tools/bin/../lib/gcc/arm-none-eabi/13.3.1/thumb/v7e-m+fp/hard/crtn.o
                0x08008a74                        . = ALIGN (0x4)
                0x08008a74                        _etext = .

.vfp11_veneer   0x08008a74        0x0
 .vfp11_veneer  0x08008a74        0x0 linker stubs

.v4_bx          0x08008a74        0x0
 .v4_bx         0x08008a74        0x0 linker stubs

.iplt           0x08008a74        0x0
 .iplt          0x08008a74        0x0 C:/ST/STM32CubeIDE_1.16.1/STM32CubeIDE/plugins/com.st.stm32cube.ide.mcu.externaltools.gnu-tools-for-stm32.13.3.rel1.win32_1.0.0.202411081344/tools/bin/../lib/gcc/arm-none-eabi/13.3.1/thumb/v7e-m+fp/hard/crtbegin.o

.rodata         0x08008a74       0x80
                0x08008a74                        . = ALIGN (0x4)
 *(.rodata)
 .rodata        0x08008a74       0x34 ./Core/Src/main.o
 *(.rodata*)
 .rodata.AHBPrescTable
                0x08008aa8       0x10 ./Core/Src/system_stm32f4xx.o
                0x08008aa8                AHBPrescTable
 .rodata.APBPrescTable
                0x08008ab8        0x8 ./Core/Src/system_stm32f4xx.o
                0x08008ab8                APBPrescTable
 .rodata._svfprintf_r.str1.1
                0x08008ac0       0x33 C:/ST/STM32CubeIDE_1.16.1/STM32CubeIDE/plugins/com.st.stm32cube.ide.mcu.externaltools.gnu-tools-for-stm32.13.3.rel1.win32_1.0.0.202411081344/tools/bin/../lib/gcc/arm-none-eabi/13.3.1/../../../../arm-none-eabi/lib/thumb/v7e-m+fp/hard\libc_nano.a(libc_a-nano-svfprintf.o)
                                 0x11 (size before relaxing)
 .rodata._printf_i.str1.1
                0x08008af3       0x22 C:/ST/STM32CubeIDE_1.16.1/STM32CubeIDE/plugins/com.st.stm32cube.ide.mcu.externaltools.gnu-tools-for-stm32.13.3.rel1.win32_1.0.0.202411081344/tools/bin/../lib/gcc/arm-none-eabi/13.3.1/../../../../arm-none-eabi/lib/thumb/v7e-m+fp/hard\libc_nano.a(libc_a-nano-vfprintf_i.o)
                0x08008b18                        . = ALIGN (0x4)
 *fill*         0x08008af3        0x1 

.ARM.extab      0x08008af4        0x0
                0x08008af4                        . = ALIGN (0x4)
 *(.ARM.extab* .gnu.linkonce.armextab.*)
                0x08008af4                        . = ALIGN (0x4)

.ARM            0x08008af4        0x8
                0x08008af4                        . = ALIGN (0x4)
                0x08008af4                        __exidx_start = .
 *(.ARM.exidx*)
 .ARM.exidx     0x08008af4        0x8 C:/ST/STM32CubeIDE_1.16.1/STM32CubeIDE/plugins/com.st.stm32cube.ide.mcu.externaltools.gnu-tools-for-stm32.13.3.rel1.win32_1.0.0.202411081344/tools/bin/../lib/gcc/arm-none-eabi/13.3.1/../../../../arm-none-eabi/lib/thumb/v7e-m+fp/hard\libc_nano.a(libc_a-memchr.o)
 .ARM.exidx     0x08008afc        0x0 C:/ST/STM32CubeIDE_1.16.1/STM32CubeIDE/plugins/com.st.stm32cube.ide.mcu.externaltools.gnu-tools-for-stm32.13.3.rel1.win32_1.0.0.202411081344/tools/bin/../lib/gcc/arm-none-eabi/13.3.1/thumb/v7e-m+fp/hard\libgcc.a(_udivmoddi4.o)
                                  0x8 (size before relaxing)
                0x08008afc                        __exidx_end = .
                0x08008afc                        . = ALIGN (0x4)

.preinit_array  0x08008afc        0x0
                0x08008afc                        . = ALIGN (0x4)
                0x08008afc                        PROVIDE (__preinit_array_start = .)
 *(.preinit_array*)
                0x08008afc                        PROVIDE (__preinit_array_end = .)
                0x08008afc                        . = ALIGN (0x4)

.init_array     0x08008afc        0x4
                0x08008afc                        . = ALIGN (0x4)
                0x08008afc                        PROVIDE (__init_array_start = .)
 *(SORT_BY_NAME(.init_array.*))
 *(.init_array*)
 .init_array    0x08008afc        0x4 C:/ST/STM32CubeIDE_1.16.1/STM32CubeIDE/plugins/com.st.stm32cube.ide.mcu.externaltools.gnu-tools-for-stm32.13.3.rel1.win32_1.0.0.202411081344/tools/bin/../lib/gcc/arm-none-eabi/13.3.1/thumb/v7e-m+fp/hard/crtbegin.o
                0x08008b00                        PROVIDE (__init_array_end = .)
                0x08008b00                        . = ALIGN (0x4)

.fini_array     0x08008b00        0x4
                0x08008b00                        . = ALIGN (0x4)
                [!provide]                        PROVIDE (__fini_array_start = .)
 *(SORT_BY_NAME(.fini_array.*))
 *(.fini_array*)
 .fini_array    0x08008b00        0x4 C:/ST/STM32CubeIDE_1.16.1/STM32CubeIDE/plugins/com.st.stm32cube.ide.mcu.externaltools.gnu-tools-for-stm32.13.3.rel1.win32_1.0.0.202411081344/tools/bin/../lib/gcc/arm-none-eabi/13.3.1/thumb/v7e-m+fp/hard/crtbegin.o
                [!provide]                        PROVIDE (__fini_array_end = .)
                0x08008b04                        . = ALIGN (0x4)
                0x08008b04                        _sidata = LOADADDR (.data)

.rel.dyn        0x08008b04        0x0
 .rel.iplt      0x08008b04        0x0 C:/ST/STM32CubeIDE_1.16.1/STM32CubeIDE/plugins/com.st.stm32cube.ide.mcu.externaltools.gnu-tools-for-stm32.13.3.rel1.win32_1.0.0.202411081344/tools/bin/../lib/gcc/arm-none-eabi/13.3.1/thumb/v7e-m+fp/hard/crtbegin.o

.data           0x20000000      0x31c load address 0x08008b04
                0x20000000                        . = ALIGN (0x4)
                0x20000000                        _sdata = .
 *(.data)
 *(.data*)
 .data.Dev      0x20000000        0x4 ./Core/Src/main.o
                0x20000000                Dev
 .data.SystemCoreClock
                0x20000004        0x4 ./Core/Src/system_stm32f4xx.o
                0x20000004                SystemCoreClock
 .data.uwTickPrio
                0x20000008        0x4 ./Drivers/STM32F4xx_HAL_Driver/Src/stm32f4xx_hal.o
                0x20000008                uwTickPrio
 .data.uwTickFreq
                0x2000000c        0x1 ./Drivers/STM32F4xx_HAL_Driver/Src/stm32f4xx_hal.o
                0x2000000c                uwTickFreq
 *fill*         0x2000000d        0x3 
 .data.DefaultTuningSettings
                0x20000010       0xf3 ./Drivers/vl53l0x/vl53l0x_api.o
                0x20000010                DefaultTuningSettings
 *fill*         0x20000103        0x1 
 .data.InterruptThresholdSettings
                0x20000104      0x1b6 ./Drivers/vl53l0x/vl53l0x_api.o
                0x20000104                InterruptThresholdSettings
 *fill*         0x200002ba        0x2 
 .data.refArrayQuadrants
                0x200002bc       0x10 ./Drivers/vl53l0x/vl53l0x_api_calibration.o
                0x200002bc                refArrayQuadrants
 .data._impure_ptr
                0x200002cc        0x4 C:/ST/STM32CubeIDE_1.16.1/STM32CubeIDE/plugins/com.st.stm32cube.ide.mcu.externaltools.gnu-tools-for-stm32.13.3.rel1.win32_1.0.0.202411081344/tools/bin/../lib/gcc/arm-none-eabi/13.3.1/../../../../arm-none-eabi/lib/thumb/v7e-m+fp/hard\libc_nano.a(libc_a-impure.o)
                0x200002cc                _impure_ptr
 .data._impure_data
                0x200002d0       0x4c C:/ST/STM32CubeIDE_1.16.1/STM32CubeIDE/plugins/com.st.stm32cube.ide.mcu.externaltools.gnu-tools-for-stm32.13.3.rel1.win32_1.0.0.202411081344/tools/bin/../lib/gcc/arm-none-eabi/13.3.1/../../../../arm-none-eabi/lib/thumb/v7e-m+fp/hard\libc_nano.a(libc_a-impure.o)
                0x200002d0                _impure_data
 *(.RamFunc)
 *(.RamFunc*)
                0x2000031c                        . = ALIGN (0x4)
                0x2000031c                        _edata = .

.igot.plt       0x2000031c        0x0 load address 0x08008e20
 .igot.plt      0x2000031c        0x0 C:/ST/STM32CubeIDE_1.16.1/STM32CubeIDE/plugins/com.st.stm32cube.ide.mcu.externaltools.gnu-tools-for-stm32.13.3.rel1.win32_1.0.0.202411081344/tools/bin/../lib/gcc/arm-none-eabi/13.3.1/thumb/v7e-m+fp/hard/crtbegin.o
                0x2000031c                        . = ALIGN (0x4)

.bss            0x2000031c      0x434 load address 0x08008e20
                0x2000031c                        _sbss = .
                0x2000031c                        __bss_start__ = _sbss
 *(.bss)
 .bss           0x2000031c       0x1c C:/ST/STM32CubeIDE_1.16.1/STM32CubeIDE/plugins/com.st.stm32cube.ide.mcu.externaltools.gnu-tools-for-stm32.13.3.rel1.win32_1.0.0.202411081344/tools/bin/../lib/gcc/arm-none-eabi/13.3.1/thumb/v7e-m+fp/hard/crtbegin.o
 *(.bss*)
 .bss.hi2c1     0x20000338       0x54 ./Core/Src/main.o
                0x20000338                hi2c1
 .bss.huart2    0x2000038c       0x48 ./Core/Src/main.o
                0x2000038c                huart2
 .bss.Message   0x200003d4       0x40 ./Core/Src/main.o
                0x200003d4                Message
 .bss.MessageLen
                0x20000414        0x1 ./Core/Src/main.o
                0x20000414                MessageLen
 *fill*         0x20000415        0x3 
 .bss.RangingData
                0x20000418       0x1c ./Core/Src/main.o
                0x20000418                RangingData
 .bss.vl53l0x_c
                0x20000434      0x188 ./Core/Src/main.o
                0x20000434                vl53l0x_c
 .bss.TofDataRead
                0x200005bc        0x1 ./Core/Src/main.o
                0x200005bc                TofDataRead
 *fill*         0x200005bd        0x3 
 .bss.__sbrk_heap_end
                0x200005c0        0x4 ./Core/Src/sysmem.o
 .bss.uwTick    0x200005c4        0x4 ./Drivers/STM32F4xx_HAL_Driver/Src/stm32f4xx_hal.o
                0x200005c4                uwTick
 .bss._I2CBuffer
                0x200005c8       0x40 ./Drivers/vl53l0x/vl53l0x_tof.o
                0x200005c8                _I2CBuffer
 .bss.__sf      0x20000608      0x138 C:/ST/STM32CubeIDE_1.16.1/STM32CubeIDE/plugins/com.st.stm32cube.ide.mcu.externaltools.gnu-tools-for-stm32.13.3.rel1.win32_1.0.0.202411081344/tools/bin/../lib/gcc/arm-none-eabi/13.3.1/../../../../arm-none-eabi/lib/thumb/v7e-m+fp/hard\libc_nano.a(libc_a-findfp.o)
                0x20000608                __sf
 .bss.errno     0x20000740        0x4 C:/ST/STM32CubeIDE_1.16.1/STM32CubeIDE/plugins/com.st.stm32cube.ide.mcu.externaltools.gnu-tools-for-stm32.13.3.rel1.win32_1.0.0.202411081344/tools/bin/../lib/gcc/arm-none-eabi/13.3.1/../../../../arm-none-eabi/lib/thumb/v7e-m+fp/hard\libc_nano.a(libc_a-reent.o)
                0x20000740                errno
 .bss.__lock___malloc_recursive_mutex
                0x20000744        0x1 C:/ST/STM32CubeIDE_1.16.1/STM32CubeIDE/plugins/com.st.stm32cube.ide.mcu.externaltools.gnu-tools-for-stm32.13.3.rel1.win32_1.0.0.202411081344/tools/bin/../lib/gcc/arm-none-eabi/13.3.1/../../../../arm-none-eabi/lib/thumb/v7e-m+fp/hard\libc_nano.a(libc_a-lock.o)
                0x20000744                __lock___malloc_recursive_mutex
 *fill*         0x20000745        0x3 
 .bss.__malloc_sbrk_start
                0x20000748        0x4 C:/ST/STM32CubeIDE_1.16.1/STM32CubeIDE/plugins/com.st.stm32cube.ide.mcu.externaltools.gnu-tools-for-stm32.13.3.rel1.win32_1.0.0.202411081344/tools/bin/../lib/gcc/arm-none-eabi/13.3.1/../../../../arm-none-eabi/lib/thumb/v7e-m+fp/hard\libc_nano.a(libc_a-mallocr.o)
                0x20000748                __malloc_sbrk_start
 .bss.__malloc_free_list
                0x2000074c        0x4 C:/ST/STM32CubeIDE_1.16.1/STM32CubeIDE/plugins/com.st.stm32cube.ide.mcu.externaltools.gnu-tools-for-stm32.13.3.rel1.win32_1.0.0.202411081344/tools/bin/../lib/gcc/arm-none-eabi/13.3.1/../../../../arm-none-eabi/lib/thumb/v7e-m+fp/hard\libc_nano.a(libc_a-mallocr.o)
                0x2000074c                __malloc_free_list
 *(COMMON)
                0x20000750                        . = ALIGN (0x4)
                0x20000750                        _ebss = .
                0x20000750                        __bss_end__ = _ebss

._user_heap_stack
                0x20000750      0x600 load address 0x08008e20
                0x20000750                        . = ALIGN (0x8)
                [!provide]                        PROVIDE (end = .)
                0x20000750                        PROVIDE (_end = .)
                0x20000950                        . = (. + _Min_Heap_Size)
 *fill*         0x20000750      0x200 
                0x20000d50                        . = (. + _Min_Stack_Size)
 *fill*         0x20000950      0x400 
                0x20000d50                        . = ALIGN (0x8)

/DISCARD/
 libc.a(*)
 libm.a(*)
 libgcc.a(*)

.ARM.attributes
                0x00000000       0x30
 *(.ARM.attributes)
 .ARM.attributes
                0x00000000       0x22 C:/ST/STM32CubeIDE_1.16.1/STM32CubeIDE/plugins/com.st.stm32cube.ide.mcu.externaltools.gnu-tools-for-stm32.13.3.rel1.win32_1.0.0.202411081344/tools/bin/../lib/gcc/arm-none-eabi/13.3.1/thumb/v7e-m+fp/hard/crti.o
 .ARM.attributes
                0x00000022       0x34 C:/ST/STM32CubeIDE_1.16.1/STM32CubeIDE/plugins/com.st.stm32cube.ide.mcu.externaltools.gnu-tools-for-stm32.13.3.rel1.win32_1.0.0.202411081344/tools/bin/../lib/gcc/arm-none-eabi/13.3.1/thumb/v7e-m+fp/hard/crtbegin.o
 .ARM.attributes
                0x00000056       0x34 ./Core/Src/main.o
 .ARM.attributes
                0x0000008a       0x34 ./Core/Src/stm32f4xx_hal_msp.o
 .ARM.attributes
                0x000000be       0x34 ./Core/Src/stm32f4xx_it.o
 .ARM.attributes
                0x000000f2       0x34 ./Core/Src/sysmem.o
 .ARM.attributes
                0x00000126       0x34 ./Core/Src/system_stm32f4xx.o
 .ARM.attributes
                0x0000015a       0x21 ./Core/Startup/startup_stm32f446retx.o
 .ARM.attributes
                0x0000017b       0x34 ./Drivers/STM32F4xx_HAL_Driver/Src/stm32f4xx_hal.o
 .ARM.attributes
                0x000001af       0x34 ./Drivers/STM32F4xx_HAL_Driver/Src/stm32f4xx_hal_cortex.o
 .ARM.attributes
                0x000001e3       0x34 ./Drivers/STM32F4xx_HAL_Driver/Src/stm32f4xx_hal_gpio.o
 .ARM.attributes
                0x00000217       0x34 ./Drivers/STM32F4xx_HAL_Driver/Src/stm32f4xx_hal_i2c.o
 .ARM.attributes
                0x0000024b       0x34 ./Drivers/STM32F4xx_HAL_Driver/Src/stm32f4xx_hal_rcc.o
 .ARM.attributes
                0x0000027f       0x34 ./Drivers/STM32F4xx_HAL_Driver/Src/stm32f4xx_hal_rcc_ex.o
 .ARM.attributes
                0x000002b3       0x34 ./Drivers/STM32F4xx_HAL_Driver/Src/stm32f4xx_hal_uart.o
 .ARM.attributes
                0x000002e7       0x34 ./Drivers/vl53l0x/vl53l0x_api.o
 .ARM.attributes
                0x0000031b       0x34 ./Drivers/vl53l0x/vl53l0x_api_calibration.o
 .ARM.attributes
                0x0000034f       0x34 ./Drivers/vl53l0x/vl53l0x_api_core.o
 .ARM.attributes
                0x00000383       0x34 ./Drivers/vl53l0x/vl53l0x_tof.o
 .ARM.attributes
                0x000003b7       0x34 C:/ST/STM32CubeIDE_1.16.1/STM32CubeIDE/plugins/com.st.stm32cube.ide.mcu.externaltools.gnu-tools-for-stm32.13.3.rel1.win32_1.0.0.202411081344/tools/bin/../lib/gcc/arm-none-eabi/13.3.1/../../../../arm-none-eabi/lib/thumb/v7e-m+fp/hard\libc_nano.a(libc_a-findfp.o)
 .ARM.attributes
                0x000003eb       0x34 C:/ST/STM32CubeIDE_1.16.1/STM32CubeIDE/plugins/com.st.stm32cube.ide.mcu.externaltools.gnu-tools-for-stm32.13.3.rel1.win32_1.0.0.202411081344/tools/bin/../lib/gcc/arm-none-eabi/13.3.1/../../../../arm-none-eabi/lib/thumb/v7e-m+fp/hard\libc_nano.a(libc_a-sprintf.o)
 .ARM.attributes
                0x0000041f       0x34 C:/ST/STM32CubeIDE_1.16.1/STM32CubeIDE/plugins/com.st.stm32cube.ide.mcu.externaltools.gnu-tools-for-stm32.13.3.rel1.win32_1.0.0.202411081344/tools/bin/../lib/gcc/arm-none-eabi/13.3.1/../../../../arm-none-eabi/lib/thumb/v7e-m+fp/hard\libc_nano.a(libc_a-memset.o)
 .ARM.attributes
                0x00000453       0x34 C:/ST/STM32CubeIDE_1.16.1/STM32CubeIDE/plugins/com.st.stm32cube.ide.mcu.externaltools.gnu-tools-for-stm32.13.3.rel1.win32_1.0.0.202411081344/tools/bin/../lib/gcc/arm-none-eabi/13.3.1/../../../../arm-none-eabi/lib/thumb/v7e-m+fp/hard\libc_nano.a(libc_a-reent.o)
 .ARM.attributes
                0x00000487       0x34 C:/ST/STM32CubeIDE_1.16.1/STM32CubeIDE/plugins/com.st.stm32cube.ide.mcu.externaltools.gnu-tools-for-stm32.13.3.rel1.win32_1.0.0.202411081344/tools/bin/../lib/gcc/arm-none-eabi/13.3.1/../../../../arm-none-eabi/lib/thumb/v7e-m+fp/hard\libc_nano.a(libc_a-impure.o)
 .ARM.attributes
                0x000004bb       0x34 C:/ST/STM32CubeIDE_1.16.1/STM32CubeIDE/plugins/com.st.stm32cube.ide.mcu.externaltools.gnu-tools-for-stm32.13.3.rel1.win32_1.0.0.202411081344/tools/bin/../lib/gcc/arm-none-eabi/13.3.1/../../../../arm-none-eabi/lib/thumb/v7e-m+fp/hard\libc_nano.a(libc_a-errno.o)
 .ARM.attributes
                0x000004ef       0x34 C:/ST/STM32CubeIDE_1.16.1/STM32CubeIDE/plugins/com.st.stm32cube.ide.mcu.externaltools.gnu-tools-for-stm32.13.3.rel1.win32_1.0.0.202411081344/tools/bin/../lib/gcc/arm-none-eabi/13.3.1/../../../../arm-none-eabi/lib/thumb/v7e-m+fp/hard\libc_nano.a(libc_a-init.o)
 .ARM.attributes
                0x00000523       0x34 C:/ST/STM32CubeIDE_1.16.1/STM32CubeIDE/plugins/com.st.stm32cube.ide.mcu.externaltools.gnu-tools-for-stm32.13.3.rel1.win32_1.0.0.202411081344/tools/bin/../lib/gcc/arm-none-eabi/13.3.1/../../../../arm-none-eabi/lib/thumb/v7e-m+fp/hard\libc_nano.a(libc_a-lock.o)
 .ARM.attributes
                0x00000557       0x34 C:/ST/STM32CubeIDE_1.16.1/STM32CubeIDE/plugins/com.st.stm32cube.ide.mcu.externaltools.gnu-tools-for-stm32.13.3.rel1.win32_1.0.0.202411081344/tools/bin/../lib/gcc/arm-none-eabi/13.3.1/../../../../arm-none-eabi/lib/thumb/v7e-m+fp/hard\libc_nano.a(libc_a-strcpy.o)
 .ARM.attributes
                0x0000058b       0x34 C:/ST/STM32CubeIDE_1.16.1/STM32CubeIDE/plugins/com.st.stm32cube.ide.mcu.externaltools.gnu-tools-for-stm32.13.3.rel1.win32_1.0.0.202411081344/tools/bin/../lib/gcc/arm-none-eabi/13.3.1/../../../../arm-none-eabi/lib/thumb/v7e-m+fp/hard\libc_nano.a(libc_a-memcpy-stub.o)
 .ARM.attributes
                0x000005bf       0x34 C:/ST/STM32CubeIDE_1.16.1/STM32CubeIDE/plugins/com.st.stm32cube.ide.mcu.externaltools.gnu-tools-for-stm32.13.3.rel1.win32_1.0.0.202411081344/tools/bin/../lib/gcc/arm-none-eabi/13.3.1/../../../../arm-none-eabi/lib/thumb/v7e-m+fp/hard\libc_nano.a(libc_a-freer.o)
 .ARM.attributes
                0x000005f3       0x34 C:/ST/STM32CubeIDE_1.16.1/STM32CubeIDE/plugins/com.st.stm32cube.ide.mcu.externaltools.gnu-tools-for-stm32.13.3.rel1.win32_1.0.0.202411081344/tools/bin/../lib/gcc/arm-none-eabi/13.3.1/../../../../arm-none-eabi/lib/thumb/v7e-m+fp/hard\libc_nano.a(libc_a-mallocr.o)
 .ARM.attributes
                0x00000627       0x34 C:/ST/STM32CubeIDE_1.16.1/STM32CubeIDE/plugins/com.st.stm32cube.ide.mcu.externaltools.gnu-tools-for-stm32.13.3.rel1.win32_1.0.0.202411081344/tools/bin/../lib/gcc/arm-none-eabi/13.3.1/../../../../arm-none-eabi/lib/thumb/v7e-m+fp/hard\libc_nano.a(libc_a-mlock.o)
 .ARM.attributes
                0x0000065b       0x34 C:/ST/STM32CubeIDE_1.16.1/STM32CubeIDE/plugins/com.st.stm32cube.ide.mcu.externaltools.gnu-tools-for-stm32.13.3.rel1.win32_1.0.0.202411081344/tools/bin/../lib/gcc/arm-none-eabi/13.3.1/../../../../arm-none-eabi/lib/thumb/v7e-m+fp/hard\libc_nano.a(libc_a-nano-svfprintf.o)
 .ARM.attributes
                0x0000068f       0x34 C:/ST/STM32CubeIDE_1.16.1/STM32CubeIDE/plugins/com.st.stm32cube.ide.mcu.externaltools.gnu-tools-for-stm32.13.3.rel1.win32_1.0.0.202411081344/tools/bin/../lib/gcc/arm-none-eabi/13.3.1/../../../../arm-none-eabi/lib/thumb/v7e-m+fp/hard\libc_nano.a(libc_a-nano-vfprintf_i.o)
 .ARM.attributes
                0x000006c3       0x34 C:/ST/STM32CubeIDE_1.16.1/STM32CubeIDE/plugins/com.st.stm32cube.ide.mcu.externaltools.gnu-tools-for-stm32.13.3.rel1.win32_1.0.0.202411081344/tools/bin/../lib/gcc/arm-none-eabi/13.3.1/../../../../arm-none-eabi/lib/thumb/v7e-m+fp/hard\libc_nano.a(libc_a-memmove.o)
 .ARM.attributes
                0x000006f7       0x34 C:/ST/STM32CubeIDE_1.16.1/STM32CubeIDE/plugins/com.st.stm32cube.ide.mcu.externaltools.gnu-tools-for-stm32.13.3.rel1.win32_1.0.0.202411081344/tools/bin/../lib/gcc/arm-none-eabi/13.3.1/../../../../arm-none-eabi/lib/thumb/v7e-m+fp/hard\libc_nano.a(libc_a-sbrkr.o)
 .ARM.attributes
                0x0000072b       0x1c C:/ST/STM32CubeIDE_1.16.1/STM32CubeIDE/plugins/com.st.stm32cube.ide.mcu.externaltools.gnu-tools-for-stm32.13.3.rel1.win32_1.0.0.202411081344/tools/bin/../lib/gcc/arm-none-eabi/13.3.1/../../../../arm-none-eabi/lib/thumb/v7e-m+fp/hard\libc_nano.a(libc_a-memchr.o)
 .ARM.attributes
                0x00000747       0x34 C:/ST/STM32CubeIDE_1.16.1/STM32CubeIDE/plugins/com.st.stm32cube.ide.mcu.externaltools.gnu-tools-for-stm32.13.3.rel1.win32_1.0.0.202411081344/tools/bin/../lib/gcc/arm-none-eabi/13.3.1/../../../../arm-none-eabi/lib/thumb/v7e-m+fp/hard\libc_nano.a(libc_a-reallocr.o)
 .ARM.attributes
                0x0000077b       0x34 C:/ST/STM32CubeIDE_1.16.1/STM32CubeIDE/plugins/com.st.stm32cube.ide.mcu.externaltools.gnu-tools-for-stm32.13.3.rel1.win32_1.0.0.202411081344/tools/bin/../lib/gcc/arm-none-eabi/13.3.1/../../../../arm-none-eabi/lib/thumb/v7e-m+fp/hard\libc_nano.a(libc_a-msizer.o)
 .ARM.attributes
                0x000007af       0x22 C:/ST/STM32CubeIDE_1.16.1/STM32CubeIDE/plugins/com.st.stm32cube.ide.mcu.externaltools.gnu-tools-for-stm32.13.3.rel1.win32_1.0.0.202411081344/tools/bin/../lib/gcc/arm-none-eabi/13.3.1/thumb/v7e-m+fp/hard\libgcc.a(_aeabi_uldivmod.o)
 .ARM.attributes
                0x000007d1       0x34 C:/ST/STM32CubeIDE_1.16.1/STM32CubeIDE/plugins/com.st.stm32cube.ide.mcu.externaltools.gnu-tools-for-stm32.13.3.rel1.win32_1.0.0.202411081344/tools/bin/../lib/gcc/arm-none-eabi/13.3.1/thumb/v7e-m+fp/hard\libgcc.a(_udivmoddi4.o)
 .ARM.attributes
                0x00000805       0x22 C:/ST/STM32CubeIDE_1.16.1/STM32CubeIDE/plugins/com.st.stm32cube.ide.mcu.externaltools.gnu-tools-for-stm32.13.3.rel1.win32_1.0.0.202411081344/tools/bin/../lib/gcc/arm-none-eabi/13.3.1/thumb/v7e-m+fp/hard\libgcc.a(_dvmd_tls.o)
 .ARM.attributes
                0x00000827       0x22 C:/ST/STM32CubeIDE_1.16.1/STM32CubeIDE/plugins/com.st.stm32cube.ide.mcu.externaltools.gnu-tools-for-stm32.13.3.rel1.win32_1.0.0.202411081344/tools/bin/../lib/gcc/arm-none-eabi/13.3.1/thumb/v7e-m+fp/hard/crtn.o
OUTPUT(vl53test.elf elf32-littlearm)
LOAD linker stubs
LOAD C:/ST/STM32CubeIDE_1.16.1/STM32CubeIDE/plugins/com.st.stm32cube.ide.mcu.externaltools.gnu-tools-for-stm32.13.3.rel1.win32_1.0.0.202411081344/tools/bin/../lib/gcc/arm-none-eabi/13.3.1/../../../../arm-none-eabi/lib/thumb/v7e-m+fp/hard\libc.a
LOAD C:/ST/STM32CubeIDE_1.16.1/STM32CubeIDE/plugins/com.st.stm32cube.ide.mcu.externaltools.gnu-tools-for-stm32.13.3.rel1.win32_1.0.0.202411081344/tools/bin/../lib/gcc/arm-none-eabi/13.3.1/../../../../arm-none-eabi/lib/thumb/v7e-m+fp/hard\libm.a
LOAD C:/ST/STM32CubeIDE_1.16.1/STM32CubeIDE/plugins/com.st.stm32cube.ide.mcu.externaltools.gnu-tools-for-stm32.13.3.rel1.win32_1.0.0.202411081344/tools/bin/../lib/gcc/arm-none-eabi/13.3.1/thumb/v7e-m+fp/hard\libgcc.a

.debug_info     0x00000000    0x13aaf
 .debug_info    0x00000000     0x1a8b ./Core/Src/main.o
 .debug_info    0x00001a8b      0xc4c ./Core/Src/stm32f4xx_hal_msp.o
 .debug_info    0x000026d7      0x14a ./Core/Src/stm32f4xx_it.o
 .debug_info    0x00002821      0x168 ./Core/Src/sysmem.o
 .debug_info    0x00002989      0x54a ./Core/Src/system_stm32f4xx.o
 .debug_info    0x00002ed3       0x30 ./Core/Startup/startup_stm32f446retx.o
 .debug_info    0x00002f03      0x99a ./Drivers/STM32F4xx_HAL_Driver/Src/stm32f4xx_hal.o
 .debug_info    0x0000389d      0xdaa ./Drivers/STM32F4xx_HAL_Driver/Src/stm32f4xx_hal_cortex.o
 .debug_info    0x00004647      0x70b ./Drivers/STM32F4xx_HAL_Driver/Src/stm32f4xx_hal_gpio.o
 .debug_info    0x00004d52     0x2421 ./Drivers/STM32F4xx_HAL_Driver/Src/stm32f4xx_hal_i2c.o
 .debug_info    0x00007173      0x8ff ./Drivers/STM32F4xx_HAL_Driver/Src/stm32f4xx_hal_rcc.o
 .debug_info    0x00007a72      0x960 ./Drivers/STM32F4xx_HAL_Driver/Src/stm32f4xx_hal_rcc_ex.o
 .debug_info    0x000083d2     0x2f4f ./Drivers/STM32F4xx_HAL_Driver/Src/stm32f4xx_hal_uart.o
 .debug_info    0x0000b321     0x3522 ./Drivers/vl53l0x/vl53l0x_api.o
 .debug_info    0x0000e843     0x1d0a ./Drivers/vl53l0x/vl53l0x_api_calibration.o
 .debug_info    0x0001054d     0x219f ./Drivers/vl53l0x/vl53l0x_api_core.o
 .debug_info    0x000126ec     0x13c3 ./Drivers/vl53l0x/vl53l0x_tof.o

.debug_abbrev   0x00000000     0x237f
 .debug_abbrev  0x00000000      0x333 ./Core/Src/main.o
 .debug_abbrev  0x00000333      0x1c2 ./Core/Src/stm32f4xx_hal_msp.o
 .debug_abbrev  0x000004f5       0xa0 ./Core/Src/stm32f4xx_it.o
 .debug_abbrev  0x00000595       0xbc ./Core/Src/sysmem.o
 .debug_abbrev  0x00000651      0x11a ./Core/Src/system_stm32f4xx.o
 .debug_abbrev  0x0000076b       0x24 ./Core/Startup/startup_stm32f446retx.o
 .debug_abbrev  0x0000078f      0x214 ./Drivers/STM32F4xx_HAL_Driver/Src/stm32f4xx_hal.o
 .debug_abbrev  0x000009a3      0x31d ./Drivers/STM32F4xx_HAL_Driver/Src/stm32f4xx_hal_cortex.o
 .debug_abbrev  0x00000cc0      0x1d4 ./Drivers/STM32F4xx_HAL_Driver/Src/stm32f4xx_hal_gpio.o
 .debug_abbrev  0x00000e94      0x2ad ./Drivers/STM32F4xx_HAL_Driver/Src/stm32f4xx_hal_i2c.o
 .debug_abbrev  0x00001141      0x2b7 ./Drivers/STM32F4xx_HAL_Driver/Src/stm32f4xx_hal_rcc.o
 .debug_abbrev  0x000013f8      0x211 ./Drivers/STM32F4xx_HAL_Driver/Src/stm32f4xx_hal_rcc_ex.o
 .debug_abbrev  0x00001609      0x30e ./Drivers/STM32F4xx_HAL_Driver/Src/stm32f4xx_hal_uart.o
 .debug_abbrev  0x00001917      0x2ae ./Drivers/vl53l0x/vl53l0x_api.o
 .debug_abbrev  0x00001bc5      0x29f ./Drivers/vl53l0x/vl53l0x_api_calibration.o
 .debug_abbrev  0x00001e64      0x2b7 ./Drivers/vl53l0x/vl53l0x_api_core.o
 .debug_abbrev  0x0000211b      0x264 ./Drivers/vl53l0x/vl53l0x_tof.o

.debug_aranges  0x00000000      0xef8
 .debug_aranges
                0x00000000       0x58 ./Core/Src/main.o
 .debug_aranges
                0x00000058       0x40 ./Core/Src/stm32f4xx_hal_msp.o
 .debug_aranges
                0x00000098       0x68 ./Core/Src/stm32f4xx_it.o
 .debug_aranges
                0x00000100       0x20 ./Core/Src/sysmem.o
 .debug_aranges
                0x00000120       0x28 ./Core/Src/system_stm32f4xx.o
 .debug_aranges
                0x00000148       0x28 ./Core/Startup/startup_stm32f446retx.o
 .debug_aranges
                0x00000170       0xf0 ./Drivers/STM32F4xx_HAL_Driver/Src/stm32f4xx_hal.o
 .debug_aranges
                0x00000260      0x130 ./Drivers/STM32F4xx_HAL_Driver/Src/stm32f4xx_hal_cortex.o
 .debug_aranges
                0x00000390       0x58 ./Drivers/STM32F4xx_HAL_Driver/Src/stm32f4xx_hal_gpio.o
 .debug_aranges
                0x000003e8      0x2a8 ./Drivers/STM32F4xx_HAL_Driver/Src/stm32f4xx_hal_i2c.o
 .debug_aranges
                0x00000690       0x88 ./Drivers/STM32F4xx_HAL_Driver/Src/stm32f4xx_hal_rcc.o
 .debug_aranges
                0x00000718       0x78 ./Drivers/STM32F4xx_HAL_Driver/Src/stm32f4xx_hal_rcc_ex.o
 .debug_aranges
                0x00000790      0x208 ./Drivers/STM32F4xx_HAL_Driver/Src/stm32f4xx_hal_uart.o
 .debug_aranges
                0x00000998      0x330 ./Drivers/vl53l0x/vl53l0x_api.o
 .debug_aranges
                0x00000cc8       0xd0 ./Drivers/vl53l0x/vl53l0x_api_calibration.o
 .debug_aranges
                0x00000d98       0xe0 ./Drivers/vl53l0x/vl53l0x_api_core.o
 .debug_aranges
                0x00000e78       0x80 ./Drivers/vl53l0x/vl53l0x_tof.o

.debug_rnglists
                0x00000000      0xba9
 .debug_rnglists
                0x00000000       0x40 ./Core/Src/main.o
 .debug_rnglists
                0x00000040       0x2d ./Core/Src/stm32f4xx_hal_msp.o
 .debug_rnglists
                0x0000006d       0x49 ./Core/Src/stm32f4xx_it.o
 .debug_rnglists
                0x000000b6       0x13 ./Core/Src/sysmem.o
 .debug_rnglists
                0x000000c9       0x1a ./Core/Src/system_stm32f4xx.o
 .debug_rnglists
                0x000000e3       0x19 ./Core/Startup/startup_stm32f446retx.o
 .debug_rnglists
                0x000000fc       0xaf ./Drivers/STM32F4xx_HAL_Driver/Src/stm32f4xx_hal.o
 .debug_rnglists
                0x000001ab       0xe0 ./Drivers/STM32F4xx_HAL_Driver/Src/stm32f4xx_hal_cortex.o
 .debug_rnglists
                0x0000028b       0x3f ./Drivers/STM32F4xx_HAL_Driver/Src/stm32f4xx_hal_gpio.o
 .debug_rnglists
                0x000002ca      0x23c ./Drivers/STM32F4xx_HAL_Driver/Src/stm32f4xx_hal_i2c.o
 .debug_rnglists
                0x00000506       0x66 ./Drivers/STM32F4xx_HAL_Driver/Src/stm32f4xx_hal_rcc.o
 .debug_rnglists
                0x0000056c       0x5e ./Drivers/STM32F4xx_HAL_Driver/Src/stm32f4xx_hal_rcc_ex.o
 .debug_rnglists
                0x000005ca      0x1bc ./Drivers/STM32F4xx_HAL_Driver/Src/stm32f4xx_hal_uart.o
 .debug_rnglists
                0x00000786      0x275 ./Drivers/vl53l0x/vl53l0x_api.o
 .debug_rnglists
                0x000009fb       0xa4 ./Drivers/vl53l0x/vl53l0x_api_calibration.o
 .debug_rnglists
                0x00000a9f       0xae ./Drivers/vl53l0x/vl53l0x_api_core.o
 .debug_rnglists
                0x00000b4d       0x5c ./Drivers/vl53l0x/vl53l0x_tof.o

.debug_macro    0x00000000    0x22c3d
 .debug_macro   0x00000000      0x356 ./Core/Src/main.o
 .debug_macro   0x00000356      0xad8 ./Core/Src/main.o
 .debug_macro   0x00000e2e      0x29b ./Core/Src/main.o
 .debug_macro   0x000010c9       0x2e ./Core/Src/main.o
 .debug_macro   0x000010f7       0x28 ./Core/Src/main.o
 .debug_macro   0x0000111f       0x22 ./Core/Src/main.o
 .debug_macro   0x00001141       0x8e ./Core/Src/main.o
 .debug_macro   0x000011cf       0x51 ./Core/Src/main.o
 .debug_macro   0x00001220      0x103 ./Core/Src/main.o
 .debug_macro   0x00001323       0x6a ./Core/Src/main.o
 .debug_macro   0x0000138d      0x1df ./Core/Src/main.o
 .debug_macro   0x0000156c       0x1c ./Core/Src/main.o
 .debug_macro   0x00001588       0x22 ./Core/Src/main.o
 .debug_macro   0x000015aa       0xfb ./Core/Src/main.o
 .debug_macro   0x000016a5     0x1011 ./Core/Src/main.o
 .debug_macro   0x000026b6      0x11f ./Core/Src/main.o
 .debug_macro   0x000027d5    0x1675e ./Core/Src/main.o
 .debug_macro   0x00018f33       0x6d ./Core/Src/main.o
 .debug_macro   0x00018fa0     0x3693 ./Core/Src/main.o
 .debug_macro   0x0001c633      0x190 ./Core/Src/main.o
 .debug_macro   0x0001c7c3       0x5c ./Core/Src/main.o
 .debug_macro   0x0001c81f      0xca5 ./Core/Src/main.o
 .debug_macro   0x0001d4c4      0x9e9 ./Core/Src/main.o
 .debug_macro   0x0001dead      0x115 ./Core/Src/main.o
 .debug_macro   0x0001dfc2      0x1a0 ./Core/Src/main.o
 .debug_macro   0x0001e162       0xa5 ./Core/Src/main.o
 .debug_macro   0x0001e207      0x16d ./Core/Src/main.o
 .debug_macro   0x0001e374      0x287 ./Core/Src/main.o
 .debug_macro   0x0001e5fb       0x5f ./Core/Src/main.o
 .debug_macro   0x0001e65a      0x236 ./Core/Src/main.o
 .debug_macro   0x0001e890      0x132 ./Core/Src/main.o
 .debug_macro   0x0001e9c2      0x29c ./Core/Src/main.o
 .debug_macro   0x0001ec5e       0x2e ./Core/Src/main.o
 .debug_macro   0x0001ec8c      0x1b5 ./Core/Src/main.o
 .debug_macro   0x0001ee41       0x22 ./Core/Src/main.o
 .debug_macro   0x0001ee63       0xd6 ./Core/Src/main.o
 .debug_macro   0x0001ef39      0x127 ./Core/Src/main.o
 .debug_macro   0x0001f060       0xe8 ./Core/Src/main.o
 .debug_macro   0x0001f148       0x89 ./Core/Src/main.o
 .debug_macro   0x0001f1d1      0x2aa ./Core/Src/main.o
 .debug_macro   0x0001f47b      0x126 ./Core/Src/main.o
 .debug_macro   0x0001f5a1       0x6a ./Core/Src/main.o
 .debug_macro   0x0001f60b       0x76 ./Core/Src/main.o
 .debug_macro   0x0001f681      0x297 ./Core/Src/main.o
 .debug_macro   0x0001f918      0x1fd ./Core/Src/main.o
 .debug_macro   0x0001fb15       0x61 ./Core/Src/main.o
 .debug_macro   0x0001fb76       0x2a ./Core/Src/main.o
 .debug_macro   0x0001fba0       0x43 ./Core/Src/main.o
 .debug_macro   0x0001fbe3       0x34 ./Core/Src/main.o
 .debug_macro   0x0001fc17       0x16 ./Core/Src/main.o
 .debug_macro   0x0001fc2d       0x3c ./Core/Src/main.o
 .debug_macro   0x0001fc69      0x370 ./Core/Src/main.o
 .debug_macro   0x0001ffd9       0x10 ./Core/Src/main.o
 .debug_macro   0x0001ffe9       0x16 ./Core/Src/main.o
 .debug_macro   0x0001ffff       0x4a ./Core/Src/main.o
 .debug_macro   0x00020049       0x34 ./Core/Src/main.o
 .debug_macro   0x0002007d       0x10 ./Core/Src/main.o
 .debug_macro   0x0002008d       0x58 ./Core/Src/main.o
 .debug_macro   0x000200e5       0x8e ./Core/Src/main.o
 .debug_macro   0x00020173       0x1c ./Core/Src/main.o
 .debug_macro   0x0002018f      0x185 ./Core/Src/main.o
 .debug_macro   0x00020314       0x16 ./Core/Src/main.o
 .debug_macro   0x0002032a       0x16 ./Core/Src/main.o
 .debug_macro   0x00020340      0x146 ./Core/Src/main.o
 .debug_macro   0x00020486       0x16 ./Core/Src/main.o
 .debug_macro   0x0002049c       0x20 ./Core/Src/main.o
 .debug_macro   0x000204bc       0x2e ./Core/Src/main.o
 .debug_macro   0x000204ea       0x1c ./Core/Src/main.o
 .debug_macro   0x00020506      0x1d2 ./Core/Src/main.o
 .debug_macro   0x000206d8      0x1e2 ./Core/Src/stm32f4xx_hal_msp.o
 .debug_macro   0x000208ba      0x1ec ./Core/Src/stm32f4xx_it.o
 .debug_macro   0x00020aa6      0x112 ./Core/Src/sysmem.o
 .debug_macro   0x00020bb8      0x23c ./Core/Src/sysmem.o
 .debug_macro   0x00020df4      0x1d3 ./Core/Src/system_stm32f4xx.o
 .debug_macro   0x00020fc7      0x233 ./Drivers/STM32F4xx_HAL_Driver/Src/stm32f4xx_hal.o
 .debug_macro   0x000211fa      0x1d3 ./Drivers/STM32F4xx_HAL_Driver/Src/stm32f4xx_hal_cortex.o
 .debug_macro   0x000213cd      0x1d9 ./Drivers/STM32F4xx_HAL_Driver/Src/stm32f4xx_hal_gpio.o
 .debug_macro   0x000215a6      0x221 ./Drivers/STM32F4xx_HAL_Driver/Src/stm32f4xx_hal_i2c.o
 .debug_macro   0x000217c7      0x1f7 ./Drivers/STM32F4xx_HAL_Driver/Src/stm32f4xx_hal_rcc.o
 .debug_macro   0x000219be      0x1d3 ./Drivers/STM32F4xx_HAL_Driver/Src/stm32f4xx_hal_rcc_ex.o
 .debug_macro   0x00021b91      0x1d4 ./Drivers/STM32F4xx_HAL_Driver/Src/stm32f4xx_hal_uart.o
 .debug_macro   0x00021d65      0x3b5 ./Drivers/vl53l0x/vl53l0x_api.o
 .debug_macro   0x0002211a      0x3b3 ./Drivers/vl53l0x/vl53l0x_api_calibration.o
 .debug_macro   0x000224cd      0x3a1 ./Drivers/vl53l0x/vl53l0x_api_core.o
 .debug_macro   0x0002286e      0x34d ./Drivers/vl53l0x/vl53l0x_tof.o
 .debug_macro   0x00022bbb       0x10 ./Drivers/vl53l0x/vl53l0x_tof.o
 .debug_macro   0x00022bcb       0x56 ./Drivers/vl53l0x/vl53l0x_tof.o
 .debug_macro   0x00022c21       0x1c ./Drivers/vl53l0x/vl53l0x_tof.o

.debug_line     0x00000000    0x12949
 .debug_line    0x00000000      0xb63 ./Core/Src/main.o
 .debug_line    0x00000b63      0x7e2 ./Core/Src/stm32f4xx_hal_msp.o
 .debug_line    0x00001345      0x80d ./Core/Src/stm32f4xx_it.o
 .debug_line    0x00001b52      0x588 ./Core/Src/sysmem.o
 .debug_line    0x000020da      0x7bc ./Core/Src/system_stm32f4xx.o
 .debug_line    0x00002896       0x7a ./Core/Startup/startup_stm32f446retx.o
 .debug_line    0x00002910      0xa38 ./Drivers/STM32F4xx_HAL_Driver/Src/stm32f4xx_hal.o
 .debug_line    0x00003348      0xd08 ./Drivers/STM32F4xx_HAL_Driver/Src/stm32f4xx_hal_cortex.o
 .debug_line    0x00004050      0xb7c ./Drivers/STM32F4xx_HAL_Driver/Src/stm32f4xx_hal_gpio.o
 .debug_line    0x00004bcc     0x3ae5 ./Drivers/STM32F4xx_HAL_Driver/Src/stm32f4xx_hal_i2c.o
 .debug_line    0x000086b1      0xe53 ./Drivers/STM32F4xx_HAL_Driver/Src/stm32f4xx_hal_rcc.o
 .debug_line    0x00009504     0x1504 ./Drivers/STM32F4xx_HAL_Driver/Src/stm32f4xx_hal_rcc_ex.o
 .debug_line    0x0000aa08     0x2580 ./Drivers/STM32F4xx_HAL_Driver/Src/stm32f4xx_hal_uart.o
 .debug_line    0x0000cf88     0x1f54 ./Drivers/vl53l0x/vl53l0x_api.o
 .debug_line    0x0000eedc     0x132c ./Drivers/vl53l0x/vl53l0x_api_calibration.o
 .debug_line    0x00010208     0x1ad7 ./Drivers/vl53l0x/vl53l0x_api_core.o
 .debug_line    0x00011cdf      0xc6a ./Drivers/vl53l0x/vl53l0x_tof.o

.debug_str      0x00000000    0xd1acf
 .debug_str     0x00000000    0xd1acf ./Core/Src/main.o
                              0xccaa1 (size before relaxing)
 .debug_str     0x000d1acf    0xc49f3 ./Core/Src/stm32f4xx_hal_msp.o
 .debug_str     0x000d1acf    0xc41bb ./Core/Src/stm32f4xx_it.o
 .debug_str     0x000d1acf     0x777c ./Core/Src/sysmem.o
 .debug_str     0x000d1acf    0xc4162 ./Core/Src/system_stm32f4xx.o
 .debug_str     0x000d1acf       0x7e ./Core/Startup/startup_stm32f446retx.o
 .debug_str     0x000d1acf    0xc4d27 ./Drivers/STM32F4xx_HAL_Driver/Src/stm32f4xx_hal.o
 .debug_str     0x000d1acf    0xc4a7e ./Drivers/STM32F4xx_HAL_Driver/Src/stm32f4xx_hal_cortex.o
 .debug_str     0x000d1acf    0xc42dd ./Drivers/STM32F4xx_HAL_Driver/Src/stm32f4xx_hal_gpio.o
 .debug_str     0x000d1acf    0xc5160 ./Drivers/STM32F4xx_HAL_Driver/Src/stm32f4xx_hal_i2c.o
 .debug_str     0x000d1acf    0xc459b ./Drivers/STM32F4xx_HAL_Driver/Src/stm32f4xx_hal_rcc.o
 .debug_str     0x000d1acf    0xc45ce ./Drivers/STM32F4xx_HAL_Driver/Src/stm32f4xx_hal_rcc_ex.o
 .debug_str     0x000d1acf    0xc4b52 ./Drivers/STM32F4xx_HAL_Driver/Src/stm32f4xx_hal_uart.o
 .debug_str     0x000d1acf    0xcd8d6 ./Drivers/vl53l0x/vl53l0x_api.o
 .debug_str     0x000d1acf    0xcc9a6 ./Drivers/vl53l0x/vl53l0x_api_calibration.o
 .debug_str     0x000d1acf    0xccf21 ./Drivers/vl53l0x/vl53l0x_api_core.o
 .debug_str     0x000d1acf    0xcbfbf ./Drivers/vl53l0x/vl53l0x_tof.o

.comment        0x00000000       0x43
 .comment       0x00000000       0x43 ./Core/Src/main.o
                                 0x44 (size before relaxing)
 .comment       0x00000043       0x44 ./Core/Src/stm32f4xx_hal_msp.o
 .comment       0x00000043       0x44 ./Core/Src/stm32f4xx_it.o
 .comment       0x00000043       0x44 ./Core/Src/sysmem.o
 .comment       0x00000043       0x44 ./Core/Src/system_stm32f4xx.o
 .comment       0x00000043       0x44 ./Drivers/STM32F4xx_HAL_Driver/Src/stm32f4xx_hal.o
 .comment       0x00000043       0x44 ./Drivers/STM32F4xx_HAL_Driver/Src/stm32f4xx_hal_cortex.o
 .comment       0x00000043       0x44 ./Drivers/STM32F4xx_HAL_Driver/Src/stm32f4xx_hal_gpio.o
 .comment       0x00000043       0x44 ./Drivers/STM32F4xx_HAL_Driver/Src/stm32f4xx_hal_i2c.o
 .comment       0x00000043       0x44 ./Drivers/STM32F4xx_HAL_Driver/Src/stm32f4xx_hal_rcc.o
 .comment       0x00000043       0x44 ./Drivers/STM32F4xx_HAL_Driver/Src/stm32f4xx_hal_rcc_ex.o
 .comment       0x00000043       0x44 ./Drivers/STM32F4xx_HAL_Driver/Src/stm32f4xx_hal_uart.o
 .comment       0x00000043       0x44 ./Drivers/vl53l0x/vl53l0x_api.o
 .comment       0x00000043       0x44 ./Drivers/vl53l0x/vl53l0x_api_calibration.o
 .comment       0x00000043       0x44 ./Drivers/vl53l0x/vl53l0x_api_core.o
 .comment       0x00000043       0x44 ./Drivers/vl53l0x/vl53l0x_tof.o

.debug_frame    0x00000000     0x44c8
 .debug_frame   0x00000000      0x110 ./Core/Src/main.o
 .debug_frame   0x00000110       0xc4 ./Core/Src/stm32f4xx_hal_msp.o
 .debug_frame   0x000001d4      0x120 ./Core/Src/stm32f4xx_it.o
 .debug_frame   0x000002f4       0x34 ./Core/Src/sysmem.o
 .debug_frame   0x00000328       0x58 ./Core/Src/system_stm32f4xx.o
 .debug_frame   0x00000380      0x374 ./Drivers/STM32F4xx_HAL_Driver/Src/stm32f4xx_hal.o
 .debug_frame   0x000006f4      0x508 ./Drivers/STM32F4xx_HAL_Driver/Src/stm32f4xx_hal_cortex.o
 .debug_frame   0x00000bfc      0x14c ./Drivers/STM32F4xx_HAL_Driver/Src/stm32f4xx_hal_gpio.o
 .debug_frame   0x00000d48      0xc84 ./Drivers/STM32F4xx_HAL_Driver/Src/stm32f4xx_hal_i2c.o
 .debug_frame   0x000019cc      0x1f4 ./Drivers/STM32F4xx_HAL_Driver/Src/stm32f4xx_hal_rcc.o
 .debug_frame   0x00001bc0      0x1e8 ./Drivers/STM32F4xx_HAL_Driver/Src/stm32f4xx_hal_rcc_ex.o
 .debug_frame   0x00001da8      0x954 ./Drivers/STM32F4xx_HAL_Driver/Src/stm32f4xx_hal_uart.o
 .debug_frame   0x000026fc      0xe98 ./Drivers/vl53l0x/vl53l0x_api.o
 .debug_frame   0x00003594      0x374 ./Drivers/vl53l0x/vl53l0x_api_calibration.o
 .debug_frame   0x00003908      0x3c4 ./Drivers/vl53l0x/vl53l0x_api_core.o
 .debug_frame   0x00003ccc      0x1f0 ./Drivers/vl53l0x/vl53l0x_tof.o
 .debug_frame   0x00003ebc      0x144 C:/ST/STM32CubeIDE_1.16.1/STM32CubeIDE/plugins/com.st.stm32cube.ide.mcu.externaltools.gnu-tools-for-stm32.13.3.rel1.win32_1.0.0.202411081344/tools/bin/../lib/gcc/arm-none-eabi/13.3.1/../../../../arm-none-eabi/lib/thumb/v7e-m+fp/hard\libc_nano.a(libc_a-findfp.o)
 .debug_frame   0x00004000       0x74 C:/ST/STM32CubeIDE_1.16.1/STM32CubeIDE/plugins/com.st.stm32cube.ide.mcu.externaltools.gnu-tools-for-stm32.13.3.rel1.win32_1.0.0.202411081344/tools/bin/../lib/gcc/arm-none-eabi/13.3.1/../../../../arm-none-eabi/lib/thumb/v7e-m+fp/hard\libc_nano.a(libc_a-sprintf.o)
 .debug_frame   0x00004074       0x20 C:/ST/STM32CubeIDE_1.16.1/STM32CubeIDE/plugins/com.st.stm32cube.ide.mcu.externaltools.gnu-tools-for-stm32.13.3.rel1.win32_1.0.0.202411081344/tools/bin/../lib/gcc/arm-none-eabi/13.3.1/../../../../arm-none-eabi/lib/thumb/v7e-m+fp/hard\libc_nano.a(libc_a-memset.o)
 .debug_frame   0x00004094       0x38 C:/ST/STM32CubeIDE_1.16.1/STM32CubeIDE/plugins/com.st.stm32cube.ide.mcu.externaltools.gnu-tools-for-stm32.13.3.rel1.win32_1.0.0.202411081344/tools/bin/../lib/gcc/arm-none-eabi/13.3.1/../../../../arm-none-eabi/lib/thumb/v7e-m+fp/hard\libc_nano.a(libc_a-reent.o)
 .debug_frame   0x000040cc       0x20 C:/ST/STM32CubeIDE_1.16.1/STM32CubeIDE/plugins/com.st.stm32cube.ide.mcu.externaltools.gnu-tools-for-stm32.13.3.rel1.win32_1.0.0.202411081344/tools/bin/../lib/gcc/arm-none-eabi/13.3.1/../../../../arm-none-eabi/lib/thumb/v7e-m+fp/hard\libc_nano.a(libc_a-errno.o)
 .debug_frame   0x000040ec       0x2c C:/ST/STM32CubeIDE_1.16.1/STM32CubeIDE/plugins/com.st.stm32cube.ide.mcu.externaltools.gnu-tools-for-stm32.13.3.rel1.win32_1.0.0.202411081344/tools/bin/../lib/gcc/arm-none-eabi/13.3.1/../../../../arm-none-eabi/lib/thumb/v7e-m+fp/hard\libc_nano.a(libc_a-init.o)
 .debug_frame   0x00004118       0xb0 C:/ST/STM32CubeIDE_1.16.1/STM32CubeIDE/plugins/com.st.stm32cube.ide.mcu.externaltools.gnu-tools-for-stm32.13.3.rel1.win32_1.0.0.202411081344/tools/bin/../lib/gcc/arm-none-eabi/13.3.1/../../../../arm-none-eabi/lib/thumb/v7e-m+fp/hard\libc_nano.a(libc_a-lock.o)
 .debug_frame   0x000041c8       0x20 C:/ST/STM32CubeIDE_1.16.1/STM32CubeIDE/plugins/com.st.stm32cube.ide.mcu.externaltools.gnu-tools-for-stm32.13.3.rel1.win32_1.0.0.202411081344/tools/bin/../lib/gcc/arm-none-eabi/13.3.1/../../../../arm-none-eabi/lib/thumb/v7e-m+fp/hard\libc_nano.a(libc_a-strcpy.o)
 .debug_frame   0x000041e8       0x28 C:/ST/STM32CubeIDE_1.16.1/STM32CubeIDE/plugins/com.st.stm32cube.ide.mcu.externaltools.gnu-tools-for-stm32.13.3.rel1.win32_1.0.0.202411081344/tools/bin/../lib/gcc/arm-none-eabi/13.3.1/../../../../arm-none-eabi/lib/thumb/v7e-m+fp/hard\libc_nano.a(libc_a-memcpy-stub.o)
 .debug_frame   0x00004210       0x38 C:/ST/STM32CubeIDE_1.16.1/STM32CubeIDE/plugins/com.st.stm32cube.ide.mcu.externaltools.gnu-tools-for-stm32.13.3.rel1.win32_1.0.0.202411081344/tools/bin/../lib/gcc/arm-none-eabi/13.3.1/../../../../arm-none-eabi/lib/thumb/v7e-m+fp/hard\libc_nano.a(libc_a-freer.o)
 .debug_frame   0x00004248       0x50 C:/ST/STM32CubeIDE_1.16.1/STM32CubeIDE/plugins/com.st.stm32cube.ide.mcu.externaltools.gnu-tools-for-stm32.13.3.rel1.win32_1.0.0.202411081344/tools/bin/../lib/gcc/arm-none-eabi/13.3.1/../../../../arm-none-eabi/lib/thumb/v7e-m+fp/hard\libc_nano.a(libc_a-mallocr.o)
 .debug_frame   0x00004298       0x30 C:/ST/STM32CubeIDE_1.16.1/STM32CubeIDE/plugins/com.st.stm32cube.ide.mcu.externaltools.gnu-tools-for-stm32.13.3.rel1.win32_1.0.0.202411081344/tools/bin/../lib/gcc/arm-none-eabi/13.3.1/../../../../arm-none-eabi/lib/thumb/v7e-m+fp/hard\libc_nano.a(libc_a-mlock.o)
 .debug_frame   0x000042c8       0x90 C:/ST/STM32CubeIDE_1.16.1/STM32CubeIDE/plugins/com.st.stm32cube.ide.mcu.externaltools.gnu-tools-for-stm32.13.3.rel1.win32_1.0.0.202411081344/tools/bin/../lib/gcc/arm-none-eabi/13.3.1/../../../../arm-none-eabi/lib/thumb/v7e-m+fp/hard\libc_nano.a(libc_a-nano-svfprintf.o)
 .debug_frame   0x00004358       0x60 C:/ST/STM32CubeIDE_1.16.1/STM32CubeIDE/plugins/com.st.stm32cube.ide.mcu.externaltools.gnu-tools-for-stm32.13.3.rel1.win32_1.0.0.202411081344/tools/bin/../lib/gcc/arm-none-eabi/13.3.1/../../../../arm-none-eabi/lib/thumb/v7e-m+fp/hard\libc_nano.a(libc_a-nano-vfprintf_i.o)
 .debug_frame   0x000043b8       0x28 C:/ST/STM32CubeIDE_1.16.1/STM32CubeIDE/plugins/com.st.stm32cube.ide.mcu.externaltools.gnu-tools-for-stm32.13.3.rel1.win32_1.0.0.202411081344/tools/bin/../lib/gcc/arm-none-eabi/13.3.1/../../../../arm-none-eabi/lib/thumb/v7e-m+fp/hard\libc_nano.a(libc_a-memmove.o)
 .debug_frame   0x000043e0       0x2c C:/ST/STM32CubeIDE_1.16.1/STM32CubeIDE/plugins/com.st.stm32cube.ide.mcu.externaltools.gnu-tools-for-stm32.13.3.rel1.win32_1.0.0.202411081344/tools/bin/../lib/gcc/arm-none-eabi/13.3.1/../../../../arm-none-eabi/lib/thumb/v7e-m+fp/hard\libc_nano.a(libc_a-sbrkr.o)
 .debug_frame   0x0000440c       0x3c C:/ST/STM32CubeIDE_1.16.1/STM32CubeIDE/plugins/com.st.stm32cube.ide.mcu.externaltools.gnu-tools-for-stm32.13.3.rel1.win32_1.0.0.202411081344/tools/bin/../lib/gcc/arm-none-eabi/13.3.1/../../../../arm-none-eabi/lib/thumb/v7e-m+fp/hard\libc_nano.a(libc_a-reallocr.o)
 .debug_frame   0x00004448       0x20 C:/ST/STM32CubeIDE_1.16.1/STM32CubeIDE/plugins/com.st.stm32cube.ide.mcu.externaltools.gnu-tools-for-stm32.13.3.rel1.win32_1.0.0.202411081344/tools/bin/../lib/gcc/arm-none-eabi/13.3.1/../../../../arm-none-eabi/lib/thumb/v7e-m+fp/hard\libc_nano.a(libc_a-msizer.o)
 .debug_frame   0x00004468       0x2c C:/ST/STM32CubeIDE_1.16.1/STM32CubeIDE/plugins/com.st.stm32cube.ide.mcu.externaltools.gnu-tools-for-stm32.13.3.rel1.win32_1.0.0.202411081344/tools/bin/../lib/gcc/arm-none-eabi/13.3.1/thumb/v7e-m+fp/hard\libgcc.a(_aeabi_uldivmod.o)
 .debug_frame   0x00004494       0x34 C:/ST/STM32CubeIDE_1.16.1/STM32CubeIDE/plugins/com.st.stm32cube.ide.mcu.externaltools.gnu-tools-for-stm32.13.3.rel1.win32_1.0.0.202411081344/tools/bin/../lib/gcc/arm-none-eabi/13.3.1/thumb/v7e-m+fp/hard\libgcc.a(_udivmoddi4.o)

.debug_line_str
                0x00000000       0x62
 .debug_line_str
                0x00000000       0x62 ./Core/Startup/startup_stm32f446retx.o
