Archive member included to satisfy reference by file (symbol)

/Applications/STM32CubeIDE.app/Contents/Eclipse/plugins/com.st.stm32cube.ide.mcu.externaltools.gnu-tools-for-stm32.13.3.rel1.macos64_1.0.0.202411102158/tools/bin/../lib/gcc/arm-none-eabi/13.3.1/../../../../arm-none-eabi/lib/thumb/v7e-m+fp/hard/libc_nano.a(libc_a-exit.o)
                              /Applications/STM32CubeIDE.app/Contents/Eclipse/plugins/com.st.stm32cube.ide.mcu.externaltools.gnu-tools-for-stm32.13.3.rel1.macos64_1.0.0.202411102158/tools/bin/../lib/gcc/arm-none-eabi/13.3.1/../../../../arm-none-eabi/lib/thumb/v7e-m+fp/hard/crt0.o (exit)
/Applications/STM32CubeIDE.app/Contents/Eclipse/plugins/com.st.stm32cube.ide.mcu.externaltools.gnu-tools-for-stm32.13.3.rel1.macos64_1.0.0.202411102158/tools/bin/../lib/gcc/arm-none-eabi/13.3.1/../../../../arm-none-eabi/lib/thumb/v7e-m+fp/hard/libc_nano.a(libc_a-sprintf.o)
                              ./Core/Src/main.o (sprintf)
/Applications/STM32CubeIDE.app/Contents/Eclipse/plugins/com.st.stm32cube.ide.mcu.externaltools.gnu-tools-for-stm32.13.3.rel1.macos64_1.0.0.202411102158/tools/bin/../lib/gcc/arm-none-eabi/13.3.1/../../../../arm-none-eabi/lib/thumb/v7e-m+fp/hard/libc_nano.a(libc_a-findfp.o)
                              /Applications/STM32CubeIDE.app/Contents/Eclipse/plugins/com.st.stm32cube.ide.mcu.externaltools.gnu-tools-for-stm32.13.3.rel1.macos64_1.0.0.202411102158/tools/bin/../lib/gcc/arm-none-eabi/13.3.1/../../../../arm-none-eabi/lib/thumb/v7e-m+fp/hard/libc_nano.a(libc_a-exit.o) (__stdio_exit_handler)
/Applications/STM32CubeIDE.app/Contents/Eclipse/plugins/com.st.stm32cube.ide.mcu.externaltools.gnu-tools-for-stm32.13.3.rel1.macos64_1.0.0.202411102158/tools/bin/../lib/gcc/arm-none-eabi/13.3.1/../../../../arm-none-eabi/lib/thumb/v7e-m+fp/hard/libc_nano.a(libc_a-fwalk.o)
                              /Applications/STM32CubeIDE.app/Contents/Eclipse/plugins/com.st.stm32cube.ide.mcu.externaltools.gnu-tools-for-stm32.13.3.rel1.macos64_1.0.0.202411102158/tools/bin/../lib/gcc/arm-none-eabi/13.3.1/../../../../arm-none-eabi/lib/thumb/v7e-m+fp/hard/libc_nano.a(libc_a-findfp.o) (_fwalk_sglue)
/Applications/STM32CubeIDE.app/Contents/Eclipse/plugins/com.st.stm32cube.ide.mcu.externaltools.gnu-tools-for-stm32.13.3.rel1.macos64_1.0.0.202411102158/tools/bin/../lib/gcc/arm-none-eabi/13.3.1/../../../../arm-none-eabi/lib/thumb/v7e-m+fp/hard/libc_nano.a(libc_a-puts.o)
                              ./Drivers/vl53l0x/vl53l0x_tof.o (puts)
/Applications/STM32CubeIDE.app/Contents/Eclipse/plugins/com.st.stm32cube.ide.mcu.externaltools.gnu-tools-for-stm32.13.3.rel1.macos64_1.0.0.202411102158/tools/bin/../lib/gcc/arm-none-eabi/13.3.1/../../../../arm-none-eabi/lib/thumb/v7e-m+fp/hard/libc_nano.a(libc_a-memset.o)
                              /Applications/STM32CubeIDE.app/Contents/Eclipse/plugins/com.st.stm32cube.ide.mcu.externaltools.gnu-tools-for-stm32.13.3.rel1.macos64_1.0.0.202411102158/tools/bin/../lib/gcc/arm-none-eabi/13.3.1/../../../../arm-none-eabi/lib/thumb/v7e-m+fp/hard/crt0.o (memset)
/Applications/STM32CubeIDE.app/Contents/Eclipse/plugins/com.st.stm32cube.ide.mcu.externaltools.gnu-tools-for-stm32.13.3.rel1.macos64_1.0.0.202411102158/tools/bin/../lib/gcc/arm-none-eabi/13.3.1/../../../../arm-none-eabi/lib/thumb/v7e-m+fp/hard/libc_nano.a(libc_a-errno.o)
                              ./Core/Src/syscalls.o (__errno)
/Applications/STM32CubeIDE.app/Contents/Eclipse/plugins/com.st.stm32cube.ide.mcu.externaltools.gnu-tools-for-stm32.13.3.rel1.macos64_1.0.0.202411102158/tools/bin/../lib/gcc/arm-none-eabi/13.3.1/../../../../arm-none-eabi/lib/thumb/v7e-m+fp/hard/libc_nano.a(libc_a-init.o)
                              /Applications/STM32CubeIDE.app/Contents/Eclipse/plugins/com.st.stm32cube.ide.mcu.externaltools.gnu-tools-for-stm32.13.3.rel1.macos64_1.0.0.202411102158/tools/bin/../lib/gcc/arm-none-eabi/13.3.1/../../../../arm-none-eabi/lib/thumb/v7e-m+fp/hard/crt0.o (__libc_init_array)
/Applications/STM32CubeIDE.app/Contents/Eclipse/plugins/com.st.stm32cube.ide.mcu.externaltools.gnu-tools-for-stm32.13.3.rel1.macos64_1.0.0.202411102158/tools/bin/../lib/gcc/arm-none-eabi/13.3.1/../../../../arm-none-eabi/lib/thumb/v7e-m+fp/hard/libc_nano.a(libc_a-lock.o)
                              /Applications/STM32CubeIDE.app/Contents/Eclipse/plugins/com.st.stm32cube.ide.mcu.externaltools.gnu-tools-for-stm32.13.3.rel1.macos64_1.0.0.202411102158/tools/bin/../lib/gcc/arm-none-eabi/13.3.1/../../../../arm-none-eabi/lib/thumb/v7e-m+fp/hard/libc_nano.a(libc_a-findfp.o) (__retarget_lock_init_recursive)
/Applications/STM32CubeIDE.app/Contents/Eclipse/plugins/com.st.stm32cube.ide.mcu.externaltools.gnu-tools-for-stm32.13.3.rel1.macos64_1.0.0.202411102158/tools/bin/../lib/gcc/arm-none-eabi/13.3.1/../../../../arm-none-eabi/lib/thumb/v7e-m+fp/hard/libc_nano.a(libc_a-impure.o)
[...]
Memory Configuration

Name             Origin             Length             Attributes
RAM              0x20000000         0x00020000         xrw
FLASH            0x08000000         0x00080000         xr
*default*        0x00000000         0xffffffff

Linker script and memory map

LOAD /Applications/STM32CubeIDE.app/Contents/Eclipse/plugins/com.st.stm32cube.ide.mcu.externaltools.gnu-tools-for-stm32.13.3.rel1.macos64_1.0.0.202411102158/tools/bin/../lib/gcc/arm-none-eabi/13.3.1/thumb/v7e-m+fp/hard/crti.o
LOAD /Applications/STM32CubeIDE.app/Contents/Eclipse/plugins/com.st.stm32cube.ide.mcu.externaltools.gnu-tools-for-stm32.13.3.rel1.macos64_1.0.0.202411102158/tools/bin/../lib/gcc/arm-none-eabi/13.3.1/thumb/v7e-m+fp/hard/crtbegin.o
LOAD /Applications/STM32CubeIDE.app/Contents/Eclipse/plugins/com.st.stm32cube.ide.mcu.externaltools.gnu-tools-for-stm32.13.3.rel1.macos64_1.0.0.202411102158/tools/bin/../lib/gcc/arm-none-eabi/13.3.1/../../../../arm-none-eabi/lib/thumb/v7e-m+fp/hard/crt0.o
LOAD ./Core/Src/main.o
LOAD ./Core/Src/stm32f4xx_hal_msp.o
LOAD ./Core/Src/stm32f4xx_it.o
LOAD ./Core/Src/syscalls.o
LOAD ./Core/Src/sysmem.o
LOAD ./Core/Src/system_stm32f4xx.o
LOAD ./Core/Startup/startup_stm32f446retx.o
LOAD ./Drivers/STM32F4xx_HAL_Driver/Src/stm32f4xx_hal.o
LOAD ./Drivers/STM32F4xx_HAL_Driver/Src/stm32f4xx_hal_cortex.o
LOAD ./Drivers/STM32F4xx_HAL_Driver/Src/stm32f4xx_hal_dma.o
LOAD ./Drivers/STM32F4xx_HAL_Driver/Src/stm32f4xx_hal_dma_ex.o
LOAD ./Drivers/STM32F4xx_HAL_Driver/Src/stm32f4xx_hal_exti.o
LOAD ./Drivers/STM32F4xx_HAL_Driver/Src/stm32f4xx_hal_flash.o
LOAD ./Drivers/STM32F4xx_HAL_Driver/Src/stm32f4xx_hal_flash_ex.o
LOAD ./Drivers/STM32F4xx_HAL_Driver/Src/stm32f4xx_hal_flash_ramfunc.o
LOAD ./Drivers/STM32F4xx_HAL_Driver/Src/stm32f4xx_hal_gpio.o
LOAD ./Drivers/STM32F4xx_HAL_Driver/Src/stm32f4xx_hal_i2c.o
LOAD ./Drivers/STM32F4xx_HAL_Driver/Src/stm32f4xx_hal_i2c_ex.o
LOAD ./Drivers/STM32F4xx_HAL_Driver/Src/stm32f4xx_hal_pwr.o
LOAD ./Drivers/STM32F4xx_HAL_Driver/Src/stm32f4xx_hal_pwr_ex.o
LOAD ./Drivers/STM32F4xx_HAL_Driver/Src/stm32f4xx_hal_rcc.o
LOAD ./Drivers/STM32F4xx_HAL_Driver/Src/stm32f4xx_hal_rcc_ex.o
LOAD ./Drivers/STM32F4xx_HAL_Driver/Src/stm32f4xx_hal_uart.o
LOAD ./Drivers/vl53l0x/vl53l0x_api.o
LOAD ./Drivers/vl53l0x/vl53l0x_api_calibration.o
LOAD ./Drivers/vl53l0x/vl53l0x_api_core.o
LOAD ./Drivers/vl53l0x/vl53l0x_api_ranging.o
LOAD ./Drivers/vl53l0x/vl53l0x_api_strings.o
LOAD ./Drivers/vl53l0x/vl53l0x_platform_log.o
LOAD ./Drivers/vl53l0x/vl53l0x_tof.o
START GROUP
LOAD /Applications/STM32CubeIDE.app/Contents/Eclipse/plugins/com.st.stm32cube.ide.mcu.externaltools.gnu-tools-for-stm32.13.3.rel1.macos64_1.0.0.202411102158/tools/bin/../lib/gcc/arm-none-eabi/13.3.1/../../../../arm-none-eabi/lib/thumb/v7e-m+fp/hard/libc_nano.a
LOAD /Applications/STM32CubeIDE.app/Contents/Eclipse/plugins/com.st.stm32cube.ide.mcu.externaltools.gnu-tools-for-stm32.13.3.rel1.macos64_1.0.0.202411102158/tools/bin/../lib/gcc/arm-none-eabi/13.3.1/../../../../arm-none-eabi/lib/thumb/v7e-m+fp/hard/libm.a
END GROUP
START GROUP
LOAD /Applications/STM32CubeIDE.app/Contents/Eclipse/plugins/com.st.stm32cube.ide.mcu.externaltools.gnu-tools-for-stm32.13.3.rel1.macos64_1.0.0.202411102158/tools/bin/../lib/gcc/arm-none-eabi/13.3.1/thumb/v7e-m+fp/hard/libgcc.a
LOAD /Applications/STM32CubeIDE.app/Contents/Eclipse/plugins/com.st.stm32cube.ide.mcu.externaltools.gnu-tools-for-stm32.13.3.rel1.macos64_1.0.0.202411102158/tools/bin/../lib/gcc/arm-none-eabi/13.3.1/../../../../arm-none-eabi/lib/thumb/v7e-m+fp/hard/libc_nano.a
END GROUP
START GROUP
LOAD /Applications/STM32CubeIDE.app/Contents/Eclipse/plugins/com.st.stm32cube.ide.mcu.externaltools.gnu-tools-for-stm32.13.3.rel1.macos64_1.0.0.202411102158/tools/bin/../lib/gcc/arm-none-eabi/13.3.1/thumb/v7e-m+fp/hard/libgcc.a
LOAD /Applications/STM32CubeIDE.app/Contents/Eclipse/plugins/com.st.stm32cube.ide.mcu.externaltools.gnu-tools-for-stm32.13.3.rel1.macos64_1.0.0.202411102158/tools/bin/../lib/gcc/arm-none-eabi/13.3.1/../../../../arm-none-eabi/lib/thumb/v7e-m+fp/hard/libc_nano.a
LOAD /Applications/STM32CubeIDE.app/Contents/Eclipse/plugins/com.st.stm32cube.ide.mcu.externaltools.gnu-tools-for-stm32.13.3.rel1.macos64_1.0.0.202411102158/tools/bin/../lib/gcc/arm-none-eabi/13.3.1/../../../../arm-none-eabi/lib/thumb/v7e-m+fp/hard/libnosys.a
END GROUP
START GROUP
LOAD /Applications/STM32CubeIDE.app/Contents/Eclipse/plugins/com.st.stm32cube.ide.mcu.externaltools.gnu-tools-for-stm32.13.3.rel1.macos64_1.0.0.202411102158/tools/bin/../lib/gcc/arm-none-eabi/13.3.1/thumb/v7e-m+fp/hard/libgcc.a
LOAD /Applications/STM32CubeIDE.app/Contents/Eclipse/plugins/com.st.stm32cube.ide.mcu.externaltools.gnu-tools-for-stm32.13.3.rel1.macos64_1.0.0.202411102158/tools/bin/../lib/gcc/arm-none-eabi/13.3.1/../../../../arm-none-eabi/lib/thumb/v7e-m+fp/hard/libc_nano.a
LOAD /Applications/STM32CubeIDE.app/Contents/Eclipse/plugins/com.st.stm32cube.ide.mcu.externaltools.gnu-tools-for-stm32.13.3.rel1.macos64_1.0.0.202411102158/tools/bin/../lib/gcc/arm-none-eabi/13.3.1/../../../../arm-none-eabi/lib/thumb/v7e-m+fp/hard/libnosys.a
END GROUP
LOAD /Applications/STM32CubeIDE.app/Contents/Eclipse/plugins/com.st.stm32cube.ide.mcu.externaltools.gnu-tools-for-stm32.13.3.rel1.macos64_1.0.0.202411102158/tools/bin/../lib/gcc/arm-none-eabi/13.3.1/thumb/v7e-m+fp/hard/crtend.o
LOAD /Applications/STM32CubeIDE.app/Contents/Eclipse/plugins/com.st.stm32cube.ide.mcu.externaltools.gnu-tools-for-stm32.13.3.rel1.macos64_1.0.0.202411102158/tools/bin/../lib/gcc/arm-none-eabi/13.3.1/thumb/v7e-m+fp/hard/crtn.o
                0x20020000                        _estack = (ORIGIN (RAM) + LENGTH (RAM))
                0x00000200                        _Min_Heap_Size = 0x200
                0x00000400                        _Min_Stack_Size = 0x400

.isr_vector     0x08000000      0x1c4
                0x08000000                        . = ALIGN (0x4)
 *(.isr_vector)
 .isr_vector    0x08000000      0x1c4 ./Core/Startup/startup_stm32f446retx.o
                0x08000000                g_pfnVectors
                0x080001c4                        . = ALIGN (0x4)

.text           0x080001d0     0x8cec
                0x080001d0                        . = ALIGN (0x4)
 *(.text)
 .text          0x080001d0       0x40 /Applications/STM32CubeIDE.app/Contents/Eclipse/plugins/com.st.stm32cube.ide.mcu.externaltools.gnu-tools-for-stm32.13.3.rel1.macos64_1.0.0.202411102158/tools/bin/../lib/gcc/arm-none-eabi/13.3.1/thumb/v7e-m+fp/hard/crtbegin.o
 .text          0x08000210       0xa0 /Applications/STM32CubeIDE.app/Contents/Eclipse/plugins/com.st.stm32cube.ide.mcu.externaltools.gnu-tools-for-stm32.13.3.rel1.macos64_1.0.0.202411102158/tools/bin/../lib/gcc/arm-none-eabi/13.3.1/../../../../arm-none-eabi/lib/thumb/v7e-m+fp/hard/libc_nano.a(libc_a-memchr.o)
                0x08000210                memchr
 .text          0x080002b0       0x30 /Applications/STM32CubeIDE.app/Contents/Eclipse/plugins/com.st.stm32cube.ide.mcu.externaltools.gnu-tools-for-stm32.13.3.rel1.macos64_1.0.0.202411102158/tools/bin/../lib/gcc/arm-none-eabi/13.3.1/thumb/v7e-m+fp/hard/libgcc.a(_aeabi_uldivmod.o)
                0x080002b0                __aeabi_uldivmod
 .text          0x080002e0      0x2f8 /Applications/STM32CubeIDE.app/Contents/Eclipse/plugins/com.st.stm32cube.ide.mcu.externaltools.gnu-tools-for-stm32.13.3.rel1.macos64_1.0.0.202411102158/tools/bin/../lib/gcc/arm-none-eabi/13.3.1/thumb/v7e-m+fp/hard/libgcc.a(_udivmoddi4.o)
                0x080002e0                __udivmoddi4
 .text          0x080005d8        0x4 /Applications/STM32CubeIDE.app/Contents/Eclipse/plugins/com.st.stm32cube.ide.mcu.externaltools.gnu-tools-for-stm32.13.3.rel1.macos64_1.0.0.202411102158/tools/bin/../lib/gcc/arm-none-eabi/13.3.1/thumb/v7e-m+fp/hard/libgcc.a(_dvmd_tls.o)
                0x080005d8                __aeabi_ldiv0
                0x080005d8                __aeabi_idiv0
 *(.text*)
 .text.main     0x080005dc      0x164 ./Core/Src/main.o
                0x080005dc                main
 .text.SystemClock_Config
                0x08000740       0xdc ./Core/Src/main.o
                0x08000740                SystemClock_Config
 .text.MX_I2C1_Init
                0x0800081c       0x5c ./Core/Src/main.o
 .text.MX_USART2_UART_Init
                0x08000878       0x54 ./Core/Src/main.o
 .text.MX_GPIO_Init
                0x080008cc       0xdc ./Core/Src/main.o
 .text.Error_Handler
                0x080009a8        0xc ./Core/Src/main.o
                0x080009a8                Error_Handler
 .text.HAL_MspInit
                0x080009b4       0x50 ./Core/Src/stm32f4xx_hal_msp.o
                0x080009b4                HAL_MspInit
 .text.HAL_I2C_MspInit
                0x08000a04       0x90 ./Core/Src/stm32f4xx_hal_msp.o
                0x08000a04                HAL_I2C_MspInit
 .text.HAL_UART_MspInit
                0x08000a94       0x90 ./Core/Src/stm32f4xx_hal_msp.o
                0x08000a94                HAL_UART_MspInit
 .text.NMI_Handler
                0x08000b24        0x8 ./Core/Src/stm32f4xx_it.o
                0x08000b24                NMI_Handler
 .text.HardFault_Handler
                0x08000b2c        0x8 ./Core/Src/stm32f4xx_it.o
                0x08000b2c                HardFault_Handler
 .text.MemManage_Handler
                0x08000b34        0x8 ./Core/Src/stm32f4xx_it.o
                0x08000b34                MemManage_Handler
 .text.BusFault_Handler
                0x08000b3c        0x8 ./Core/Src/stm32f4xx_it.o
                0x08000b3c                BusFault_Handler
 .text.UsageFault_Handler
                0x08000b44        0x8 ./Core/Src/stm32f4xx_it.o
                0x08000b44                UsageFault_Handler
 .text.SVC_Handler
                0x08000b4c        0xe ./Core/Src/stm32f4xx_it.o
                0x08000b4c                SVC_Handler
 .text.DebugMon_Handler
                0x08000b5a        0xe ./Core/Src/stm32f4xx_it.o
                0x08000b5a                DebugMon_Handler
 .text.PendSV_Handler
                0x08000b68        0xe ./Core/Src/stm32f4xx_it.o
                0x08000b68                PendSV_Handler
 .text.SysTick_Handler
                0x08000b76        0xc ./Core/Src/stm32f4xx_it.o
                0x08000b76                SysTick_Handler
 *fill*         0x08000b82        0x2 
 .text._sbrk    0x08000b84       0x6c ./Core/Src/sysmem.o
                0x08000b84                _sbrk
 .text.SystemInit
                0x08000bf0       0x24 ./Core/Src/system_stm32f4xx.o
                0x08000bf0                SystemInit
 .text.Reset_Handler
                0x08000c14       0x50 ./Core/Startup/startup_stm32f446retx.o
                0x08000c14                Reset_Handler
 .text.Default_Handler
                0x08000c64        0x2 ./Core/Startup/startup_stm32f446retx.o
                0x08000c64                DMA1_Stream3_IRQHandler
                0x08000c64                EXTI2_IRQHandler
                0x08000c64                TIM8_CC_IRQHandler
                0x08000c64                FMPI2C1_EV_IRQHandler
                0x08000c64                SPI4_IRQHandler
                0x08000c64                TIM1_CC_IRQHandler
                0x08000c64                DMA2_Stream5_IRQHandler
                0x08000c64                DMA1_Stream5_IRQHandler
                0x08000c64                PVD_IRQHandler
                0x08000c64                SDIO_IRQHandler
                0x08000c64                TAMP_STAMP_IRQHandler
                0x08000c64                CAN2_RX1_IRQHandler
                0x08000c64                EXTI3_IRQHandler
                0x08000c64                TIM8_TRG_COM_TIM14_IRQHandler
                0x08000c64                TIM1_UP_TIM10_IRQHandler
                0x08000c64                TIM8_UP_TIM13_IRQHandler
                0x08000c64                I2C3_ER_IRQHandler
                0x08000c64                EXTI0_IRQHandler
                0x08000c64                I2C2_EV_IRQHandler
                0x08000c64                DMA1_Stream2_IRQHandler
                0x08000c64                CAN1_RX0_IRQHandler
                0x08000c64                FPU_IRQHandler
                0x08000c64                OTG_HS_WKUP_IRQHandler
                0x08000c64                CAN2_SCE_IRQHandler
                0x08000c64                DMA2_Stream2_IRQHandler
                0x08000c64                SPI1_IRQHandler
                0x08000c64                TIM6_DAC_IRQHandler
                0x08000c64                TIM1_BRK_TIM9_IRQHandler
                0x08000c64                DCMI_IRQHandler
                0x08000c64                CAN2_RX0_IRQHandler
                0x08000c64                DMA2_Stream3_IRQHandler
                0x08000c64                SAI2_IRQHandler
                0x08000c64                USART6_IRQHandler
                0x08000c64                USART3_IRQHandler
                0x08000c64                CAN1_RX1_IRQHandler
                0x08000c64                UART5_IRQHandler
                0x08000c64                DMA2_Stream0_IRQHandler
                0x08000c64                TIM4_IRQHandler
                0x08000c64                QUADSPI_IRQHandler
                0x08000c64                I2C1_EV_IRQHandler
                0x08000c64                DMA1_Stream6_IRQHandler
                0x08000c64                DMA1_Stream1_IRQHandler
                0x08000c64                UART4_IRQHandler
                0x08000c64                TIM3_IRQHandler
                0x08000c64                RCC_IRQHandler
                0x08000c64                TIM8_BRK_TIM12_IRQHandler
                0x08000c64                Default_Handler
                0x08000c64                CEC_IRQHandler
                0x08000c64                EXTI15_10_IRQHandler
                0x08000c64                ADC_IRQHandler
                0x08000c64                DMA1_Stream7_IRQHandler
                0x08000c64                TIM7_IRQHandler
                0x08000c64                CAN2_TX_IRQHandler
                0x08000c64                TIM5_IRQHandler
                0x08000c64                DMA2_Stream7_IRQHandler
                0x08000c64                I2C3_EV_IRQHandler
                0x08000c64                EXTI9_5_IRQHandler
                0x08000c64                RTC_WKUP_IRQHandler
                0x08000c64                SPDIF_RX_IRQHandler
                0x08000c64                SPI2_IRQHandler
                0x08000c64                OTG_HS_EP1_IN_IRQHandler
                0x08000c64                DMA1_Stream0_IRQHandler
                0x08000c64                CAN1_TX_IRQHandler
                0x08000c64                FMPI2C1_ER_IRQHandler
                0x08000c64                EXTI4_IRQHandler
                0x08000c64                OTG_HS_EP1_OUT_IRQHandler
                0x08000c64                WWDG_IRQHandler
                0x08000c64                TIM2_IRQHandler
                0x08000c64                OTG_FS_WKUP_IRQHandler
                0x08000c64                TIM1_TRG_COM_TIM11_IRQHandler
                0x08000c64                OTG_HS_IRQHandler
                0x08000c64                EXTI1_IRQHandler
                0x08000c64                USART2_IRQHandler
                0x08000c64                I2C2_ER_IRQHandler
                0x08000c64                DMA2_Stream1_IRQHandler
                0x08000c64                CAN1_SCE_IRQHandler
                0x08000c64                FLASH_IRQHandler
                0x08000c64                DMA2_Stream4_IRQHandler
                0x08000c64                USART1_IRQHandler
                0x08000c64                OTG_FS_IRQHandler
                0x08000c64                SPI3_IRQHandler
                0x08000c64                DMA1_Stream4_IRQHandler
                0x08000c64                I2C1_ER_IRQHandler
                0x08000c64                FMC_IRQHandler
                0x08000c64                DMA2_Stream6_IRQHandler
                0x08000c64                SAI1_IRQHandler
                0x08000c64                RTC_Alarm_IRQHandler
 *fill*         0x08000c66        0x2 
 .text.HAL_Init
                0x08000c68       0x44 ./Drivers/STM32F4xx_HAL_Driver/Src/stm32f4xx_hal.o
                0x08000c68                HAL_Init
 .text.HAL_InitTick
                0x08000cac       0x60 ./Drivers/STM32F4xx_HAL_Driver/Src/stm32f4xx_hal.o
                0x08000cac                HAL_InitTick
 .text.HAL_IncTick
                0x08000d0c       0x28 ./Drivers/STM32F4xx_HAL_Driver/Src/stm32f4xx_hal.o
                0x08000d0c                HAL_IncTick
 .text.HAL_GetTick
                0x08000d34       0x18 ./Drivers/STM32F4xx_HAL_Driver/Src/stm32f4xx_hal.o
                0x08000d34                HAL_GetTick
 .text.HAL_Delay
                0x08000d4c       0x48 ./Drivers/STM32F4xx_HAL_Driver/Src/stm32f4xx_hal.o
                0x08000d4c                HAL_Delay
 .text.__NVIC_SetPriorityGrouping
                0x08000d94       0x48 ./Drivers/STM32F4xx_HAL_Driver/Src/stm32f4xx_hal_cortex.o
 .text.__NVIC_GetPriorityGrouping
                0x08000ddc       0x1c ./Drivers/STM32F4xx_HAL_Driver/Src/stm32f4xx_hal_cortex.o
 .text.__NVIC_SetPriority
                0x08000df8       0x54 ./Drivers/STM32F4xx_HAL_Driver/Src/stm32f4xx_hal_cortex.o
 .text.NVIC_EncodePriority
                0x08000e4c       0x66 ./Drivers/STM32F4xx_HAL_Driver/Src/stm32f4xx_hal_cortex.o
 *fill*         0x08000eb2        0x2 
 .text.SysTick_Config
                0x08000eb4       0x44 ./Drivers/STM32F4xx_HAL_Driver/Src/stm32f4xx_hal_cortex.o
 .text.HAL_NVIC_SetPriorityGrouping
                0x08000ef8       0x16 ./Drivers/STM32F4xx_HAL_Driver/Src/stm32f4xx_hal_cortex.o
                0x08000ef8                HAL_NVIC_SetPriorityGrouping
 .text.HAL_NVIC_SetPriority
                0x08000f0e       0x38 ./Drivers/STM32F4xx_HAL_Driver/Src/stm32f4xx_hal_cortex.o
                0x08000f0e                HAL_NVIC_SetPriority
 .text.HAL_SYSTICK_Config
                0x08000f46       0x18 ./Drivers/STM32F4xx_HAL_Driver/Src/stm32f4xx_hal_cortex.o
                0x08000f46                HAL_SYSTICK_Config
 *fill*         0x08000f5e        0x2 
 .text.HAL_GPIO_Init
                0x08000f60      0x328 ./Drivers/STM32F4xx_HAL_Driver/Src/stm32f4xx_hal_gpio.o
                0x08000f60                HAL_GPIO_Init
 .text.HAL_GPIO_WritePin
                0x08001288       0x32 ./Drivers/STM32F4xx_HAL_Driver/Src/stm32f4xx_hal_gpio.o
                0x08001288                HAL_GPIO_WritePin
 *fill*         0x080012ba        0x2 
 .text.HAL_I2C_Init
                0x080012bc      0x288 ./Drivers/STM32F4xx_HAL_Driver/Src/stm32f4xx_hal_i2c.o
                0x080012bc                HAL_I2C_Init
 .text.HAL_I2C_Master_Transmit
                0x08001544      0x1fc ./Drivers/STM32F4xx_HAL_Driver/Src/stm32f4xx_hal_i2c.o
                0x08001544                HAL_I2C_Master_Transmit
 .text.HAL_I2C_Master_Receive
                0x08001740      0x464 ./Drivers/STM32F4xx_HAL_Driver/Src/stm32f4xx_hal_i2c.o
                0x08001740                HAL_I2C_Master_Receive
 .text.I2C_MasterRequestWrite
                0x08001ba4      0x104 ./Drivers/STM32F4xx_HAL_Driver/Src/stm32f4xx_hal_i2c.o
 .text.I2C_MasterRequestRead
                0x08001ca8      0x19c ./Drivers/STM32F4xx_HAL_Driver/Src/stm32f4xx_hal_i2c.o
 .text.I2C_WaitOnFlagUntilTimeout
                0x08001e44       0xf4 ./Drivers/STM32F4xx_HAL_Driver/Src/stm32f4xx_hal_i2c.o
 .text.I2C_WaitOnMasterAddressFlagUntilTimeout
                0x08001f38      0x140 ./Drivers/STM32F4xx_HAL_Driver/Src/stm32f4xx_hal_i2c.o
 .text.I2C_WaitOnTXEFlagUntilTimeout
                0x08002078       0x90 ./Drivers/STM32F4xx_HAL_Driver/Src/stm32f4xx_hal_i2c.o
 .text.I2C_WaitOnBTFFlagUntilTimeout
                0x08002108       0x90 ./Drivers/STM32F4xx_HAL_Driver/Src/stm32f4xx_hal_i2c.o
 .text.I2C_WaitOnRXNEFlagUntilTimeout
                0x08002198       0xba ./Drivers/STM32F4xx_HAL_Driver/Src/stm32f4xx_hal_i2c.o
 .text.I2C_IsAcknowledgeFailed
                0x08002252       0x5e ./Drivers/STM32F4xx_HAL_Driver/Src/stm32f4xx_hal_i2c.o
 .text.HAL_RCC_ClockConfig
                0x080022b0      0x1cc ./Drivers/STM32F4xx_HAL_Driver/Src/stm32f4xx_hal_rcc.o
                0x080022b0                HAL_RCC_ClockConfig
 .text.HAL_RCC_GetHCLKFreq
                0x0800247c       0x18 ./Drivers/STM32F4xx_HAL_Driver/Src/stm32f4xx_hal_rcc.o
                0x0800247c                HAL_RCC_GetHCLKFreq
 .text.HAL_RCC_GetPCLK1Freq
                0x08002494       0x28 ./Drivers/STM32F4xx_HAL_Driver/Src/stm32f4xx_hal_rcc.o
                0x08002494                HAL_RCC_GetPCLK1Freq
 .text.HAL_RCC_GetPCLK2Freq
                0x080024bc       0x28 ./Drivers/STM32F4xx_HAL_Driver/Src/stm32f4xx_hal_rcc.o
                0x080024bc                HAL_RCC_GetPCLK2Freq
 .text.HAL_RCC_GetSysClockFreq
                0x080024e4      0x460 ./Drivers/STM32F4xx_HAL_Driver/Src/stm32f4xx_hal_rcc_ex.o
                0x080024e4                HAL_RCC_GetSysClockFreq
 .text.HAL_RCC_OscConfig
                0x08002944      0x53c ./Drivers/STM32F4xx_HAL_Driver/Src/stm32f4xx_hal_rcc_ex.o
                0x08002944                HAL_RCC_OscConfig
 .text.HAL_UART_Init
                0x08002e80       0xa0 ./Drivers/STM32F4xx_HAL_Driver/Src/stm32f4xx_hal_uart.o
                0x08002e80                HAL_UART_Init
 .text.HAL_UART_Transmit
                0x08002f20      0x116 ./Drivers/STM32F4xx_HAL_Driver/Src/stm32f4xx_hal_uart.o
                0x08002f20                HAL_UART_Transmit
 .text.UART_WaitOnFlagUntilTimeout
                0x08003036       0xb2 ./Drivers/STM32F4xx_HAL_Driver/Src/stm32f4xx_hal_uart.o
 .text.UART_EndRxTransfer
                0x080030e8       0xc6 ./Drivers/STM32F4xx_HAL_Driver/Src/stm32f4xx_hal_uart.o
 *fill*         0x080031ae        0x2 
 .text.UART_SetConfig
                0x080031b0      0x4e8 ./Drivers/STM32F4xx_HAL_Driver/Src/stm32f4xx_hal_uart.o
 .text.VL53L0X_GetOffsetCalibrationDataMicroMeter
                0x08003698       0x26 ./Drivers/vl53l0x/vl53l0x_api.o
                0x08003698                VL53L0X_GetOffsetCalibrationDataMicroMeter
 *fill*         0x080036be        0x2 
 .text.VL53L0X_DataInit
                0x080036c0      0x214 ./Drivers/vl53l0x/vl53l0x_api.o
                0x080036c0                VL53L0X_DataInit
 .text.VL53L0X_StaticInit
                0x080038d4      0x300 ./Drivers/vl53l0x/vl53l0x_api.o
                0x080038d4                VL53L0X_StaticInit
 .text.VL53L0X_WaitDeviceBooted
                0x08003bd4       0x1c ./Drivers/vl53l0x/vl53l0x_api.o
                0x08003bd4                VL53L0X_WaitDeviceBooted
 .text.VL53L0X_GetDeviceParameters
                0x08003bf0      0x120 ./Drivers/vl53l0x/vl53l0x_api.o
                0x08003bf0                VL53L0X_GetDeviceParameters
 .text.VL53L0X_SetDeviceMode
                0x08003d10       0x58 ./Drivers/vl53l0x/vl53l0x_api.o
                0x08003d10                VL53L0X_SetDeviceMode
 .text.VL53L0X_GetDeviceMode
                0x08003d68       0x26 ./Drivers/vl53l0x/vl53l0x_api.o
                0x08003d68                VL53L0X_GetDeviceMode
 .text.VL53L0X_GetFractionEnable
                0x08003d8e       0x3e ./Drivers/vl53l0x/vl53l0x_api.o
                0x08003d8e                VL53L0X_GetFractionEnable
 .text.VL53L0X_SetMeasurementTimingBudgetMicroSeconds
                0x08003dcc       0x26 ./Drivers/vl53l0x/vl53l0x_api.o
                0x08003dcc                VL53L0X_SetMeasurementTimingBudgetMicroSeconds
 .text.VL53L0X_GetMeasurementTimingBudgetMicroSeconds
                0x08003df2       0x26 ./Drivers/vl53l0x/vl53l0x_api.o
                0x08003df2                VL53L0X_GetMeasurementTimingBudgetMicroSeconds
 .text.VL53L0X_SetVcselPulsePeriod
                0x08003e18       0x30 ./Drivers/vl53l0x/vl53l0x_api.o
                0x08003e18                VL53L0X_SetVcselPulsePeriod
 .text.VL53L0X_GetVcselPulsePeriod
                0x08003e48       0x2e ./Drivers/vl53l0x/vl53l0x_api.o
                0x08003e48                VL53L0X_GetVcselPulsePeriod
 *fill*         0x08003e76        0x2 
 .text.VL53L0X_SetSequenceStepEnable
                0x08003e78      0x140 ./Drivers/vl53l0x/vl53l0x_api.o
                0x08003e78                VL53L0X_SetSequenceStepEnable
 .text.sequence_step_enabled
                0x08003fb8       0xa4 ./Drivers/vl53l0x/vl53l0x_api.o
                0x08003fb8                sequence_step_enabled
 .text.VL53L0X_GetSequenceStepEnables
                0x0800405c       0xb0 ./Drivers/vl53l0x/vl53l0x_api.o
                0x0800405c                VL53L0X_GetSequenceStepEnables
 .text.VL53L0X_GetSequenceStepTimeout
                0x0800410c       0x80 ./Drivers/vl53l0x/vl53l0x_api.o
                0x0800410c                VL53L0X_GetSequenceStepTimeout
 .text.VL53L0X_GetInterMeasurementPeriodMilliSeconds
                0x0800418c       0x68 ./Drivers/vl53l0x/vl53l0x_api.o
                0x0800418c                VL53L0X_GetInterMeasurementPeriodMilliSeconds
 .text.VL53L0X_GetXTalkCompensationEnable
                0x080041f4       0x2a ./Drivers/vl53l0x/vl53l0x_api.o
                0x080041f4                VL53L0X_GetXTalkCompensationEnable
 .text.VL53L0X_GetXTalkCompensationRateMegaCps
                0x0800421e       0x66 ./Drivers/vl53l0x/vl53l0x_api.o
                0x0800421e                VL53L0X_GetXTalkCompensationRateMegaCps
 .text.VL53L0X_SetLimitCheckEnable
                0x08004284      0x118 ./Drivers/vl53l0x/vl53l0x_api.o
                0x08004284                VL53L0X_SetLimitCheckEnable
 .text.VL53L0X_GetLimitCheckEnable
                0x0800439c       0x46 ./Drivers/vl53l0x/vl53l0x_api.o
                0x0800439c                VL53L0X_GetLimitCheckEnable
 *fill*         0x080043e2        0x2 
 .text.VL53L0X_SetLimitCheckValue
                0x080043e4       0xc4 ./Drivers/vl53l0x/vl53l0x_api.o
                0x080043e4                VL53L0X_SetLimitCheckValue
 .text.VL53L0X_GetLimitCheckValue
                0x080044a8      0x11c ./Drivers/vl53l0x/vl53l0x_api.o
                0x080044a8                VL53L0X_GetLimitCheckValue
 .text.VL53L0X_GetWrapAroundCheckEnable
                0x080045c4       0x64 ./Drivers/vl53l0x/vl53l0x_api.o
                0x080045c4                VL53L0X_GetWrapAroundCheckEnable
 .text.VL53L0X_PerformSingleMeasurement
                0x08004628       0x68 ./Drivers/vl53l0x/vl53l0x_api.o
                0x08004628                VL53L0X_PerformSingleMeasurement
 .text.VL53L0X_PerformRefCalibration
                0x08004690       0x2c ./Drivers/vl53l0x/vl53l0x_api.o
                0x08004690                VL53L0X_PerformRefCalibration
 .text.VL53L0X_CheckAndLoadInterruptSettings
                0x080046bc       0xcc ./Drivers/vl53l0x/vl53l0x_api.o
                0x080046bc                VL53L0X_CheckAndLoadInterruptSettings
 .text.VL53L0X_StartMeasurement
                0x08004788      0x118 ./Drivers/vl53l0x/vl53l0x_api.o
                0x08004788                VL53L0X_StartMeasurement
 .text.VL53L0X_GetMeasurementDataReady
                0x080048a0       0x80 ./Drivers/vl53l0x/vl53l0x_api.o
                0x080048a0                VL53L0X_GetMeasurementDataReady
 .text.VL53L0X_GetRangingMeasurementData
                0x08004920      0x238 ./Drivers/vl53l0x/vl53l0x_api.o
                0x08004920                VL53L0X_GetRangingMeasurementData
 .text.VL53L0X_PerformSingleRangingMeasurement
                0x08004b58       0x60 ./Drivers/vl53l0x/vl53l0x_api.o
                0x08004b58                VL53L0X_PerformSingleRangingMeasurement
 .text.VL53L0X_SetGpioConfig
                0x08004bb8      0x244 ./Drivers/vl53l0x/vl53l0x_api.o
                0x08004bb8                VL53L0X_SetGpioConfig
 .text.VL53L0X_GetInterruptThresholds
                0x08004dfc       0x68 ./Drivers/vl53l0x/vl53l0x_api.o
                0x08004dfc                VL53L0X_GetInterruptThresholds
 .text.VL53L0X_ClearInterruptMask
                0x08004e64       0x80 ./Drivers/vl53l0x/vl53l0x_api.o
                0x08004e64                VL53L0X_ClearInterruptMask
 .text.VL53L0X_GetInterruptMaskStatus
                0x08004ee4       0x44 ./Drivers/vl53l0x/vl53l0x_api.o
                0x08004ee4                VL53L0X_GetInterruptMaskStatus
 .text.VL53L0X_PerformRefSpadManagement
                0x08004f28       0x2a ./Drivers/vl53l0x/vl53l0x_api.o
                0x08004f28                VL53L0X_PerformRefSpadManagement
 .text.VL53L0X_get_offset_calibration_data_micro_meter
                0x08004f52       0x7e ./Drivers/vl53l0x/vl53l0x_api_calibration.o
                0x08004f52                VL53L0X_get_offset_calibration_data_micro_meter
 .text.get_next_good_spad
                0x08004fd0       0xbc ./Drivers/vl53l0x/vl53l0x_api_calibration.o
                0x08004fd0                get_next_good_spad
 .text.is_aperture
                0x0800508c       0x34 ./Drivers/vl53l0x/vl53l0x_api_calibration.o
                0x0800508c                is_aperture
 .text.enable_spad_bit
                0x080050c0       0x70 ./Drivers/vl53l0x/vl53l0x_api_calibration.o
                0x080050c0                enable_spad_bit
 .text.set_ref_spad_map
                0x08005130       0x26 ./Drivers/vl53l0x/vl53l0x_api_calibration.o
                0x08005130                set_ref_spad_map
 .text.get_ref_spad_map
                0x08005156       0x26 ./Drivers/vl53l0x/vl53l0x_api_calibration.o
                0x08005156                get_ref_spad_map
 .text.enable_ref_spads
                0x0800517c       0xf8 ./Drivers/vl53l0x/vl53l0x_api_calibration.o
                0x0800517c                enable_ref_spads
 .text.perform_ref_signal_measurement
                0x08005274       0xd4 ./Drivers/vl53l0x/vl53l0x_api_calibration.o
                0x08005274                perform_ref_signal_measurement
 .text.VL53L0X_perform_ref_spad_management
                0x08005348      0x418 ./Drivers/vl53l0x/vl53l0x_api_calibration.o
                0x08005348                VL53L0X_perform_ref_spad_management
 .text.VL53L0X_set_reference_spads
                0x08005760      0x14a ./Drivers/vl53l0x/vl53l0x_api_calibration.o
                0x08005760                VL53L0X_set_reference_spads
 .text.VL53L0X_perform_single_ref_calibration
                0x080058aa       0x76 ./Drivers/vl53l0x/vl53l0x_api_calibration.o
                0x080058aa                VL53L0X_perform_single_ref_calibration
 .text.VL53L0X_ref_calibration_io
                0x08005920      0x132 ./Drivers/vl53l0x/vl53l0x_api_calibration.o
                0x08005920                VL53L0X_ref_calibration_io
 .text.VL53L0X_perform_vhv_calibration
                0x08005a52       0xce ./Drivers/vl53l0x/vl53l0x_api_calibration.o
                0x08005a52                VL53L0X_perform_vhv_calibration
 .text.VL53L0X_perform_phase_calibration
                0x08005b20       0xca ./Drivers/vl53l0x/vl53l0x_api_calibration.o
                0x08005b20                VL53L0X_perform_phase_calibration
 .text.VL53L0X_perform_ref_calibration
                0x08005bea       0x7a ./Drivers/vl53l0x/vl53l0x_api_calibration.o
                0x08005bea                VL53L0X_perform_ref_calibration
 .text.VL53L0X_measurement_poll_for_completion
                0x08005c64       0x5e ./Drivers/vl53l0x/vl53l0x_api_core.o
                0x08005c64                VL53L0X_measurement_poll_for_completion
 .text.VL53L0X_decode_vcsel_period
                0x08005cc2       0x26 ./Drivers/vl53l0x/vl53l0x_api_core.o
                0x08005cc2                VL53L0X_decode_vcsel_period
 .text.VL53L0X_encode_vcsel_period
                0x08005ce8       0x26 ./Drivers/vl53l0x/vl53l0x_api_core.o
                0x08005ce8                VL53L0X_encode_vcsel_period
 .text.VL53L0X_isqrt
                0x08005d0e       0x68 ./Drivers/vl53l0x/vl53l0x_api_core.o
                0x08005d0e                VL53L0X_isqrt
 .text.VL53L0X_device_read_strobe
                0x08005d76       0x82 ./Drivers/vl53l0x/vl53l0x_api_core.o
                0x08005d76                VL53L0X_device_read_strobe
 .text.VL53L0X_get_info_from_device
                0x08005df8      0x99a ./Drivers/vl53l0x/vl53l0x_api_core.o
                0x08005df8                VL53L0X_get_info_from_device
 .text.VL53L0X_calc_macro_period_ps
                0x08006792       0x3c ./Drivers/vl53l0x/vl53l0x_api_core.o
                0x08006792                VL53L0X_calc_macro_period_ps
 .text.VL53L0X_encode_timeout
                0x080067ce       0x54 ./Drivers/vl53l0x/vl53l0x_api_core.o
                0x080067ce                VL53L0X_encode_timeout
 .text.VL53L0X_decode_timeout
                0x08006822       0x2c ./Drivers/vl53l0x/vl53l0x_api_core.o
                0x08006822                VL53L0X_decode_timeout
 *fill*         0x0800684e        0x2 
 .text.VL53L0X_calc_timeout_mclks
                0x08006850       0x54 ./Drivers/vl53l0x/vl53l0x_api_core.o
                0x08006850                VL53L0X_calc_timeout_mclks
 .text.VL53L0X_calc_timeout_us
                0x080068a4       0x58 ./Drivers/vl53l0x/vl53l0x_api_core.o
                0x080068a4                VL53L0X_calc_timeout_us
 .text.get_sequence_step_timeout
                0x080068fc      0x1c0 ./Drivers/vl53l0x/vl53l0x_api_core.o
                0x080068fc                get_sequence_step_timeout
 .text.set_sequence_step_timeout
                0x08006abc      0x1e8 ./Drivers/vl53l0x/vl53l0x_api_core.o
                0x08006abc                set_sequence_step_timeout
 .text.VL53L0X_set_vcsel_pulse_period
                0x08006ca4      0x50e ./Drivers/vl53l0x/vl53l0x_api_core.o
                0x08006ca4                VL53L0X_set_vcsel_pulse_period
 .text.VL53L0X_get_vcsel_pulse_period
                0x080071b2       0x6e ./Drivers/vl53l0x/vl53l0x_api_core.o
                0x080071b2                VL53L0X_get_vcsel_pulse_period
 .text.VL53L0X_set_measurement_timing_budget_micro_seconds
                0x08007220      0x1c0 ./Drivers/vl53l0x/vl53l0x_api_core.o
                0x08007220                VL53L0X_set_measurement_timing_budget_micro_seconds
 .text.VL53L0X_get_measurement_timing_budget_micro_seconds
                0x080073e0      0x162 ./Drivers/vl53l0x/vl53l0x_api_core.o
                0x080073e0                VL53L0X_get_measurement_timing_budget_micro_seconds
 *fill*         0x08007542        0x2 
 .text.VL53L0X_load_tuning_settings
                0x08007544      0x1c4 ./Drivers/vl53l0x/vl53l0x_api_core.o
                0x08007544                VL53L0X_load_tuning_settings
 .text.VL53L0X_get_total_xtalk_rate
                0x08007708       0x5e ./Drivers/vl53l0x/vl53l0x_api_core.o
                0x08007708                VL53L0X_get_total_xtalk_rate
 .text.VL53L0X_get_total_signal_rate
                0x08007766       0x4a ./Drivers/vl53l0x/vl53l0x_api_core.o
                0x08007766                VL53L0X_get_total_signal_rate
 .text.VL53L0X_calc_dmax
                0x080077b0      0x238 ./Drivers/vl53l0x/vl53l0x_api_core.o
                0x080077b0                VL53L0X_calc_dmax
 .text.VL53L0X_calc_sigma_estimate
                0x080079e8      0x420 ./Drivers/vl53l0x/vl53l0x_api_core.o
                0x080079e8                VL53L0X_calc_sigma_estimate
 .text.VL53L0X_get_pal_range_status
                0x08007e08      0x3b6 ./Drivers/vl53l0x/vl53l0x_api_core.o
                0x08007e08                VL53L0X_get_pal_range_status
 .text._I2CWrite
                0x080081be       0x3e ./Drivers/vl53l0x/vl53l0x_tof.o
                0x080081be                _I2CWrite
 .text._I2CRead
                0x080081fc       0x44 ./Drivers/vl53l0x/vl53l0x_tof.o
                0x080081fc                _I2CRead
 .text.VL53L0X_RdByte
                0x08008240       0x54 ./Drivers/vl53l0x/vl53l0x_tof.o
                0x08008240                VL53L0X_RdByte
 .text.VL53L0X_WriteMulti
                0x08008294       0x60 ./Drivers/vl53l0x/vl53l0x_tof.o
                0x08008294                VL53L0X_WriteMulti
 .text.VL53L0X_ReadMulti
                0x080082f4       0x56 ./Drivers/vl53l0x/vl53l0x_tof.o
                0x080082f4                VL53L0X_ReadMulti
 *fill*         0x0800834a        0x2 
 .text.VL53L0X_RdWord
                0x0800834c       0x6c ./Drivers/vl53l0x/vl53l0x_tof.o
                0x0800834c                VL53L0X_RdWord
 .text.VL53L0X_RdDWord
                0x080083b8       0x78 ./Drivers/vl53l0x/vl53l0x_tof.o
                0x080083b8                VL53L0X_RdDWord
 .text.VL53L0X_WrByte
                0x08008430       0x48 ./Drivers/vl53l0x/vl53l0x_tof.o
                0x08008430                VL53L0X_WrByte
 .text.VL53L0X_WrWord
                0x08008478       0x54 ./Drivers/vl53l0x/vl53l0x_tof.o
                0x08008478                VL53L0X_WrWord
 .text.VL53L0X_UpdateByte
                0x080084cc       0x68 ./Drivers/vl53l0x/vl53l0x_tof.o
                0x080084cc                VL53L0X_UpdateByte
 .text.VL53L0X_PollingDelay
                0x08008534       0x1e ./Drivers/vl53l0x/vl53l0x_tof.o
                0x08008534                VL53L0X_PollingDelay
 *fill*         0x08008552        0x2 
 .text.sprintf  0x08008554       0x44 /Applications/STM32CubeIDE.app/Contents/Eclipse/plugins/com.st.stm32cube.ide.mcu.externaltools.gnu-tools-for-stm32.13.3.rel1.macos64_1.0.0.202411102158/tools/bin/../lib/gcc/arm-none-eabi/13.3.1/../../../../arm-none-eabi/lib/thumb/v7e-m+fp/hard/libc_nano.a(libc_a-sprintf.o)
                0x08008554                sprintf
                0x08008554                siprintf
 .text.memset   0x08008598       0x10 /Applications/STM32CubeIDE.app/Contents/Eclipse/plugins/com.st.stm32cube.ide.mcu.externaltools.gnu-tools-for-stm32.13.3.rel1.macos64_1.0.0.202411102158/tools/bin/../lib/gcc/arm-none-eabi/13.3.1/../../../../arm-none-eabi/lib/thumb/v7e-m+fp/hard/libc_nano.a(libc_a-memset.o)
                0x08008598                memset
 .text.__errno  0x080085a8        0xc /Applications/STM32CubeIDE.app/Contents/Eclipse/plugins/com.st.stm32cube.ide.mcu.externaltools.gnu-tools-for-stm32.13.3.rel1.macos64_1.0.0.202411102158/tools/bin/../lib/gcc/arm-none-eabi/13.3.1/../../../../arm-none-eabi/lib/thumb/v7e-m+fp/hard/libc_nano.a(libc_a-errno.o)
                0x080085a8                __errno
 .text.__libc_init_array
                0x080085b4       0x48 /Applications/STM32CubeIDE.app/Contents/Eclipse/plugins/com.st.stm32cube.ide.mcu.externaltools.gnu-tools-for-stm32.13.3.rel1.macos64_1.0.0.202411102158/tools/bin/../lib/gcc/arm-none-eabi/13.3.1/../../../../arm-none-eabi/lib/thumb/v7e-m+fp/hard/libc_nano.a(libc_a-init.o)
                0x080085b4                __libc_init_array
 .text.__retarget_lock_acquire_recursive
                0x080085fc        0x2 /Applications/STM32CubeIDE.app/Contents/Eclipse/plugins/com.st.stm32cube.ide.mcu.externaltools.gnu-tools-for-stm32.13.3.rel1.macos64_1.0.0.202411102158/tools/bin/../lib/gcc/arm-none-eabi/13.3.1/../../../../arm-none-eabi/lib/thumb/v7e-m+fp/hard/libc_nano.a(libc_a-lock.o)
                0x080085fc                __retarget_lock_acquire_recursive
 .text.__retarget_lock_release_recursive
                0x080085fe        0x2 /Applications/STM32CubeIDE.app/Contents/Eclipse/plugins/com.st.stm32cube.ide.mcu.externaltools.gnu-tools-for-stm32.13.3.rel1.macos64_1.0.0.202411102158/tools/bin/../lib/gcc/arm-none-eabi/13.3.1/../../../../arm-none-eabi/lib/thumb/v7e-m+fp/hard/libc_nano.a(libc_a-lock.o)
                0x080085fe                __retarget_lock_release_recursive
 .text.strcpy   0x08008600       0x10 /Applications/STM32CubeIDE.app/Contents/Eclipse/plugins/com.st.stm32cube.ide.mcu.externaltools.gnu-tools-for-stm32.13.3.rel1.macos64_1.0.0.202411102158/tools/bin/../lib/gcc/arm-none-eabi/13.3.1/../../../../arm-none-eabi/lib/thumb/v7e-m+fp/hard/libc_nano.a(libc_a-strcpy.o)
                0x08008600                strcpy
 .text.memcpy   0x08008610       0x1c /Applications/STM32CubeIDE.app/Contents/Eclipse/plugins/com.st.stm32cube.ide.mcu.externaltools.gnu-tools-for-stm32.13.3.rel1.macos64_1.0.0.202411102158/tools/bin/../lib/gcc/arm-none-eabi/13.3.1/../../../../arm-none-eabi/lib/thumb/v7e-m+fp/hard/libc_nano.a(libc_a-memcpy-stub.o)
                0x08008610                memcpy
 .text.__ssputs_r
                0x0800862c       0xb6 /Applications/STM32CubeIDE.app/Contents/Eclipse/plugins/com.st.stm32cube.ide.mcu.externaltools.gnu-tools-for-stm32.13.3.rel1.macos64_1.0.0.202411102158/tools/bin/../lib/gcc/arm-none-eabi/13.3.1/../../../../arm-none-eabi/lib/thumb/v7e-m+fp/hard/libc_nano.a(libc_a-nano-svfprintf.o)
                0x0800862c                __ssputs_r
 *fill*         0x080086e2        0x2 
 .text._svfprintf_r
                0x080086e4      0x1f8 /Applications/STM32CubeIDE.app/Contents/Eclipse/plugins/com.st.stm32cube.ide.mcu.externaltools.gnu-tools-for-stm32.13.3.rel1.macos64_1.0.0.202411102158/tools/bin/../lib/gcc/arm-none-eabi/13.3.1/../../../../arm-none-eabi/lib/thumb/v7e-m+fp/hard/libc_nano.a(libc_a-nano-svfprintf.o)
                0x080086e4                _svfprintf_r
                0x080086e4                _svfiprintf_r
 .text.sbrk_aligned
                0x080088dc       0x44 /Applications/STM32CubeIDE.app/Contents/Eclipse/plugins/com.st.stm32cube.ide.mcu.externaltools.gnu-tools-for-stm32.13.3.rel1.macos64_1.0.0.202411102158/tools/bin/../lib/gcc/arm-none-eabi/13.3.1/../../../../arm-none-eabi/lib/thumb/v7e-m+fp/hard/libc_nano.a(libc_a-mallocr.o)
 .text._malloc_r
                0x08008920      0x100 /Applications/STM32CubeIDE.app/Contents/Eclipse/plugins/com.st.stm32cube.ide.mcu.externaltools.gnu-tools-for-stm32.13.3.rel1.macos64_1.0.0.202411102158/tools/bin/../lib/gcc/arm-none-eabi/13.3.1/../../../../arm-none-eabi/lib/thumb/v7e-m+fp/hard/libc_nano.a(libc_a-mallocr.o)
                0x08008920                _malloc_r
 .text._printf_common
                0x08008a20       0xda /Applications/STM32CubeIDE.app/Contents/Eclipse/plugins/com.st.stm32cube.ide.mcu.externaltools.gnu-tools-for-stm32.13.3.rel1.macos64_1.0.0.202411102158/tools/bin/../lib/gcc/arm-none-eabi/13.3.1/../../../../arm-none-eabi/lib/thumb/v7e-m+fp/hard/libc_nano.a(libc_a-nano-vfprintf_i.o)
                0x08008a20                _printf_common
 *fill*         0x08008afa        0x2 
 .text._printf_i
                0x08008afc      0x23c /Applications/STM32CubeIDE.app/Contents/Eclipse/plugins/com.st.stm32cube.ide.mcu.externaltools.gnu-tools-for-stm32.13.3.rel1.macos64_1.0.0.202411102158/tools/bin/../lib/gcc/arm-none-eabi/13.3.1/../../../../arm-none-eabi/lib/thumb/v7e-m+fp/hard/libc_nano.a(libc_a-nano-vfprintf_i.o)
                0x08008afc                _printf_i
 .text.__malloc_lock
                0x08008d38        0xc /Applications/STM32CubeIDE.app/Contents/Eclipse/plugins/com.st.stm32cube.ide.mcu.externaltools.gnu-tools-for-stm32.13.3.rel1.macos64_1.0.0.202411102158/tools/bin/../lib/gcc/arm-none-eabi/13.3.1/../../../../arm-none-eabi/lib/thumb/v7e-m+fp/hard/libc_nano.a(libc_a-mlock.o)
                0x08008d38                __malloc_lock
 .text.__malloc_unlock
                0x08008d44        0xc /Applications/STM32CubeIDE.app/Contents/Eclipse/plugins/com.st.stm32cube.ide.mcu.externaltools.gnu-tools-for-stm32.13.3.rel1.macos64_1.0.0.202411102158/tools/bin/../lib/gcc/arm-none-eabi/13.3.1/../../../../arm-none-eabi/lib/thumb/v7e-m+fp/hard/libc_nano.a(libc_a-mlock.o)
                0x08008d44                __malloc_unlock
 .text._realloc_r
                0x08008d50       0x5c /Applications/STM32CubeIDE.app/Contents/Eclipse/plugins/com.st.stm32cube.ide.mcu.externaltools.gnu-tools-for-stm32.13.3.rel1.macos64_1.0.0.202411102158/tools/bin/../lib/gcc/arm-none-eabi/13.3.1/../../../../arm-none-eabi/lib/thumb/v7e-m+fp/hard/libc_nano.a(libc_a-reallocr.o)
                0x08008d50                _realloc_r
 .text.memmove  0x08008dac       0x34 /Applications/STM32CubeIDE.app/Contents/Eclipse/plugins/com.st.stm32cube.ide.mcu.externaltools.gnu-tools-for-stm32.13.3.rel1.macos64_1.0.0.202411102158/tools/bin/../lib/gcc/arm-none-eabi/13.3.1/../../../../arm-none-eabi/lib/thumb/v7e-m+fp/hard/libc_nano.a(libc_a-memmove.o)
                0x08008dac                memmove
 .text._sbrk_r  0x08008de0       0x20 /Applications/STM32CubeIDE.app/Contents/Eclipse/plugins/com.st.stm32cube.ide.mcu.externaltools.gnu-tools-for-stm32.13.3.rel1.macos64_1.0.0.202411102158/tools/bin/../lib/gcc/arm-none-eabi/13.3.1/../../../../arm-none-eabi/lib/thumb/v7e-m+fp/hard/libc_nano.a(libc_a-sbrkr.o)
                0x08008de0                _sbrk_r
 .text._free_r  0x08008e00       0x94 /Applications/STM32CubeIDE.app/Contents/Eclipse/plugins/com.st.stm32cube.ide.mcu.externaltools.gnu-tools-for-stm32.13.3.rel1.macos64_1.0.0.202411102158/tools/bin/../lib/gcc/arm-none-eabi/13.3.1/../../../../arm-none-eabi/lib/thumb/v7e-m+fp/hard/libc_nano.a(libc_a-freer.o)
                0x08008e00                _free_r
 .text._malloc_usable_size_r
                0x08008e94       0x10 /Applications/STM32CubeIDE.app/Contents/Eclipse/plugins/com.st.stm32cube.ide.mcu.externaltools.gnu-tools-for-stm32.13.3.rel1.macos64_1.0.0.202411102158/tools/bin/../lib/gcc/arm-none-eabi/13.3.1/../../../../arm-none-eabi/lib/thumb/v7e-m+fp/hard/libc_nano.a(libc_a-msizer.o)
                0x08008e94                _malloc_usable_size_r
 *(.glue_7)
 .glue_7        0x08008ea4        0x0 linker stubs
 *(.glue_7t)
 .glue_7t       0x08008ea4        0x0 linker stubs
 *(.eh_frame)
 .eh_frame      0x08008ea4        0x0 /Applications/STM32CubeIDE.app/Contents/Eclipse/plugins/com.st.stm32cube.ide.mcu.externaltools.gnu-tools-for-stm32.13.3.rel1.macos64_1.0.0.202411102158/tools/bin/../lib/gcc/arm-none-eabi/13.3.1/thumb/v7e-m+fp/hard/crtbegin.o
 *(.init)
 .init          0x08008ea4        0x4 /Applications/STM32CubeIDE.app/Contents/Eclipse/plugins/com.st.stm32cube.ide.mcu.externaltools.gnu-tools-for-stm32.13.3.rel1.macos64_1.0.0.202411102158/tools/bin/../lib/gcc/arm-none-eabi/13.3.1/thumb/v7e-m+fp/hard/crti.o
                0x08008ea4                _init
 .init          0x08008ea8        0x8 /Applications/STM32CubeIDE.app/Contents/Eclipse/plugins/com.st.stm32cube.ide.mcu.externaltools.gnu-tools-for-stm32.13.3.rel1.macos64_1.0.0.202411102158/tools/bin/../lib/gcc/arm-none-eabi/13.3.1/thumb/v7e-m+fp/hard/crtn.o
 *(.fini)
 .fini          0x08008eb0        0x4 /Applications/STM32CubeIDE.app/Contents/Eclipse/plugins/com.st.stm32cube.ide.mcu.externaltools.gnu-tools-for-stm32.13.3.rel1.macos64_1.0.0.202411102158/tools/bin/../lib/gcc/arm-none-eabi/13.3.1/thumb/v7e-m+fp/hard/crti.o
                0x08008eb0                _fini
 .fini          0x08008eb4        0x8 /Applications/STM32CubeIDE.app/Contents/Eclipse/plugins/com.st.stm32cube.ide.mcu.externaltools.gnu-tools-for-stm32.13.3.rel1.macos64_1.0.0.202411102158/tools/bin/../lib/gcc/arm-none-eabi/13.3.1/thumb/v7e-m+fp/hard/crtn.o
                0x08008ebc                        . = ALIGN (0x4)
                0x08008ebc                        _etext = .

.vfp11_veneer   0x08008ebc        0x0
 .vfp11_veneer  0x08008ebc        0x0 linker stubs

.v4_bx          0x08008ebc        0x0
 .v4_bx         0x08008ebc        0x0 linker stubs

.iplt           0x08008ebc        0x0
 .iplt          0x08008ebc        0x0 /Applications/STM32CubeIDE.app/Contents/Eclipse/plugins/com.st.stm32cube.ide.mcu.externaltools.gnu-tools-for-stm32.13.3.rel1.macos64_1.0.0.202411102158/tools/bin/../lib/gcc/arm-none-eabi/13.3.1/thumb/v7e-m+fp/hard/crtbegin.o

.rodata         0x08008ebc       0x80
                0x08008ebc                        . = ALIGN (0x4)
 *(.rodata)
 .rodata        0x08008ebc       0x34 ./Core/Src/main.o
 *(.rodata*)
 .rodata.AHBPrescTable
                0x08008ef0       0x10 ./Core/Src/system_stm32f4xx.o
                0x08008ef0                AHBPrescTable
 .rodata.APBPrescTable
                0x08008f00        0x8 ./Core/Src/system_stm32f4xx.o
                0x08008f00                APBPrescTable
 .rodata._svfprintf_r.str1.1
                0x08008f08       0x33 /Applications/STM32CubeIDE.app/Contents/Eclipse/plugins/com.st.stm32cube.ide.mcu.externaltools.gnu-tools-for-stm32.13.3.rel1.macos64_1.0.0.202411102158/tools/bin/../lib/gcc/arm-none-eabi/13.3.1/../../../../arm-none-eabi/lib/thumb/v7e-m+fp/hard/libc_nano.a(libc_a-nano-svfprintf.o)
                                 0x11 (size before relaxing)
 .rodata._printf_i.str1.1
                0x08008f3b       0x22 /Applications/STM32CubeIDE.app/Contents/Eclipse/plugins/com.st.stm32cube.ide.mcu.externaltools.gnu-tools-for-stm32.13.3.rel1.macos64_1.0.0.202411102158/tools/bin/../lib/gcc/arm-none-eabi/13.3.1/../../../../arm-none-eabi/lib/thumb/v7e-m+fp/hard/libc_nano.a(libc_a-nano-vfprintf_i.o)
                0x08008f60                        . = ALIGN (0x4)
 *fill*         0x08008f3b        0x1 

.ARM.extab      0x08008f3c        0x0
                0x08008f3c                        . = ALIGN (0x4)
 *(.ARM.extab* .gnu.linkonce.armextab.*)
                0x08008f3c                        . = ALIGN (0x4)

.ARM            0x08008f3c        0x8
                0x08008f3c                        . = ALIGN (0x4)
                0x08008f3c                        __exidx_start = .
 *(.ARM.exidx*)
 .ARM.exidx     0x08008f3c        0x8 /Applications/STM32CubeIDE.app/Contents/Eclipse/plugins/com.st.stm32cube.ide.mcu.externaltools.gnu-tools-for-stm32.13.3.rel1.macos64_1.0.0.202411102158/tools/bin/../lib/gcc/arm-none-eabi/13.3.1/../../../../arm-none-eabi/lib/thumb/v7e-m+fp/hard/libc_nano.a(libc_a-memchr.o)
 .ARM.exidx     0x08008f44        0x0 /Applications/STM32CubeIDE.app/Contents/Eclipse/plugins/com.st.stm32cube.ide.mcu.externaltools.gnu-tools-for-stm32.13.3.rel1.macos64_1.0.0.202411102158/tools/bin/../lib/gcc/arm-none-eabi/13.3.1/thumb/v7e-m+fp/hard/libgcc.a(_udivmoddi4.o)
                                  0x8 (size before relaxing)
                0x08008f44                        __exidx_end = .
                0x08008f44                        . = ALIGN (0x4)

.preinit_array  0x08008f44        0x0
                0x08008f44                        . = ALIGN (0x4)
                0x08008f44                        PROVIDE (__preinit_array_start = .)
 *(.preinit_array*)
                0x08008f44                        PROVIDE (__preinit_array_end = .)
                0x08008f44                        . = ALIGN (0x4)

.init_array     0x08008f44        0x4
                0x08008f44                        . = ALIGN (0x4)
                0x08008f44                        PROVIDE (__init_array_start = .)
 *(SORT_BY_NAME(.init_array.*))
 *(.init_array*)
 .init_array    0x08008f44        0x4 /Applications/STM32CubeIDE.app/Contents/Eclipse/plugins/com.st.stm32cube.ide.mcu.externaltools.gnu-tools-for-stm32.13.3.rel1.macos64_1.0.0.202411102158/tools/bin/../lib/gcc/arm-none-eabi/13.3.1/thumb/v7e-m+fp/hard/crtbegin.o
                0x08008f48                        PROVIDE (__init_array_end = .)
                0x08008f48                        . = ALIGN (0x4)

.fini_array     0x08008f48        0x4
                0x08008f48                        . = ALIGN (0x4)
                [!provide]                        PROVIDE (__fini_array_start = .)
 *(SORT_BY_NAME(.fini_array.*))
 *(.fini_array*)
 .fini_array    0x08008f48        0x4 /Applications/STM32CubeIDE.app/Contents/Eclipse/plugins/com.st.stm32cube.ide.mcu.externaltools.gnu-tools-for-stm32.13.3.rel1.macos64_1.0.0.202411102158/tools/bin/../lib/gcc/arm-none-eabi/13.3.1/thumb/v7e-m+fp/hard/crtbegin.o
                [!provide]                        PROVIDE (__fini_array_end = .)
                0x08008f4c                        . = ALIGN (0x4)
                0x08008f4c                        _sidata = LOADADDR (.data)

.rel.dyn        0x08008f4c        0x0
 .rel.iplt      0x08008f4c        0x0 /Applications/STM32CubeIDE.app/Contents/Eclipse/plugins/com.st.stm32cube.ide.mcu.externaltools.gnu-tools-for-stm32.13.3.rel1.macos64_1.0.0.202411102158/tools/bin/../lib/gcc/arm-none-eabi/13.3.1/thumb/v7e-m+fp/hard/crtbegin.o

.data           0x20000000      0x31c load address 0x08008f4c
                0x20000000                        . = ALIGN (0x4)
                0x20000000                        _sdata = .
 *(.data)
 *(.data*)
 .data.Dev      0x20000000        0x4 ./Core/Src/main.o
                0x20000000                Dev
 .data.SystemCoreClock
                0x20000004        0x4 ./Core/Src/system_stm32f4xx.o
                0x20000004                SystemCoreClock
 .data.uwTickPrio
                0x20000008        0x4 ./Drivers/STM32F4xx_HAL_Driver/Src/stm32f4xx_hal.o
                0x20000008                uwTickPrio
 .data.uwTickFreq
                0x2000000c        0x1 ./Drivers/STM32F4xx_HAL_Driver/Src/stm32f4xx_hal.o
                0x2000000c                uwTickFreq
 *fill*         0x2000000d        0x3 
 .data.DefaultTuningSettings
                0x20000010       0xf3 ./Drivers/vl53l0x/vl53l0x_api.o
                0x20000010                DefaultTuningSettings
 *fill*         0x20000103        0x1 
 .data.InterruptThresholdSettings
                0x20000104      0x1b6 ./Drivers/vl53l0x/vl53l0x_api.o
                0x20000104                InterruptThresholdSettings
 *fill*         0x200002ba        0x2 
 .data.refArrayQuadrants
                0x200002bc       0x10 ./Drivers/vl53l0x/vl53l0x_api_calibration.o
                0x200002bc                refArrayQuadrants
 .data._impure_ptr
                0x200002cc        0x4 /Applications/STM32CubeIDE.app/Contents/Eclipse/plugins/com.st.stm32cube.ide.mcu.externaltools.gnu-tools-for-stm32.13.3.rel1.macos64_1.0.0.202411102158/tools/bin/../lib/gcc/arm-none-eabi/13.3.1/../../../../arm-none-eabi/lib/thumb/v7e-m+fp/hard/libc_nano.a(libc_a-impure.o)
                0x200002cc                _impure_ptr
 .data._impure_data
                0x200002d0       0x4c /Applications/STM32CubeIDE.app/Contents/Eclipse/plugins/com.st.stm32cube.ide.mcu.externaltools.gnu-tools-for-stm32.13.3.rel1.macos64_1.0.0.202411102158/tools/bin/../lib/gcc/arm-none-eabi/13.3.1/../../../../arm-none-eabi/lib/thumb/v7e-m+fp/hard/libc_nano.a(libc_a-impure.o)
                0x200002d0                _impure_data
 *(.RamFunc)
 *(.RamFunc*)
                0x2000031c                        . = ALIGN (0x4)
                0x2000031c                        _edata = .

.igot.plt       0x2000031c        0x0 load address 0x08009268
 .igot.plt      0x2000031c        0x0 /Applications/STM32CubeIDE.app/Contents/Eclipse/plugins/com.st.stm32cube.ide.mcu.externaltools.gnu-tools-for-stm32.13.3.rel1.macos64_1.0.0.202411102158/tools/bin/../lib/gcc/arm-none-eabi/13.3.1/thumb/v7e-m+fp/hard/crtbegin.o
                0x2000031c                        . = ALIGN (0x4)

.bss            0x2000031c      0x430 load address 0x08009268
                0x2000031c                        _sbss = .
                0x2000031c                        __bss_start__ = _sbss
 *(.bss)
 .bss           0x2000031c       0x1c /Applications/STM32CubeIDE.app/Contents/Eclipse/plugins/com.st.stm32cube.ide.mcu.externaltools.gnu-tools-for-stm32.13.3.rel1.macos64_1.0.0.202411102158/tools/bin/../lib/gcc/arm-none-eabi/13.3.1/thumb/v7e-m+fp/hard/crtbegin.o
 *(.bss*)
 .bss.hi2c1     0x20000338       0x54 ./Core/Src/main.o
                0x20000338                hi2c1
 .bss.huart2    0x2000038c       0x48 ./Core/Src/main.o
                0x2000038c                huart2
 .bss.Message   0x200003d4       0x40 ./Core/Src/main.o
                0x200003d4                Message
 .bss.MessageLen
                0x20000414        0x1 ./Core/Src/main.o
                0x20000414                MessageLen
 *fill*         0x20000415        0x3 
 .bss.RangingData
                0x20000418       0x1c ./Core/Src/main.o
                0x20000418                RangingData
 .bss.vl53l0x_c
                0x20000434      0x188 ./Core/Src/main.o
                0x20000434                vl53l0x_c
 .bss.__sbrk_heap_end
                0x200005bc        0x4 ./Core/Src/sysmem.o
 .bss.uwTick    0x200005c0        0x4 ./Drivers/STM32F4xx_HAL_Driver/Src/stm32f4xx_hal.o
                0x200005c0                uwTick
 .bss._I2CBuffer
                0x200005c4       0x40 ./Drivers/vl53l0x/vl53l0x_tof.o
                0x200005c4                _I2CBuffer
 .bss.__sf      0x20000604      0x138 /Applications/STM32CubeIDE.app/Contents/Eclipse/plugins/com.st.stm32cube.ide.mcu.externaltools.gnu-tools-for-stm32.13.3.rel1.macos64_1.0.0.202411102158/tools/bin/../lib/gcc/arm-none-eabi/13.3.1/../../../../arm-none-eabi/lib/thumb/v7e-m+fp/hard/libc_nano.a(libc_a-findfp.o)
                0x20000604                __sf
 .bss.__lock___malloc_recursive_mutex
                0x2000073c        0x1 /Applications/STM32CubeIDE.app/Contents/Eclipse/plugins/com.st.stm32cube.ide.mcu.externaltools.gnu-tools-for-stm32.13.3.rel1.macos64_1.0.0.202411102158/tools/bin/../lib/gcc/arm-none-eabi/13.3.1/../../../../arm-none-eabi/lib/thumb/v7e-m+fp/hard/libc_nano.a(libc_a-lock.o)
                0x2000073c                __lock___malloc_recursive_mutex
 *fill*         0x2000073d        0x3 
 .bss.__malloc_sbrk_start
                0x20000740        0x4 /Applications/STM32CubeIDE.app/Contents/Eclipse/plugins/com.st.stm32cube.ide.mcu.externaltools.gnu-tools-for-stm32.13.3.rel1.macos64_1.0.0.202411102158/tools/bin/../lib/gcc/arm-none-eabi/13.3.1/../../../../arm-none-eabi/lib/thumb/v7e-m+fp/hard/libc_nano.a(libc_a-mallocr.o)
                0x20000740                __malloc_sbrk_start
 .bss.__malloc_free_list
                0x20000744        0x4 /Applications/STM32CubeIDE.app/Contents/Eclipse/plugins/com.st.stm32cube.ide.mcu.externaltools.gnu-tools-for-stm32.13.3.rel1.macos64_1.0.0.202411102158/tools/bin/../lib/gcc/arm-none-eabi/13.3.1/../../../../arm-none-eabi/lib/thumb/v7e-m+fp/hard/libc_nano.a(libc_a-mallocr.o)
                0x20000744                __malloc_free_list
 .bss.errno     0x20000748        0x4 /Applications/STM32CubeIDE.app/Contents/Eclipse/plugins/com.st.stm32cube.ide.mcu.externaltools.gnu-tools-for-stm32.13.3.rel1.macos64_1.0.0.202411102158/tools/bin/../lib/gcc/arm-none-eabi/13.3.1/../../../../arm-none-eabi/lib/thumb/v7e-m+fp/hard/libc_nano.a(libc_a-reent.o)
                0x20000748                errno
 *(COMMON)
                0x2000074c                        . = ALIGN (0x4)
                0x2000074c                        _ebss = .
                0x2000074c                        __bss_end__ = _ebss

._user_heap_stack
                0x2000074c      0x604 load address 0x08009268
                0x20000750                        . = ALIGN (0x8)
 *fill*         0x2000074c        0x4 
                [!provide]                        PROVIDE (end = .)
                0x20000750                        PROVIDE (_end = .)
                0x20000950                        . = (. + _Min_Heap_Size)
 *fill*         0x20000750      0x200 
                0x20000d50                        . = (. + _Min_Stack_Size)
 *fill*         0x20000950      0x400 
                0x20000d50                        . = ALIGN (0x8)

/DISCARD/
 libc.a(*)
 libm.a(*)
 libgcc.a(*)

.ARM.attributes
                0x00000000       0x30
 *(.ARM.attributes)
 .ARM.attributes
                0x00000000       0x22 /Applications/STM32CubeIDE.app/Contents/Eclipse/plugins/com.st.stm32cube.ide.mcu.externaltools.gnu-tools-for-stm32.13.3.rel1.macos64_1.0.0.202411102158/tools/bin/../lib/gcc/arm-none-eabi/13.3.1/thumb/v7e-m+fp/hard/crti.o
 .ARM.attributes
                0x00000022       0x34 /Applications/STM32CubeIDE.app/Contents/Eclipse/plugins/com.st.stm32cube.ide.mcu.externaltools.gnu-tools-for-stm32.13.3.rel1.macos64_1.0.0.202411102158/tools/bin/../lib/gcc/arm-none-eabi/13.3.1/thumb/v7e-m+fp/hard/crtbegin.o
 .ARM.attributes
                0x00000056       0x34 ./Core/Src/main.o
 .ARM.attributes
                0x0000008a       0x34 ./Core/Src/stm32f4xx_hal_msp.o
 .ARM.attributes
                0x000000be       0x34 ./Core/Src/stm32f4xx_it.o
 .ARM.attributes
                0x000000f2       0x34 ./Core/Src/sysmem.o
 .ARM.attributes
                0x00000126       0x34 ./Core/Src/system_stm32f4xx.o
 .ARM.attributes
                0x0000015a       0x21 ./Core/Startup/startup_stm32f446retx.o
 .ARM.attributes
                0x0000017b       0x34 ./Drivers/STM32F4xx_HAL_Driver/Src/stm32f4xx_hal.o
 .ARM.attributes
                0x000001af       0x34 ./Drivers/STM32F4xx_HAL_Driver/Src/stm32f4xx_hal_cortex.o
 .ARM.attributes
                0x000001e3       0x34 ./Drivers/STM32F4xx_HAL_Driver/Src/stm32f4xx_hal_gpio.o
 .ARM.attributes
                0x00000217       0x34 ./Drivers/STM32F4xx_HAL_Driver/Src/stm32f4xx_hal_i2c.o
 .ARM.attributes
                0x0000024b       0x34 ./Drivers/STM32F4xx_HAL_Driver/Src/stm32f4xx_hal_rcc.o
 .ARM.attributes
                0x0000027f       0x34 ./Drivers/STM32F4xx_HAL_Driver/Src/stm32f4xx_hal_rcc_ex.o
 .ARM.attributes
                0x000002b3       0x34 ./Drivers/STM32F4xx_HAL_Driver/Src/stm32f4xx_hal_uart.o
 .ARM.attributes
                0x000002e7       0x34 ./Drivers/vl53l0x/vl53l0x_api.o
 .ARM.attributes
                0x0000031b       0x34 ./Drivers/vl53l0x/vl53l0x_api_calibration.o
 .ARM.attributes
                0x0000034f       0x34 ./Drivers/vl53l0x/vl53l0x_api_core.o
 .ARM.attributes
                0x00000383       0x34 ./Drivers/vl53l0x/vl53l0x_tof.o
 .ARM.attributes
                0x000003b7       0x34 /Applications/STM32CubeIDE.app/Contents/Eclipse/plugins/com.st.stm32cube.ide.mcu.externaltools.gnu-tools-for-stm32.13.3.rel1.macos64_1.0.0.202411102158/tools/bin/../lib/gcc/arm-none-eabi/13.3.1/../../../../arm-none-eabi/lib/thumb/v7e-m+fp/hard/libc_nano.a(libc_a-sprintf.o)
 .ARM.attributes
                0x000003eb       0x34 /Applications/STM32CubeIDE.app/Contents/Eclipse/plugins/com.st.stm32cube.ide.mcu.externaltools.gnu-tools-for-stm32.13.3.rel1.macos64_1.0.0.202411102158/tools/bin/../lib/gcc/arm-none-eabi/13.3.1/../../../../arm-none-eabi/lib/thumb/v7e-m+fp/hard/libc_nano.a(libc_a-findfp.o)
 .ARM.attributes
                0x0000041f       0x34 /Applications/STM32CubeIDE.app/Contents/Eclipse/plugins/com.st.stm32cube.ide.mcu.externaltools.gnu-tools-for-stm32.13.3.rel1.macos64_1.0.0.202411102158/tools/bin/../lib/gcc/arm-none-eabi/13.3.1/../../../../arm-none-eabi/lib/thumb/v7e-m+fp/hard/libc_nano.a(libc_a-memset.o)
 .ARM.attributes
                0x00000453       0x34 /Applications/STM32CubeIDE.app/Contents/Eclipse/plugins/com.st.stm32cube.ide.mcu.externaltools.gnu-tools-for-stm32.13.3.rel1.macos64_1.0.0.202411102158/tools/bin/../lib/gcc/arm-none-eabi/13.3.1/../../../../arm-none-eabi/lib/thumb/v7e-m+fp/hard/libc_nano.a(libc_a-errno.o)
 .ARM.attributes
                0x00000487       0x34 /Applications/STM32CubeIDE.app/Contents/Eclipse/plugins/com.st.stm32cube.ide.mcu.externaltools.gnu-tools-for-stm32.13.3.rel1.macos64_1.0.0.202411102158/tools/bin/../lib/gcc/arm-none-eabi/13.3.1/../../../../arm-none-eabi/lib/thumb/v7e-m+fp/hard/libc_nano.a(libc_a-init.o)
 .ARM.attributes
                0x000004bb       0x34 /Applications/STM32CubeIDE.app/Contents/Eclipse/plugins/com.st.stm32cube.ide.mcu.externaltools.gnu-tools-for-stm32.13.3.rel1.macos64_1.0.0.202411102158/tools/bin/../lib/gcc/arm-none-eabi/13.3.1/../../../../arm-none-eabi/lib/thumb/v7e-m+fp/hard/libc_nano.a(libc_a-lock.o)
 .ARM.attributes
                0x000004ef       0x34 /Applications/STM32CubeIDE.app/Contents/Eclipse/plugins/com.st.stm32cube.ide.mcu.externaltools.gnu-tools-for-stm32.13.3.rel1.macos64_1.0.0.202411102158/tools/bin/../lib/gcc/arm-none-eabi/13.3.1/../../../../arm-none-eabi/lib/thumb/v7e-m+fp/hard/libc_nano.a(libc_a-impure.o)
 .ARM.attributes
                0x00000523       0x34 /Applications/STM32CubeIDE.app/Contents/Eclipse/plugins/com.st.stm32cube.ide.mcu.externaltools.gnu-tools-for-stm32.13.3.rel1.macos64_1.0.0.202411102158/tools/bin/../lib/gcc/arm-none-eabi/13.3.1/../../../../arm-none-eabi/lib/thumb/v7e-m+fp/hard/libc_nano.a(libc_a-strcpy.o)
 .ARM.attributes
                0x00000557       0x34 /Applications/STM32CubeIDE.app/Contents/Eclipse/plugins/com.st.stm32cube.ide.mcu.externaltools.gnu-tools-for-stm32.13.3.rel1.macos64_1.0.0.202411102158/tools/bin/../lib/gcc/arm-none-eabi/13.3.1/../../../../arm-none-eabi/lib/thumb/v7e-m+fp/hard/libc_nano.a(libc_a-memcpy-stub.o)
 .ARM.attributes
                0x0000058b       0x34 /Applications/STM32CubeIDE.app/Contents/Eclipse/plugins/com.st.stm32cube.ide.mcu.externaltools.gnu-tools-for-stm32.13.3.rel1.macos64_1.0.0.202411102158/tools/bin/../lib/gcc/arm-none-eabi/13.3.1/../../../../arm-none-eabi/lib/thumb/v7e-m+fp/hard/libc_nano.a(libc_a-nano-svfprintf.o)
 .ARM.attributes
                0x000005bf       0x34 /Applications/STM32CubeIDE.app/Contents/Eclipse/plugins/com.st.stm32cube.ide.mcu.externaltools.gnu-tools-for-stm32.13.3.rel1.macos64_1.0.0.202411102158/tools/bin/../lib/gcc/arm-none-eabi/13.3.1/../../../../arm-none-eabi/lib/thumb/v7e-m+fp/hard/libc_nano.a(libc_a-mallocr.o)
 .ARM.attributes
                0x000005f3       0x34 /Applications/STM32CubeIDE.app/Contents/Eclipse/plugins/com.st.stm32cube.ide.mcu.externaltools.gnu-tools-for-stm32.13.3.rel1.macos64_1.0.0.202411102158/tools/bin/../lib/gcc/arm-none-eabi/13.3.1/../../../../arm-none-eabi/lib/thumb/v7e-m+fp/hard/libc_nano.a(libc_a-nano-vfprintf_i.o)
 .ARM.attributes
                0x00000627       0x34 /Applications/STM32CubeIDE.app/Contents/Eclipse/plugins/com.st.stm32cube.ide.mcu.externaltools.gnu-tools-for-stm32.13.3.rel1.macos64_1.0.0.202411102158/tools/bin/../lib/gcc/arm-none-eabi/13.3.1/../../../../arm-none-eabi/lib/thumb/v7e-m+fp/hard/libc_nano.a(libc_a-mlock.o)
 .ARM.attributes
                0x0000065b       0x34 /Applications/STM32CubeIDE.app/Contents/Eclipse/plugins/com.st.stm32cube.ide.mcu.externaltools.gnu-tools-for-stm32.13.3.rel1.macos64_1.0.0.202411102158/tools/bin/../lib/gcc/arm-none-eabi/13.3.1/../../../../arm-none-eabi/lib/thumb/v7e-m+fp/hard/libc_nano.a(libc_a-reallocr.o)
 .ARM.attributes
                0x0000068f       0x34 /Applications/STM32CubeIDE.app/Contents/Eclipse/plugins/com.st.stm32cube.ide.mcu.externaltools.gnu-tools-for-stm32.13.3.rel1.macos64_1.0.0.202411102158/tools/bin/../lib/gcc/arm-none-eabi/13.3.1/../../../../arm-none-eabi/lib/thumb/v7e-m+fp/hard/libc_nano.a(libc_a-memmove.o)
 .ARM.attributes
                0x000006c3       0x34 /Applications/STM32CubeIDE.app/Contents/Eclipse/plugins/com.st.stm32cube.ide.mcu.externaltools.gnu-tools-for-stm32.13.3.rel1.macos64_1.0.0.202411102158/tools/bin/../lib/gcc/arm-none-eabi/13.3.1/../../../../arm-none-eabi/lib/thumb/v7e-m+fp/hard/libc_nano.a(libc_a-sbrkr.o)
 .ARM.attributes
                0x000006f7       0x34 /Applications/STM32CubeIDE.app/Contents/Eclipse/plugins/com.st.stm32cube.ide.mcu.externaltools.gnu-tools-for-stm32.13.3.rel1.macos64_1.0.0.202411102158/tools/bin/../lib/gcc/arm-none-eabi/13.3.1/../../../../arm-none-eabi/lib/thumb/v7e-m+fp/hard/libc_nano.a(libc_a-reent.o)
 .ARM.attributes
                0x0000072b       0x1c /Applications/STM32CubeIDE.app/Contents/Eclipse/plugins/com.st.stm32cube.ide.mcu.externaltools.gnu-tools-for-stm32.13.3.rel1.macos64_1.0.0.202411102158/tools/bin/../lib/gcc/arm-none-eabi/13.3.1/../../../../arm-none-eabi/lib/thumb/v7e-m+fp/hard/libc_nano.a(libc_a-memchr.o)
 .ARM.attributes
                0x00000747       0x34 /Applications/STM32CubeIDE.app/Contents/Eclipse/plugins/com.st.stm32cube.ide.mcu.externaltools.gnu-tools-for-stm32.13.3.rel1.macos64_1.0.0.202411102158/tools/bin/../lib/gcc/arm-none-eabi/13.3.1/../../../../arm-none-eabi/lib/thumb/v7e-m+fp/hard/libc_nano.a(libc_a-freer.o)
 .ARM.attributes
                0x0000077b       0x34 /Applications/STM32CubeIDE.app/Contents/Eclipse/plugins/com.st.stm32cube.ide.mcu.externaltools.gnu-tools-for-stm32.13.3.rel1.macos64_1.0.0.202411102158/tools/bin/../lib/gcc/arm-none-eabi/13.3.1/../../../../arm-none-eabi/lib/thumb/v7e-m+fp/hard/libc_nano.a(libc_a-msizer.o)
 .ARM.attributes
                0x000007af       0x22 /Applications/STM32CubeIDE.app/Contents/Eclipse/plugins/com.st.stm32cube.ide.mcu.externaltools.gnu-tools-for-stm32.13.3.rel1.macos64_1.0.0.202411102158/tools/bin/../lib/gcc/arm-none-eabi/13.3.1/thumb/v7e-m+fp/hard/libgcc.a(_aeabi_uldivmod.o)
 .ARM.attributes
                0x000007d1       0x34 /Applications/STM32CubeIDE.app/Contents/Eclipse/plugins/com.st.stm32cube.ide.mcu.externaltools.gnu-tools-for-stm32.13.3.rel1.macos64_1.0.0.202411102158/tools/bin/../lib/gcc/arm-none-eabi/13.3.1/thumb/v7e-m+fp/hard/libgcc.a(_udivmoddi4.o)
 .ARM.attributes
                0x00000805       0x22 /Applications/STM32CubeIDE.app/Contents/Eclipse/plugins/com.st.stm32cube.ide.mcu.externaltools.gnu-tools-for-stm32.13.3.rel1.macos64_1.0.0.202411102158/tools/bin/../lib/gcc/arm-none-eabi/13.3.1/thumb/v7e-m+fp/hard/libgcc.a(_dvmd_tls.o)
 .ARM.attributes
                0x00000827       0x22 /Applications/STM32CubeIDE.app/Contents/Eclipse/plugins/com.st.stm32cube.ide.mcu.externaltools.gnu-tools-for-stm32.13.3.rel1.macos64_1.0.0.202411102158/tools/bin/../lib/gcc/arm-none-eabi/13.3.1/thumb/v7e-m+fp/hard/crtn.o
OUTPUT(vl53test.elf elf32-littlearm)
LOAD linker stubs
LOAD /Applications/STM32CubeIDE.app/Contents/Eclipse/plugins/com.st.stm32cube.ide.mcu.externaltools.gnu-tools-for-stm32.13.3.rel1.macos64_1.0.0.202411102158/tools/bin/../lib/gcc/arm-none-eabi/13.3.1/../../../../arm-none-eabi/lib/thumb/v7e-m+fp/hard/libc.a
LOAD /Applications/STM32CubeIDE.app/Contents/Eclipse/plugins/com.st.stm32cube.ide.mcu.externaltools.gnu-tools-for-stm32.13.3.rel1.macos64_1.0.0.202411102158/tools/bin/../lib/gcc/arm-none-eabi/13.3.1/../../../../arm-none-eabi/lib/thumb/v7e-m+fp/hard/libm.a
LOAD /Applications/STM32CubeIDE.app/Contents/Eclipse/plugins/com.st.stm32cube.ide.mcu.externaltools.gnu-tools-for-stm32.13.3.rel1.macos64_1.0.0.202411102158/tools/bin/../lib/gcc/arm-none-eabi/13.3.1/thumb/v7e-m+fp/hard/libgcc.a

.debug_info     0x00000000    0x13813
 .debug_info    0x00000000     0x1827 ./Core/Src/main.o
 .debug_info    0x00001827      0xc4c ./Core/Src/stm32f4xx_hal_msp.o
 .debug_info    0x00002473      0x112 ./Core/Src/stm32f4xx_it.o
 .debug_info    0x00002585      0x168 ./Core/Src/sysmem.o
 .debug_info    0x000026ed      0x54a ./Core/Src/system_stm32f4xx.o
 .debug_info    0x00002c37       0x30 ./Core/Startup/startup_stm32f446retx.o
 .debug_info    0x00002c67      0x99a ./Drivers/STM32F4xx_HAL_Driver/Src/stm32f4xx_hal.o
 .debug_info    0x00003601      0xdaa ./Drivers/STM32F4xx_HAL_Driver/Src/stm32f4xx_hal_cortex.o
 .debug_info    0x000043ab      0x70b ./Drivers/STM32F4xx_HAL_Driver/Src/stm32f4xx_hal_gpio.o
 .debug_info    0x00004ab6     0x2421 ./Drivers/STM32F4xx_HAL_Driver/Src/stm32f4xx_hal_i2c.o
 .debug_info    0x00006ed7      0x8ff ./Drivers/STM32F4xx_HAL_Driver/Src/stm32f4xx_hal_rcc.o
 .debug_info    0x000077d6      0x960 ./Drivers/STM32F4xx_HAL_Driver/Src/stm32f4xx_hal_rcc_ex.o
 .debug_info    0x00008136     0x2f4f ./Drivers/STM32F4xx_HAL_Driver/Src/stm32f4xx_hal_uart.o
 .debug_info    0x0000b085     0x3522 ./Drivers/vl53l0x/vl53l0x_api.o
 .debug_info    0x0000e5a7     0x1d0a ./Drivers/vl53l0x/vl53l0x_api_calibration.o
 .debug_info    0x000102b1     0x219f ./Drivers/vl53l0x/vl53l0x_api_core.o
 .debug_info    0x00012450     0x13c3 ./Drivers/vl53l0x/vl53l0x_tof.o

.debug_abbrev   0x00000000     0x230a
 .debug_abbrev  0x00000000      0x2eb ./Core/Src/main.o
 .debug_abbrev  0x000002eb      0x1c2 ./Core/Src/stm32f4xx_hal_msp.o
 .debug_abbrev  0x000004ad       0x73 ./Core/Src/stm32f4xx_it.o
 .debug_abbrev  0x00000520       0xbc ./Core/Src/sysmem.o
 .debug_abbrev  0x000005dc      0x11a ./Core/Src/system_stm32f4xx.o
 .debug_abbrev  0x000006f6       0x24 ./Core/Startup/startup_stm32f446retx.o
 .debug_abbrev  0x0000071a      0x214 ./Drivers/STM32F4xx_HAL_Driver/Src/stm32f4xx_hal.o
 .debug_abbrev  0x0000092e      0x31d ./Drivers/STM32F4xx_HAL_Driver/Src/stm32f4xx_hal_cortex.o
 .debug_abbrev  0x00000c4b      0x1d4 ./Drivers/STM32F4xx_HAL_Driver/Src/stm32f4xx_hal_gpio.o
 .debug_abbrev  0x00000e1f      0x2ad ./Drivers/STM32F4xx_HAL_Driver/Src/stm32f4xx_hal_i2c.o
 .debug_abbrev  0x000010cc      0x2b7 ./Drivers/STM32F4xx_HAL_Driver/Src/stm32f4xx_hal_rcc.o
 .debug_abbrev  0x00001383      0x211 ./Drivers/STM32F4xx_HAL_Driver/Src/stm32f4xx_hal_rcc_ex.o
 .debug_abbrev  0x00001594      0x30e ./Drivers/STM32F4xx_HAL_Driver/Src/stm32f4xx_hal_uart.o
 .debug_abbrev  0x000018a2      0x2ae ./Drivers/vl53l0x/vl53l0x_api.o
 .debug_abbrev  0x00001b50      0x29f ./Drivers/vl53l0x/vl53l0x_api_calibration.o
 .debug_abbrev  0x00001def      0x2b7 ./Drivers/vl53l0x/vl53l0x_api_core.o
 .debug_abbrev  0x000020a6      0x264 ./Drivers/vl53l0x/vl53l0x_tof.o

.debug_aranges  0x00000000      0xee8
 .debug_aranges
                0x00000000       0x50 ./Core/Src/main.o
 .debug_aranges
                0x00000050       0x40 ./Core/Src/stm32f4xx_hal_msp.o
 .debug_aranges
                0x00000090       0x60 ./Core/Src/stm32f4xx_it.o
 .debug_aranges
                0x000000f0       0x20 ./Core/Src/sysmem.o
 .debug_aranges
                0x00000110       0x28 ./Core/Src/system_stm32f4xx.o
 .debug_aranges
                0x00000138       0x28 ./Core/Startup/startup_stm32f446retx.o
 .debug_aranges
                0x00000160       0xf0 ./Drivers/STM32F4xx_HAL_Driver/Src/stm32f4xx_hal.o
 .debug_aranges
                0x00000250      0x130 ./Drivers/STM32F4xx_HAL_Driver/Src/stm32f4xx_hal_cortex.o
 .debug_aranges
                0x00000380       0x58 ./Drivers/STM32F4xx_HAL_Driver/Src/stm32f4xx_hal_gpio.o
 .debug_aranges
                0x000003d8      0x2a8 ./Drivers/STM32F4xx_HAL_Driver/Src/stm32f4xx_hal_i2c.o
 .debug_aranges
                0x00000680       0x88 ./Drivers/STM32F4xx_HAL_Driver/Src/stm32f4xx_hal_rcc.o
 .debug_aranges
                0x00000708       0x78 ./Drivers/STM32F4xx_HAL_Driver/Src/stm32f4xx_hal_rcc_ex.o
 .debug_aranges
                0x00000780      0x208 ./Drivers/STM32F4xx_HAL_Driver/Src/stm32f4xx_hal_uart.o
 .debug_aranges
                0x00000988      0x330 ./Drivers/vl53l0x/vl53l0x_api.o
 .debug_aranges
                0x00000cb8       0xd0 ./Drivers/vl53l0x/vl53l0x_api_calibration.o
 .debug_aranges
                0x00000d88       0xe0 ./Drivers/vl53l0x/vl53l0x_api_core.o
 .debug_aranges
                0x00000e68       0x80 ./Drivers/vl53l0x/vl53l0x_tof.o

.debug_rnglists
                0x00000000      0xb9d
 .debug_rnglists
                0x00000000       0x3a ./Core/Src/main.o
 .debug_rnglists
                0x0000003a       0x2d ./Core/Src/stm32f4xx_hal_msp.o
 .debug_rnglists
                0x00000067       0x43 ./Core/Src/stm32f4xx_it.o
 .debug_rnglists
                0x000000aa       0x13 ./Core/Src/sysmem.o
 .debug_rnglists
                0x000000bd       0x1a ./Core/Src/system_stm32f4xx.o
 .debug_rnglists
                0x000000d7       0x19 ./Core/Startup/startup_stm32f446retx.o
 .debug_rnglists
                0x000000f0       0xaf ./Drivers/STM32F4xx_HAL_Driver/Src/stm32f4xx_hal.o
 .debug_rnglists
                0x0000019f       0xe0 ./Drivers/STM32F4xx_HAL_Driver/Src/stm32f4xx_hal_cortex.o
 .debug_rnglists
                0x0000027f       0x3f ./Drivers/STM32F4xx_HAL_Driver/Src/stm32f4xx_hal_gpio.o
 .debug_rnglists
                0x000002be      0x23c ./Drivers/STM32F4xx_HAL_Driver/Src/stm32f4xx_hal_i2c.o
 .debug_rnglists
                0x000004fa       0x66 ./Drivers/STM32F4xx_HAL_Driver/Src/stm32f4xx_hal_rcc.o
 .debug_rnglists
                0x00000560       0x5e ./Drivers/STM32F4xx_HAL_Driver/Src/stm32f4xx_hal_rcc_ex.o
 .debug_rnglists
                0x000005be      0x1bc ./Drivers/STM32F4xx_HAL_Driver/Src/stm32f4xx_hal_uart.o
 .debug_rnglists
                0x0000077a      0x275 ./Drivers/vl53l0x/vl53l0x_api.o
 .debug_rnglists
                0x000009ef       0xa4 ./Drivers/vl53l0x/vl53l0x_api_calibration.o
 .debug_rnglists
                0x00000a93       0xae ./Drivers/vl53l0x/vl53l0x_api_core.o
 .debug_rnglists
                0x00000b41       0x5c ./Drivers/vl53l0x/vl53l0x_tof.o

.debug_macro    0x00000000    0x22c2b
 .debug_macro   0x00000000      0x356 ./Core/Src/main.o
 .debug_macro   0x00000356      0xad8 ./Core/Src/main.o
 .debug_macro   0x00000e2e      0x29b ./Core/Src/main.o
 .debug_macro   0x000010c9       0x2e ./Core/Src/main.o
 .debug_macro   0x000010f7       0x28 ./Core/Src/main.o
 .debug_macro   0x0000111f       0x22 ./Core/Src/main.o
 .debug_macro   0x00001141       0x8e ./Core/Src/main.o
 .debug_macro   0x000011cf       0x51 ./Core/Src/main.o
 .debug_macro   0x00001220      0x103 ./Core/Src/main.o
 .debug_macro   0x00001323       0x6a ./Core/Src/main.o
 .debug_macro   0x0000138d      0x1df ./Core/Src/main.o
 .debug_macro   0x0000156c       0x1c ./Core/Src/main.o
 .debug_macro   0x00001588       0x22 ./Core/Src/main.o
 .debug_macro   0x000015aa       0xfb ./Core/Src/main.o
 .debug_macro   0x000016a5     0x1011 ./Core/Src/main.o
 .debug_macro   0x000026b6      0x11f ./Core/Src/main.o
 .debug_macro   0x000027d5    0x1675e ./Core/Src/main.o
 .debug_macro   0x00018f33       0x6d ./Core/Src/main.o
 .debug_macro   0x00018fa0     0x3693 ./Core/Src/main.o
 .debug_macro   0x0001c633      0x190 ./Core/Src/main.o
 .debug_macro   0x0001c7c3       0x5c ./Core/Src/main.o
 .debug_macro   0x0001c81f      0xca5 ./Core/Src/main.o
 .debug_macro   0x0001d4c4      0x9e9 ./Core/Src/main.o
 .debug_macro   0x0001dead      0x115 ./Core/Src/main.o
 .debug_macro   0x0001dfc2      0x1a0 ./Core/Src/main.o
 .debug_macro   0x0001e162       0xa5 ./Core/Src/main.o
 .debug_macro   0x0001e207      0x16d ./Core/Src/main.o
 .debug_macro   0x0001e374      0x287 ./Core/Src/main.o
 .debug_macro   0x0001e5fb       0x5f ./Core/Src/main.o
 .debug_macro   0x0001e65a      0x236 ./Core/Src/main.o
 .debug_macro   0x0001e890      0x132 ./Core/Src/main.o
 .debug_macro   0x0001e9c2      0x29c ./Core/Src/main.o
 .debug_macro   0x0001ec5e       0x2e ./Core/Src/main.o
 .debug_macro   0x0001ec8c      0x1b5 ./Core/Src/main.o
 .debug_macro   0x0001ee41       0x22 ./Core/Src/main.o
 .debug_macro   0x0001ee63       0xd6 ./Core/Src/main.o
 .debug_macro   0x0001ef39      0x127 ./Core/Src/main.o
 .debug_macro   0x0001f060       0xe8 ./Core/Src/main.o
 .debug_macro   0x0001f148       0x89 ./Core/Src/main.o
 .debug_macro   0x0001f1d1      0x2aa ./Core/Src/main.o
 .debug_macro   0x0001f47b      0x126 ./Core/Src/main.o
 .debug_macro   0x0001f5a1       0x58 ./Core/Src/main.o
 .debug_macro   0x0001f5f9       0x76 ./Core/Src/main.o
 .debug_macro   0x0001f66f      0x297 ./Core/Src/main.o
 .debug_macro   0x0001f906      0x1fd ./Core/Src/main.o
 .debug_macro   0x0001fb03       0x61 ./Core/Src/main.o
 .debug_macro   0x0001fb64       0x2a ./Core/Src/main.o
 .debug_macro   0x0001fb8e       0x43 ./Core/Src/main.o
 .debug_macro   0x0001fbd1       0x34 ./Core/Src/main.o
 .debug_macro   0x0001fc05       0x16 ./Core/Src/main.o
 .debug_macro   0x0001fc1b       0x3c ./Core/Src/main.o
 .debug_macro   0x0001fc57      0x370 ./Core/Src/main.o
 .debug_macro   0x0001ffc7       0x10 ./Core/Src/main.o
 .debug_macro   0x0001ffd7       0x16 ./Core/Src/main.o
 .debug_macro   0x0001ffed       0x4a ./Core/Src/main.o
 .debug_macro   0x00020037       0x34 ./Core/Src/main.o
 .debug_macro   0x0002006b       0x10 ./Core/Src/main.o
 .debug_macro   0x0002007b       0x58 ./Core/Src/main.o
 .debug_macro   0x000200d3       0x8e ./Core/Src/main.o
 .debug_macro   0x00020161       0x1c ./Core/Src/main.o
 .debug_macro   0x0002017d      0x185 ./Core/Src/main.o
 .debug_macro   0x00020302       0x16 ./Core/Src/main.o
 .debug_macro   0x00020318       0x16 ./Core/Src/main.o
 .debug_macro   0x0002032e      0x146 ./Core/Src/main.o
 .debug_macro   0x00020474       0x16 ./Core/Src/main.o
 .debug_macro   0x0002048a       0x20 ./Core/Src/main.o
 .debug_macro   0x000204aa       0x2e ./Core/Src/main.o
 .debug_macro   0x000204d8       0x1c ./Core/Src/main.o
 .debug_macro   0x000204f4      0x1d2 ./Core/Src/main.o
 .debug_macro   0x000206c6      0x1e2 ./Core/Src/stm32f4xx_hal_msp.o
 .debug_macro   0x000208a8      0x1ec ./Core/Src/stm32f4xx_it.o
 .debug_macro   0x00020a94      0x112 ./Core/Src/sysmem.o
 .debug_macro   0x00020ba6      0x23c ./Core/Src/sysmem.o
 .debug_macro   0x00020de2      0x1d3 ./Core/Src/system_stm32f4xx.o
 .debug_macro   0x00020fb5      0x233 ./Drivers/STM32F4xx_HAL_Driver/Src/stm32f4xx_hal.o
 .debug_macro   0x000211e8      0x1d3 ./Drivers/STM32F4xx_HAL_Driver/Src/stm32f4xx_hal_cortex.o
 .debug_macro   0x000213bb      0x1d9 ./Drivers/STM32F4xx_HAL_Driver/Src/stm32f4xx_hal_gpio.o
 .debug_macro   0x00021594      0x221 ./Drivers/STM32F4xx_HAL_Driver/Src/stm32f4xx_hal_i2c.o
 .debug_macro   0x000217b5      0x1f7 ./Drivers/STM32F4xx_HAL_Driver/Src/stm32f4xx_hal_rcc.o
 .debug_macro   0x000219ac      0x1d3 ./Drivers/STM32F4xx_HAL_Driver/Src/stm32f4xx_hal_rcc_ex.o
 .debug_macro   0x00021b7f      0x1d4 ./Drivers/STM32F4xx_HAL_Driver/Src/stm32f4xx_hal_uart.o
 .debug_macro   0x00021d53      0x3b5 ./Drivers/vl53l0x/vl53l0x_api.o
 .debug_macro   0x00022108      0x3b3 ./Drivers/vl53l0x/vl53l0x_api_calibration.o
 .debug_macro   0x000224bb      0x3a1 ./Drivers/vl53l0x/vl53l0x_api_core.o
 .debug_macro   0x0002285c      0x34d ./Drivers/vl53l0x/vl53l0x_tof.o
 .debug_macro   0x00022ba9       0x10 ./Drivers/vl53l0x/vl53l0x_tof.o
 .debug_macro   0x00022bb9       0x56 ./Drivers/vl53l0x/vl53l0x_tof.o
 .debug_macro   0x00022c0f       0x1c ./Drivers/vl53l0x/vl53l0x_tof.o

.debug_line     0x00000000    0x1226f
 .debug_line    0x00000000      0xad2 ./Core/Src/main.o
 .debug_line    0x00000ad2      0x777 ./Core/Src/stm32f4xx_hal_msp.o
 .debug_line    0x00001249      0x78a ./Core/Src/stm32f4xx_it.o
 .debug_line    0x000019d3      0x521 ./Core/Src/sysmem.o
 .debug_line    0x00001ef4      0x751 ./Core/Src/system_stm32f4xx.o
 .debug_line    0x00002645       0x7a ./Core/Startup/startup_stm32f446retx.o
 .debug_line    0x000026bf      0x9cd ./Drivers/STM32F4xx_HAL_Driver/Src/stm32f4xx_hal.o
 .debug_line    0x0000308c      0xc9d ./Drivers/STM32F4xx_HAL_Driver/Src/stm32f4xx_hal_cortex.o
 .debug_line    0x00003d29      0xb11 ./Drivers/STM32F4xx_HAL_Driver/Src/stm32f4xx_hal_gpio.o
 .debug_line    0x0000483a     0x3a7a ./Drivers/STM32F4xx_HAL_Driver/Src/stm32f4xx_hal_i2c.o
 .debug_line    0x000082b4      0xde8 ./Drivers/STM32F4xx_HAL_Driver/Src/stm32f4xx_hal_rcc.o
 .debug_line    0x0000909c     0x1499 ./Drivers/STM32F4xx_HAL_Driver/Src/stm32f4xx_hal_rcc_ex.o
 .debug_line    0x0000a535     0x2515 ./Drivers/STM32F4xx_HAL_Driver/Src/stm32f4xx_hal_uart.o
 .debug_line    0x0000ca4a     0x1eed ./Drivers/vl53l0x/vl53l0x_api.o
 .debug_line    0x0000e937     0x12c5 ./Drivers/vl53l0x/vl53l0x_api_calibration.o
 .debug_line    0x0000fbfc     0x1a70 ./Drivers/vl53l0x/vl53l0x_api_core.o
 .debug_line    0x0001166c      0xc03 ./Drivers/vl53l0x/vl53l0x_tof.o

.debug_str      0x00000000    0xd1a7d
 .debug_str     0x00000000    0xd1a7d ./Core/Src/main.o
                              0xcc528 (size before relaxing)
 .debug_str     0x000d1a7d    0xc49b3 ./Core/Src/stm32f4xx_hal_msp.o
 .debug_str     0x000d1a7d    0xc413b ./Core/Src/stm32f4xx_it.o
 .debug_str     0x000d1a7d     0x777e ./Core/Src/sysmem.o
 .debug_str     0x000d1a7d    0xc4164 ./Core/Src/system_stm32f4xx.o
 .debug_str     0x000d1a7d       0x80 ./Core/Startup/startup_stm32f446retx.o
 .debug_str     0x000d1a7d    0xc4d29 ./Drivers/STM32F4xx_HAL_Driver/Src/stm32f4xx_hal.o
 .debug_str     0x000d1a7d    0xc4a80 ./Drivers/STM32F4xx_HAL_Driver/Src/stm32f4xx_hal_cortex.o
 .debug_str     0x000d1a7d    0xc42df ./Drivers/STM32F4xx_HAL_Driver/Src/stm32f4xx_hal_gpio.o
 .debug_str     0x000d1a7d    0xc5162 ./Drivers/STM32F4xx_HAL_Driver/Src/stm32f4xx_hal_i2c.o
 .debug_str     0x000d1a7d    0xc459d ./Drivers/STM32F4xx_HAL_Driver/Src/stm32f4xx_hal_rcc.o
 .debug_str     0x000d1a7d    0xc45d0 ./Drivers/STM32F4xx_HAL_Driver/Src/stm32f4xx_hal_rcc_ex.o
 .debug_str     0x000d1a7d    0xc4b54 ./Drivers/STM32F4xx_HAL_Driver/Src/stm32f4xx_hal_uart.o
 .debug_str     0x000d1a7d    0xcd8d8 ./Drivers/vl53l0x/vl53l0x_api.o
 .debug_str     0x000d1a7d    0xcc9a8 ./Drivers/vl53l0x/vl53l0x_api_calibration.o
 .debug_str     0x000d1a7d    0xccf23 ./Drivers/vl53l0x/vl53l0x_api_core.o
 .debug_str     0x000d1a7d    0xcbfc1 ./Drivers/vl53l0x/vl53l0x_tof.o

.comment        0x00000000       0x43
 .comment       0x00000000       0x43 ./Core/Src/main.o
                                 0x44 (size before relaxing)
 .comment       0x00000043       0x44 ./Core/Src/stm32f4xx_hal_msp.o
 .comment       0x00000043       0x44 ./Core/Src/stm32f4xx_it.o
 .comment       0x00000043       0x44 ./Core/Src/sysmem.o
 .comment       0x00000043       0x44 ./Core/Src/system_stm32f4xx.o
 .comment       0x00000043       0x44 ./Drivers/STM32F4xx_HAL_Driver/Src/stm32f4xx_hal.o
 .comment       0x00000043       0x44 ./Drivers/STM32F4xx_HAL_Driver/Src/stm32f4xx_hal_cortex.o
 .comment       0x00000043       0x44 ./Drivers/STM32F4xx_HAL_Driver/Src/stm32f4xx_hal_gpio.o
 .comment       0x00000043       0x44 ./Drivers/STM32F4xx_HAL_Driver/Src/stm32f4xx_hal_i2c.o
 .comment       0x00000043       0x44 ./Drivers/STM32F4xx_HAL_Driver/Src/stm32f4xx_hal_rcc.o
 .comment       0x00000043       0x44 ./Drivers/STM32F4xx_HAL_Driver/Src/stm32f4xx_hal_rcc_ex.o
 .comment       0x00000043       0x44 ./Drivers/STM32F4xx_HAL_Driver/Src/stm32f4xx_hal_uart.o
 .comment       0x00000043       0x44 ./Drivers/vl53l0x/vl53l0x_api.o
 .comment       0x00000043       0x44 ./Drivers/vl53l0x/vl53l0x_api_calibration.o
 .comment       0x00000043       0x44 ./Drivers/vl53l0x/vl53l0x_api_core.o
 .comment       0x00000043       0x44 ./Drivers/vl53l0x/vl53l0x_tof.o

.debug_frame    0x00000000     0x4488
 .debug_frame   0x00000000       0xec ./Core/Src/main.o
 .debug_frame   0x000000ec       0xc4 ./Core/Src/stm32f4xx_hal_msp.o
 .debug_frame   0x000001b0      0x104 ./Core/Src/stm32f4xx_it.o
 .debug_frame   0x000002b4       0x34 ./Core/Src/sysmem.o
 .debug_frame   0x000002e8       0x58 ./Core/Src/system_stm32f4xx.o
 .debug_frame   0x00000340      0x374 ./Drivers/STM32F4xx_HAL_Driver/Src/stm32f4xx_hal.o
 .debug_frame   0x000006b4      0x508 ./Drivers/STM32F4xx_HAL_Driver/Src/stm32f4xx_hal_cortex.o
 .debug_frame   0x00000bbc      0x14c ./Drivers/STM32F4xx_HAL_Driver/Src/stm32f4xx_hal_gpio.o
 .debug_frame   0x00000d08      0xc84 ./Drivers/STM32F4xx_HAL_Driver/Src/stm32f4xx_hal_i2c.o
 .debug_frame   0x0000198c      0x1f4 ./Drivers/STM32F4xx_HAL_Driver/Src/stm32f4xx_hal_rcc.o
 .debug_frame   0x00001b80      0x1e8 ./Drivers/STM32F4xx_HAL_Driver/Src/stm32f4xx_hal_rcc_ex.o
 .debug_frame   0x00001d68      0x954 ./Drivers/STM32F4xx_HAL_Driver/Src/stm32f4xx_hal_uart.o
 .debug_frame   0x000026bc      0xe98 ./Drivers/vl53l0x/vl53l0x_api.o
 .debug_frame   0x00003554      0x374 ./Drivers/vl53l0x/vl53l0x_api_calibration.o
 .debug_frame   0x000038c8      0x3c4 ./Drivers/vl53l0x/vl53l0x_api_core.o
 .debug_frame   0x00003c8c      0x1f0 ./Drivers/vl53l0x/vl53l0x_tof.o
 .debug_frame   0x00003e7c       0x74 /Applications/STM32CubeIDE.app/Contents/Eclipse/plugins/com.st.stm32cube.ide.mcu.externaltools.gnu-tools-for-stm32.13.3.rel1.macos64_1.0.0.202411102158/tools/bin/../lib/gcc/arm-none-eabi/13.3.1/../../../../arm-none-eabi/lib/thumb/v7e-m+fp/hard/libc_nano.a(libc_a-sprintf.o)
 .debug_frame   0x00003ef0      0x144 /Applications/STM32CubeIDE.app/Contents/Eclipse/plugins/com.st.stm32cube.ide.mcu.externaltools.gnu-tools-for-stm32.13.3.rel1.macos64_1.0.0.202411102158/tools/bin/../lib/gcc/arm-none-eabi/13.3.1/../../../../arm-none-eabi/lib/thumb/v7e-m+fp/hard/libc_nano.a(libc_a-findfp.o)
 .debug_frame   0x00004034       0x20 /Applications/STM32CubeIDE.app/Contents/Eclipse/plugins/com.st.stm32cube.ide.mcu.externaltools.gnu-tools-for-stm32.13.3.rel1.macos64_1.0.0.202411102158/tools/bin/../lib/gcc/arm-none-eabi/13.3.1/../../../../arm-none-eabi/lib/thumb/v7e-m+fp/hard/libc_nano.a(libc_a-memset.o)
 .debug_frame   0x00004054       0x20 /Applications/STM32CubeIDE.app/Contents/Eclipse/plugins/com.st.stm32cube.ide.mcu.externaltools.gnu-tools-for-stm32.13.3.rel1.macos64_1.0.0.202411102158/tools/bin/../lib/gcc/arm-none-eabi/13.3.1/../../../../arm-none-eabi/lib/thumb/v7e-m+fp/hard/libc_nano.a(libc_a-errno.o)
 .debug_frame   0x00004074       0x2c /Applications/STM32CubeIDE.app/Contents/Eclipse/plugins/com.st.stm32cube.ide.mcu.externaltools.gnu-tools-for-stm32.13.3.rel1.macos64_1.0.0.202411102158/tools/bin/../lib/gcc/arm-none-eabi/13.3.1/../../../../arm-none-eabi/lib/thumb/v7e-m+fp/hard/libc_nano.a(libc_a-init.o)
 .debug_frame   0x000040a0       0xb0 /Applications/STM32CubeIDE.app/Contents/Eclipse/plugins/com.st.stm32cube.ide.mcu.externaltools.gnu-tools-for-stm32.13.3.rel1.macos64_1.0.0.202411102158/tools/bin/../lib/gcc/arm-none-eabi/13.3.1/../../../../arm-none-eabi/lib/thumb/v7e-m+fp/hard/libc_nano.a(libc_a-lock.o)
 .debug_frame   0x00004150       0x20 /Applications/STM32CubeIDE.app/Contents/Eclipse/plugins/com.st.stm32cube.ide.mcu.externaltools.gnu-tools-for-stm32.13.3.rel1.macos64_1.0.0.202411102158/tools/bin/../lib/gcc/arm-none-eabi/13.3.1/../../../../arm-none-eabi/lib/thumb/v7e-m+fp/hard/libc_nano.a(libc_a-strcpy.o)
 .debug_frame   0x00004170       0x28 /Applications/STM32CubeIDE.app/Contents/Eclipse/plugins/com.st.stm32cube.ide.mcu.externaltools.gnu-tools-for-stm32.13.3.rel1.macos64_1.0.0.202411102158/tools/bin/../lib/gcc/arm-none-eabi/13.3.1/../../../../arm-none-eabi/lib/thumb/v7e-m+fp/hard/libc_nano.a(libc_a-memcpy-stub.o)
 .debug_frame   0x00004198       0x90 /Applications/STM32CubeIDE.app/Contents/Eclipse/plugins/com.st.stm32cube.ide.mcu.externaltools.gnu-tools-for-stm32.13.3.rel1.macos64_1.0.0.202411102158/tools/bin/../lib/gcc/arm-none-eabi/13.3.1/../../../../arm-none-eabi/lib/thumb/v7e-m+fp/hard/libc_nano.a(libc_a-nano-svfprintf.o)
 .debug_frame   0x00004228       0x50 /Applications/STM32CubeIDE.app/Contents/Eclipse/plugins/com.st.stm32cube.ide.mcu.externaltools.gnu-tools-for-stm32.13.3.rel1.macos64_1.0.0.202411102158/tools/bin/../lib/gcc/arm-none-eabi/13.3.1/../../../../arm-none-eabi/lib/thumb/v7e-m+fp/hard/libc_nano.a(libc_a-mallocr.o)
 .debug_frame   0x00004278       0x60 /Applications/STM32CubeIDE.app/Contents/Eclipse/plugins/com.st.stm32cube.ide.mcu.externaltools.gnu-tools-for-stm32.13.3.rel1.macos64_1.0.0.202411102158/tools/bin/../lib/gcc/arm-none-eabi/13.3.1/../../../../arm-none-eabi/lib/thumb/v7e-m+fp/hard/libc_nano.a(libc_a-nano-vfprintf_i.o)
 .debug_frame   0x000042d8       0x30 /Applications/STM32CubeIDE.app/Contents/Eclipse/plugins/com.st.stm32cube.ide.mcu.externaltools.gnu-tools-for-stm32.13.3.rel1.macos64_1.0.0.202411102158/tools/bin/../lib/gcc/arm-none-eabi/13.3.1/../../../../arm-none-eabi/lib/thumb/v7e-m+fp/hard/libc_nano.a(libc_a-mlock.o)
 .debug_frame   0x00004308       0x3c /Applications/STM32CubeIDE.app/Contents/Eclipse/plugins/com.st.stm32cube.ide.mcu.externaltools.gnu-tools-for-stm32.13.3.rel1.macos64_1.0.0.202411102158/tools/bin/../lib/gcc/arm-none-eabi/13.3.1/../../../../arm-none-eabi/lib/thumb/v7e-m+fp/hard/libc_nano.a(libc_a-reallocr.o)
 .debug_frame   0x00004344       0x28 /Applications/STM32CubeIDE.app/Contents/Eclipse/plugins/com.st.stm32cube.ide.mcu.externaltools.gnu-tools-for-stm32.13.3.rel1.macos64_1.0.0.202411102158/tools/bin/../lib/gcc/arm-none-eabi/13.3.1/../../../../arm-none-eabi/lib/thumb/v7e-m+fp/hard/libc_nano.a(libc_a-memmove.o)
 .debug_frame   0x0000436c       0x2c /Applications/STM32CubeIDE.app/Contents/Eclipse/plugins/com.st.stm32cube.ide.mcu.externaltools.gnu-tools-for-stm32.13.3.rel1.macos64_1.0.0.202411102158/tools/bin/../lib/gcc/arm-none-eabi/13.3.1/../../../../arm-none-eabi/lib/thumb/v7e-m+fp/hard/libc_nano.a(libc_a-sbrkr.o)
 .debug_frame   0x00004398       0x38 /Applications/STM32CubeIDE.app/Contents/Eclipse/plugins/com.st.stm32cube.ide.mcu.externaltools.gnu-tools-for-stm32.13.3.rel1.macos64_1.0.0.202411102158/tools/bin/../lib/gcc/arm-none-eabi/13.3.1/../../../../arm-none-eabi/lib/thumb/v7e-m+fp/hard/libc_nano.a(libc_a-reent.o)
 .debug_frame   0x000043d0       0x38 /Applications/STM32CubeIDE.app/Contents/Eclipse/plugins/com.st.stm32cube.ide.mcu.externaltools.gnu-tools-for-stm32.13.3.rel1.macos64_1.0.0.202411102158/tools/bin/../lib/gcc/arm-none-eabi/13.3.1/../../../../arm-none-eabi/lib/thumb/v7e-m+fp/hard/libc_nano.a(libc_a-freer.o)
 .debug_frame   0x00004408       0x20 /Applications/STM32CubeIDE.app/Contents/Eclipse/plugins/com.st.stm32cube.ide.mcu.externaltools.gnu-tools-for-stm32.13.3.rel1.macos64_1.0.0.202411102158/tools/bin/../lib/gcc/arm-none-eabi/13.3.1/../../../../arm-none-eabi/lib/thumb/v7e-m+fp/hard/libc_nano.a(libc_a-msizer.o)
 .debug_frame   0x00004428       0x2c /Applications/STM32CubeIDE.app/Contents/Eclipse/plugins/com.st.stm32cube.ide.mcu.externaltools.gnu-tools-for-stm32.13.3.rel1.macos64_1.0.0.202411102158/tools/bin/../lib/gcc/arm-none-eabi/13.3.1/thumb/v7e-m+fp/hard/libgcc.a(_aeabi_uldivmod.o)
 .debug_frame   0x00004454       0x34 /Applications/STM32CubeIDE.app/Contents/Eclipse/plugins/com.st.stm32cube.ide.mcu.externaltools.gnu-tools-for-stm32.13.3.rel1.macos64_1.0.0.202411102158/tools/bin/../lib/gcc/arm-none-eabi/13.3.1/thumb/v7e-m+fp/hard/libgcc.a(_udivmoddi4.o)

.debug_line_str
                0x00000000       0x64
 .debug_line_str
                0x00000000       0x64 ./Core/Startup/startup_stm32f446retx.o